Archive member included because of file (symbol)

/usr/local/gcc-arm-none-eabi-4_8-2014q1/bin/../lib/gcc/arm-none-eabi/4.8.3/../../../../arm-none-eabi/lib/armv6-m/libc_s.a(lib_a-exit.o)
                              /usr/local/gcc-arm-none-eabi-4_8-2014q1/bin/../lib/gcc/arm-none-eabi/4.8.3/../../../../arm-none-eabi/lib/armv6-m/crt0.o (exit)
/usr/local/gcc-arm-none-eabi-4_8-2014q1/bin/../lib/gcc/arm-none-eabi/4.8.3/../../../../arm-none-eabi/lib/armv6-m/libc_s.a(lib_a-impure.o)
                              /usr/local/gcc-arm-none-eabi-4_8-2014q1/bin/../lib/gcc/arm-none-eabi/4.8.3/../../../../arm-none-eabi/lib/armv6-m/libc_s.a(lib_a-exit.o) (_global_impure_ptr)
/usr/local/gcc-arm-none-eabi-4_8-2014q1/bin/../lib/gcc/arm-none-eabi/4.8.3/../../../../arm-none-eabi/lib/armv6-m/libc_s.a(lib_a-init.o)
                              /usr/local/gcc-arm-none-eabi-4_8-2014q1/bin/../lib/gcc/arm-none-eabi/4.8.3/../../../../arm-none-eabi/lib/armv6-m/crt0.o (__libc_init_array)
/usr/local/gcc-arm-none-eabi-4_8-2014q1/bin/../lib/gcc/arm-none-eabi/4.8.3/../../../../arm-none-eabi/lib/armv6-m/libc_s.a(lib_a-memset.o)
                              /usr/local/gcc-arm-none-eabi-4_8-2014q1/bin/../lib/gcc/arm-none-eabi/4.8.3/../../../../arm-none-eabi/lib/armv6-m/crt0.o (memset)
/usr/local/gcc-arm-none-eabi-4_8-2014q1/bin/../lib/gcc/arm-none-eabi/4.8.3/../../../../arm-none-eabi/lib/armv6-m/libnosys.a(_exit.o)
                              /usr/local/gcc-arm-none-eabi-4_8-2014q1/bin/../lib/gcc/arm-none-eabi/4.8.3/../../../../arm-none-eabi/lib/armv6-m/libc_s.a(lib_a-exit.o) (_exit)
/usr/local/gcc-arm-none-eabi-4_8-2014q1/bin/../lib/gcc/arm-none-eabi/4.8.3/armv6-m/libgcc.a(_udivsi3.o)
                              _build/pstorage.o (__aeabi_uidiv)
/usr/local/gcc-arm-none-eabi-4_8-2014q1/bin/../lib/gcc/arm-none-eabi/4.8.3/armv6-m/libgcc.a(_dvmd_tls.o)
                              /usr/local/gcc-arm-none-eabi-4_8-2014q1/bin/../lib/gcc/arm-none-eabi/4.8.3/armv6-m/libgcc.a(_udivsi3.o) (__aeabi_idiv0)
/usr/local/gcc-arm-none-eabi-4_8-2014q1/bin/../lib/gcc/arm-none-eabi/4.8.3/../../../../arm-none-eabi/lib/armv6-m/libc_s.a(lib_a-memcmp.o)
                              _build/device_manager_central.o (memcmp)
/usr/local/gcc-arm-none-eabi-4_8-2014q1/bin/../lib/gcc/arm-none-eabi/4.8.3/../../../../arm-none-eabi/lib/armv6-m/libc_s.a(lib_a-memcpy-stub.o)
                              _build/pstorage.o (memcpy)
/usr/local/gcc-arm-none-eabi-4_8-2014q1/bin/../lib/gcc/arm-none-eabi/4.8.3/../../../../arm-none-eabi/lib/armv6-m/libc_s.a(lib_a-printf.o)
                              _build/bsp.o (printf)
/usr/local/gcc-arm-none-eabi-4_8-2014q1/bin/../lib/gcc/arm-none-eabi/4.8.3/../../../../arm-none-eabi/lib/armv6-m/libc_s.a(lib_a-strlen.o)
                              _build/ble_srv_common.o (strlen)
/usr/local/gcc-arm-none-eabi-4_8-2014q1/bin/../lib/gcc/arm-none-eabi/4.8.3/../../../../arm-none-eabi/lib/armv6-m/libc_s.a(lib_a-vfprintf.o)
                              /usr/local/gcc-arm-none-eabi-4_8-2014q1/bin/../lib/gcc/arm-none-eabi/4.8.3/../../../../arm-none-eabi/lib/armv6-m/libc_s.a(lib_a-printf.o) (_vfprintf_r)
/usr/local/gcc-arm-none-eabi-4_8-2014q1/bin/../lib/gcc/arm-none-eabi/4.8.3/../../../../arm-none-eabi/lib/armv6-m/libc_s.a(lib_a-vfprintf_i.o)
                              /usr/local/gcc-arm-none-eabi-4_8-2014q1/bin/../lib/gcc/arm-none-eabi/4.8.3/../../../../arm-none-eabi/lib/armv6-m/libc_s.a(lib_a-vfprintf.o) (_printf_i)
/usr/local/gcc-arm-none-eabi-4_8-2014q1/bin/../lib/gcc/arm-none-eabi/4.8.3/../../../../arm-none-eabi/lib/armv6-m/libc_s.a(lib_a-wbuf.o)
                              /usr/local/gcc-arm-none-eabi-4_8-2014q1/bin/../lib/gcc/arm-none-eabi/4.8.3/../../../../arm-none-eabi/lib/armv6-m/libc_s.a(lib_a-vfprintf.o) (__swbuf_r)
/usr/local/gcc-arm-none-eabi-4_8-2014q1/bin/../lib/gcc/arm-none-eabi/4.8.3/../../../../arm-none-eabi/lib/armv6-m/libc_s.a(lib_a-wsetup.o)
                              /usr/local/gcc-arm-none-eabi-4_8-2014q1/bin/../lib/gcc/arm-none-eabi/4.8.3/../../../../arm-none-eabi/lib/armv6-m/libc_s.a(lib_a-vfprintf.o) (__swsetup_r)
/usr/local/gcc-arm-none-eabi-4_8-2014q1/bin/../lib/gcc/arm-none-eabi/4.8.3/../../../../arm-none-eabi/lib/armv6-m/libc_s.a(lib_a-fflush.o)
                              /usr/local/gcc-arm-none-eabi-4_8-2014q1/bin/../lib/gcc/arm-none-eabi/4.8.3/../../../../arm-none-eabi/lib/armv6-m/libc_s.a(lib_a-wbuf.o) (_fflush_r)
/usr/local/gcc-arm-none-eabi-4_8-2014q1/bin/../lib/gcc/arm-none-eabi/4.8.3/../../../../arm-none-eabi/lib/armv6-m/libc_s.a(lib_a-findfp.o)
                              /usr/local/gcc-arm-none-eabi-4_8-2014q1/bin/../lib/gcc/arm-none-eabi/4.8.3/../../../../arm-none-eabi/lib/armv6-m/libc_s.a(lib_a-printf.o) (__sinit)
/usr/local/gcc-arm-none-eabi-4_8-2014q1/bin/../lib/gcc/arm-none-eabi/4.8.3/../../../../arm-none-eabi/lib/armv6-m/libc_s.a(lib_a-fvwrite.o)
[...]
Memory Configuration

Name             Origin             Length             Attributes
FLASH            0x0001d000         0x00023000         xr
RAM              0x20002800         0x00001800         xrw
*default*        0x00000000         0xffffffff

Linker script and memory map

LOAD /usr/local/gcc-arm-none-eabi-4_8-2014q1/bin/../lib/gcc/arm-none-eabi/4.8.3/armv6-m/crti.o
LOAD /usr/local/gcc-arm-none-eabi-4_8-2014q1/bin/../lib/gcc/arm-none-eabi/4.8.3/armv6-m/crtbegin.o
LOAD /usr/local/gcc-arm-none-eabi-4_8-2014q1/bin/../lib/gcc/arm-none-eabi/4.8.3/../../../../arm-none-eabi/lib/armv6-m/crt0.o
LOAD /usr/local/gcc-arm-none-eabi-4_8-2014q1/bin/../lib/gcc/arm-none-eabi/4.8.3/../../../../arm-none-eabi/lib/armv6-m/libc_s.a
LOAD /usr/local/gcc-arm-none-eabi-4_8-2014q1/bin/../lib/gcc/arm-none-eabi/4.8.3/../../../../arm-none-eabi/lib/armv6-m/libnosys.a
LOAD _build/app_button.o
LOAD _build/app_error.o
LOAD _build/app_fifo.o
LOAD _build/app_timer.o
LOAD _build/app_trace.o
LOAD _build/nrf_assert.o
LOAD _build/retarget.o
LOAD _build/app_uart_fifo.o
LOAD _build/nrf_delay.o
LOAD _build/nrf_drv_common.o
LOAD _build/nrf_drv_gpiote.o
LOAD _build/pstorage.o
LOAD _build/bsp.o
LOAD _build/bsp_btn_ble.o
LOAD _build/main.o
LOAD _build/ble_advdata.o
LOAD _build/ble_bas_c.o
LOAD _build/ble_db_discovery.o
LOAD _build/ble_hrs_c.o
LOAD _build/ble_srv_common.o
LOAD _build/device_manager_central.o
LOAD _build/system_nrf51.o
LOAD _build/softdevice_handler.o
LOAD _build/gcc_startup_nrf51.o
START GROUP
LOAD /usr/local/gcc-arm-none-eabi-4_8-2014q1/bin/../lib/gcc/arm-none-eabi/4.8.3/armv6-m/libgcc.a
LOAD /usr/local/gcc-arm-none-eabi-4_8-2014q1/bin/../lib/gcc/arm-none-eabi/4.8.3/../../../../arm-none-eabi/lib/armv6-m/libc_s.a
END GROUP
START GROUP
LOAD /usr/local/gcc-arm-none-eabi-4_8-2014q1/bin/../lib/gcc/arm-none-eabi/4.8.3/armv6-m/libgcc.a
LOAD /usr/local/gcc-arm-none-eabi-4_8-2014q1/bin/../lib/gcc/arm-none-eabi/4.8.3/../../../../arm-none-eabi/lib/armv6-m/libc_s.a
END GROUP
LOAD /usr/local/gcc-arm-none-eabi-4_8-2014q1/bin/../lib/gcc/arm-none-eabi/4.8.3/armv6-m/crtend.o
LOAD /usr/local/gcc-arm-none-eabi-4_8-2014q1/bin/../lib/gcc/arm-none-eabi/4.8.3/armv6-m/crtn.o
START GROUP
LOAD /usr/local/gcc-arm-none-eabi-4_8-2014q1/bin/../lib/gcc/arm-none-eabi/4.8.3/armv6-m/libgcc.a
LOAD /usr/local/gcc-arm-none-eabi-4_8-2014q1/bin/../lib/gcc/arm-none-eabi/4.8.3/../../../../arm-none-eabi/lib/armv6-m/libc.a
LOAD /usr/local/gcc-arm-none-eabi-4_8-2014q1/bin/../lib/gcc/arm-none-eabi/4.8.3/../../../../arm-none-eabi/lib/armv6-m/libnosys.a
END GROUP

.text           0x0001d000     0x5f54
 *(.Vectors)
 .Vectors       0x0001d000       0xc0 _build/gcc_startup_nrf51.o
                0x0001d000                __Vectors
 *(.text*)
 .text          0x0001d0c0       0x78 /usr/local/gcc-arm-none-eabi-4_8-2014q1/bin/../lib/gcc/arm-none-eabi/4.8.3/../../../../arm-none-eabi/lib/armv6-m/crt0.o
                0x0001d0c0                _mainCRTStartup
                0x0001d0c0                _start
 .text.exit     0x0001d138       0x2c /usr/local/gcc-arm-none-eabi-4_8-2014q1/bin/../lib/gcc/arm-none-eabi/4.8.3/../../../../arm-none-eabi/lib/armv6-m/libc_s.a(lib_a-exit.o)
                0x0001d138                exit
 .text.__libc_init_array
                0x0001d164       0x4c /usr/local/gcc-arm-none-eabi-4_8-2014q1/bin/../lib/gcc/arm-none-eabi/4.8.3/../../../../arm-none-eabi/lib/armv6-m/libc_s.a(lib_a-init.o)
                0x0001d164                __libc_init_array
 .text.memset   0x0001d1b0       0x10 /usr/local/gcc-arm-none-eabi-4_8-2014q1/bin/../lib/gcc/arm-none-eabi/4.8.3/../../../../arm-none-eabi/lib/armv6-m/libc_s.a(lib_a-memset.o)
                0x0001d1b0                memset
 .text._exit    0x0001d1c0        0x4 /usr/local/gcc-arm-none-eabi-4_8-2014q1/bin/../lib/gcc/arm-none-eabi/4.8.3/../../../../arm-none-eabi/lib/armv6-m/libnosys.a(_exit.o)
                0x0001d1c0                _exit
 .text.app_error_handler
                0x0001d1c4       0x18 _build/app_error.o
                0x0001d1c4                app_error_handler
 .text.app_fifo_init
                0x0001d1dc       0x28 _build/app_fifo.o
                0x0001d1dc                app_fifo_init
 .text.app_fifo_put
                0x0001d204       0x28 _build/app_fifo.o
                0x0001d204                app_fifo_put
 .text.app_fifo_get
                0x0001d22c       0x24 _build/app_fifo.o
                0x0001d22c                app_fifo_get
 .text.rtc1_stop
                0x0001d250       0x7c _build/app_timer.o
 .text.RTC1_IRQHandler
                0x0001d2cc       0xec _build/app_timer.o
                0x0001d2cc                RTC1_IRQHandler
 .text.SWI0_IRQHandler
                0x0001d3b8      0x4d0 _build/app_timer.o
                0x0001d3b8                SWI0_IRQHandler
 .text.app_timer_init
                0x0001d888      0x124 _build/app_timer.o
                0x0001d888                app_timer_init
 .text.app_timer_create
                0x0001d9ac       0x68 _build/app_timer.o
                0x0001d9ac                app_timer_create
 .text.app_timer_start
                0x0001da14      0x11c _build/app_timer.o
                0x0001da14                app_timer_start
 .text.app_timer_stop
                0x0001db30       0xe8 _build/app_timer.o
                0x0001db30                app_timer_stop
 .text._write   0x0001dc18       0x1c _build/retarget.o
                0x0001dc18                _write
 .text._read    0x0001dc34       0x14 _build/retarget.o
                0x0001dc34                _read
 .text.on_cts_low
                0x0001dc48       0x94 _build/app_uart_fifo.o
 .text.on_tx_ready
                0x0001dcdc       0x98 _build/app_uart_fifo.o
 .text.gpiote_uart_event_handler
                0x0001dd74       0xc0 _build/app_uart_fifo.o
 .text.UART0_IRQHandler
                0x0001de34       0xa0 _build/app_uart_fifo.o
                0x0001de34                UART0_IRQHandler
 .text.app_uart_init
                0x0001ded4      0x23c _build/app_uart_fifo.o
                0x0001ded4                app_uart_init
 .text.app_uart_get
                0x0001e110       0x10 _build/app_uart_fifo.o
                0x0001e110                app_uart_get
 .text.app_uart_put
                0x0001e120       0x80 _build/app_uart_fifo.o
                0x0001e120                app_uart_put
 .text.nrf_drv_common_irq_enable
                0x0001e1a0       0x7c _build/nrf_drv_common.o
                0x0001e1a0                nrf_drv_common_irq_enable
 .text.nrf_drv_gpiote_init
                0x0001e21c       0x70 _build/nrf_drv_gpiote.o
                0x0001e21c                nrf_drv_gpiote_init
 .text.nrf_drv_gpiote_is_init
                0x0001e28c       0x10 _build/nrf_drv_gpiote.o
                0x0001e28c                nrf_drv_gpiote_is_init
 .text.nrf_drv_gpiote_out_init
                0x0001e29c       0xd0 _build/nrf_drv_gpiote.o
                0x0001e29c                nrf_drv_gpiote_out_init
 .text.nrf_drv_gpiote_in_init
                0x0001e36c      0x1c4 _build/nrf_drv_gpiote.o
                0x0001e36c                nrf_drv_gpiote_in_init
 .text.nrf_drv_gpiote_in_event_enable
                0x0001e530       0x98 _build/nrf_drv_gpiote.o
                0x0001e530                nrf_drv_gpiote_in_event_enable
 .text.nrf_drv_gpiote_in_is_set
                0x0001e5c8       0x14 _build/nrf_drv_gpiote.o
                0x0001e5c8                nrf_drv_gpiote_in_is_set
 .text.GPIOTE_IRQHandler
                0x0001e5dc      0x254 _build/nrf_drv_gpiote.o
                0x0001e5dc                GPIOTE_IRQHandler
 .text.sd_flash_write
                0x0001e830        0x4 _build/pstorage.o
 .text.sd_flash_page_erase
                0x0001e834        0x4 _build/pstorage.o
 .text.swap_state_process
                0x0001e838      0x1d4 _build/pstorage.o
 .text.cmd_process
                0x0001ea0c       0xf4 _build/pstorage.o
 .text.cmd_queue_enqueue
                0x0001eb00       0x60 _build/pstorage.o
 .text.pstorage_sys_event_handler
                0x0001eb60      0x1b0 _build/pstorage.o
                0x0001eb60                pstorage_sys_event_handler
 .text.pstorage_init
                0x0001ed10      0x178 _build/pstorage.o
                0x0001ed10                pstorage_init
 .text.pstorage_register
                0x0001ee88      0x138 _build/pstorage.o
                0x0001ee88                pstorage_register
 .text.pstorage_block_identifier_get
                0x0001efc0       0x50 _build/pstorage.o
                0x0001efc0                pstorage_block_identifier_get
 .text.pstorage_store
                0x0001f010       0x88 _build/pstorage.o
                0x0001f010                pstorage_store
 .text.pstorage_update
                0x0001f098       0x88 _build/pstorage.o
                0x0001f098                pstorage_update
 .text.pstorage_load
                0x0001f120       0xac _build/pstorage.o
                0x0001f120                pstorage_load
 .text.pstorage_clear
                0x0001f1cc       0x68 _build/pstorage.o
                0x0001f1cc                pstorage_clear
 .text.pstorage_access_status_get
                0x0001f234       0x28 _build/pstorage.o
                0x0001f234                pstorage_access_status_get
 .text.alert_timer_handler
                0x0001f25c       0x28 _build/bsp.o
 .text.leds_timer_handler
                0x0001f284      0x23c _build/bsp.o
 .text.bsp_button_is_pressed
                0x0001f4c0        0x8 _build/bsp.o
                0x0001f4c0                bsp_button_is_pressed
 .text.bsp_indication_set
                0x0001f4c8      0x30c _build/bsp.o
                0x0001f4c8                bsp_indication_set
 .text.bsp_init
                0x0001f7d4       0x60 _build/bsp.o
                0x0001f7d4                bsp_init
 .text.bsp_event_to_button_action_assign
                0x0001f834        0x4 _build/bsp.o
                0x0001f834                bsp_event_to_button_action_assign
 .text.bsp_wakeup_buttons_set
                0x0001f838        0x4 _build/bsp.o
                0x0001f838                bsp_wakeup_buttons_set
 .text.bsp_btn_ble_sleep_mode_prepare
                0x0001f83c       0x1c _build/bsp_btn_ble.o
                0x0001f83c                bsp_btn_ble_sleep_mode_prepare
 .text.bsp_btn_ble_on_ble_evt
                0x0001f858       0xbc _build/bsp_btn_ble.o
                0x0001f858                bsp_btn_ble_on_ble_evt
 .text.bsp_btn_ble_init
                0x0001f914       0x98 _build/bsp_btn_ble.o
                0x0001f914                bsp_btn_ble_init
 .text.sd_power_system_off
                0x0001f9ac        0x4 _build/main.o
 .text.sd_app_evt_wait
                0x0001f9b0        0x4 _build/main.o
 .text.sd_ble_gap_conn_param_update
                0x0001f9b4        0x4 _build/main.o
 .text.sd_ble_gap_disconnect
                0x0001f9b8        0x4 _build/main.o
 .text.sd_ble_gap_scan_start
                0x0001f9bc        0x4 _build/main.o
 .text.sd_ble_gap_scan_stop
                0x0001f9c0        0x4 _build/main.o
 .text.sd_ble_gap_connect
                0x0001f9c4        0x4 _build/main.o
 .text.sd_ble_enable
                0x0001f9c8        0x4 _build/main.o
 .text.uart_error_handle
                0x0001f9cc       0x18 _build/main.o
                0x0001f9cc                uart_error_handle
 .text.scan_start
                0x0001f9e4       0x98 _build/main.o
 .text.sys_evt_dispatch
                0x0001fa7c       0x28 _build/main.o
 .text.ble_evt_dispatch
                0x0001faa4      0x138 _build/main.o
 .text.device_manager_event_handler
                0x0001fbdc       0xe0 _build/main.o
 .text.bsp_event_handler
                0x0001fcbc       0x6c _build/main.o
                0x0001fcbc                bsp_event_handler
 .text.hrs_c_evt_handler
                0x0001fd28       0x54 _build/main.o
 .text.bas_c_evt_handler
                0x0001fd7c       0x48 _build/main.o
 .text.assert_nrf_callback
                0x0001fdc4       0x14 _build/main.o
                0x0001fdc4                assert_nrf_callback
 .text.startup.main
                0x0001fdd8      0x218 _build/main.o
                0x0001fdd8                main
 .text.sd_ble_gattc_read
                0x0001fff0        0x4 _build/ble_bas_c.o
 .text.sd_ble_gattc_write
                0x0001fff4        0x4 _build/ble_bas_c.o
 .text.db_discovery_evt_handler
                0x0001fff8       0x88 _build/ble_bas_c.o
 .text.ble_bas_c_init
                0x00020080       0x44 _build/ble_bas_c.o
                0x00020080                ble_bas_c_init
 .text.ble_bas_c_on_ble_evt
                0x000200c4       0xa8 _build/ble_bas_c.o
                0x000200c4                ble_bas_c_on_ble_evt
 .text.ble_bas_c_bl_notif_enable
                0x0002016c       0x84 _build/ble_bas_c.o
                0x0002016c                ble_bas_c_bl_notif_enable
 .text.ble_bas_c_bl_read
                0x000201f0       0x68 _build/ble_bas_c.o
                0x000201f0                ble_bas_c_bl_read
 .text.sd_ble_gattc_primary_services_discover
                0x00020258        0x4 _build/ble_db_discovery.o
 .text.sd_ble_gattc_characteristics_discover
                0x0002025c        0x4 _build/ble_db_discovery.o
 .text.sd_ble_gattc_descriptors_discover
                0x00020260        0x4 _build/ble_db_discovery.o
 .text.discovery_complete_evt_trigger
                0x00020264       0xfc _build/ble_db_discovery.o
 .text.descriptors_discover
                0x00020360       0xb0 _build/ble_db_discovery.o
 .text.on_srv_disc_completion
                0x00020410      0x120 _build/ble_db_discovery.o
 .text.ble_db_discovery_init
                0x00020530       0x28 _build/ble_db_discovery.o
                0x00020530                ble_db_discovery_init
 .text.ble_db_discovery_evt_register
                0x00020558       0x54 _build/ble_db_discovery.o
                0x00020558                ble_db_discovery_evt_register
 .text.ble_db_discovery_start
                0x000205ac       0x70 _build/ble_db_discovery.o
                0x000205ac                ble_db_discovery_start
 .text.ble_db_discovery_on_ble_evt
                0x0002061c      0x59c _build/ble_db_discovery.o
                0x0002061c                ble_db_discovery_on_ble_evt
 .text.sd_ble_gattc_read
                0x00020bb8        0x4 _build/ble_hrs_c.o
 .text.sd_ble_gattc_write
                0x00020bbc        0x4 _build/ble_hrs_c.o
 .text.db_discover_evt_handler
                0x00020bc0       0x88 _build/ble_hrs_c.o
 .text.ble_hrs_c_init
                0x00020c48       0x44 _build/ble_hrs_c.o
                0x00020c48                ble_hrs_c_init
 .text.ble_hrs_c_on_ble_evt
                0x00020c8c       0x9c _build/ble_hrs_c.o
                0x00020c8c                ble_hrs_c_on_ble_evt
 .text.ble_hrs_c_hrm_notif_enable
                0x00020d28       0x84 _build/ble_hrs_c.o
                0x00020d28                ble_hrs_c_hrm_notif_enable
 .text.sd_ble_gap_authenticate
                0x00020dac        0x4 _build/device_manager_central.o
 .text.sd_ble_gap_sec_params_reply
                0x00020db0        0x4 _build/device_manager_central.o
 .text.sd_ble_gap_encrypt
                0x00020db4        0x4 _build/device_manager_central.o
 .text.sd_ble_gatts_sys_attr_set
                0x00020db8        0x4 _build/device_manager_central.o
 .text.sd_ble_gatts_sys_attr_get
                0x00020dbc        0x4 _build/device_manager_central.o
 .text.storage_operation_dummy_handler
                0x00020dc0        0x4 _build/device_manager_central.o
 .text.no_service_context_store
                0x00020dc4        0x4 _build/device_manager_central.o
 .text.gattc_context_store
                0x00020dc8        0x4 _build/device_manager_central.o
 .text.no_service_context_load
                0x00020dcc        0x4 _build/device_manager_central.o
 .text.gattc_context_load
                0x00020dd0        0x4 _build/device_manager_central.o
 .text.no_service_context_apply
                0x00020dd4        0x4 _build/device_manager_central.o
 .text.gatts_context_apply
                0x00020dd8       0x58 _build/device_manager_central.o
 .text.gattc_context_apply
                0x00020e30        0x4 _build/device_manager_central.o
 .text.gatts_context_store
                0x00020e34       0xbc _build/device_manager_central.o
 .text.gatts_context_load
                0x00020ef0       0x38 _build/device_manager_central.o
 .text.dm_pstorage_cb_handler
                0x00020f28      0x178 _build/device_manager_central.o
 .text.gattsc_context_load
                0x000210a0       0x38 _build/device_manager_central.o
 .text.gattsc_context_apply
                0x000210d8       0x58 _build/device_manager_central.o
 .text.gattsc_context_store
                0x00021130       0xbc _build/device_manager_central.o
 .text.initiate_security_request
                0x000211ec       0x68 _build/device_manager_central.o
                0x000211ec                initiate_security_request
 .text.dm_init  0x00021254      0x134 _build/device_manager_central.o
                0x00021254                dm_init
 .text.dm_register
                0x00021388       0x5c _build/device_manager_central.o
                0x00021388                dm_register
 .text.dm_security_setup_req
                0x000213e4      0x13c _build/device_manager_central.o
                0x000213e4                dm_security_setup_req
 .text.dm_whitelist_create
                0x00021520       0xd0 _build/device_manager_central.o
                0x00021520                dm_whitelist_create
 .text.dm_ble_evt_handler
                0x000215f0      0x4cc _build/device_manager_central.o
                0x000215f0                dm_ble_evt_handler
 .text.SystemInit
                0x00021abc       0x8c _build/system_nrf51.o
                0x00021abc                SystemInit
 .text.sd_nvic_EnableIRQ
                0x00021b48        0x4 _build/softdevice_handler.o
 .text.sd_evt_get
                0x00021b4c        0x4 _build/softdevice_handler.o
 .text.sd_softdevice_enable
                0x00021b50        0x4 _build/softdevice_handler.o
 .text.sd_ble_evt_get
                0x00021b54        0x4 _build/softdevice_handler.o
 .text.softdevice_assertion_handler
                0x00021b58        0xc _build/softdevice_handler.o
                0x00021b58                softdevice_assertion_handler
 .text.intern_softdevice_events_execute
                0x00021b64       0xd0 _build/softdevice_handler.o
                0x00021b64                intern_softdevice_events_execute
 .text.softdevice_handler_init
                0x00021c34       0x4c _build/softdevice_handler.o
                0x00021c34                softdevice_handler_init
 .text.softdevice_ble_evt_handler_set
                0x00021c80       0x14 _build/softdevice_handler.o
                0x00021c80                softdevice_ble_evt_handler_set
 .text.softdevice_sys_evt_handler_set
                0x00021c94       0x14 _build/softdevice_handler.o
                0x00021c94                softdevice_sys_evt_handler_set
 .text.SWI2_IRQHandler
                0x00021ca8       0x28 _build/softdevice_handler.o
                0x00021ca8                SWI2_IRQHandler
 .text          0x00021cd0       0x54 _build/gcc_startup_nrf51.o
                0x00021cd0                Reset_Handler
                0x00021d18                NMI_Handler
                0x00021d1a                HardFault_Handler
                0x00021d1c                SVC_Handler
                0x00021d1e                PendSV_Handler
                0x00021d20                SysTick_Handler
                0x00021d22                TIMER2_IRQHandler
                0x00021d22                SPI0_TWI0_IRQHandler
                0x00021d22                RTC0_IRQHandler
                0x00021d22                POWER_CLOCK_IRQHandler
                0x00021d22                RADIO_IRQHandler
                0x00021d22                LPCOMP_IRQHandler
                0x00021d22                SWI4_IRQHandler
                0x00021d22                TEMP_IRQHandler
                0x00021d22                QDEC_IRQHandler
                0x00021d22                SWI5_IRQHandler
                0x00021d22                TIMER0_IRQHandler
                0x00021d22                TIMER1_IRQHandler
                0x00021d22                ECB_IRQHandler
                0x00021d22                Default_Handler
                0x00021d22                ADC_IRQHandler
                0x00021d22                SWI3_IRQHandler
                0x00021d22                CCM_AAR_IRQHandler
                0x00021d22                WDT_IRQHandler
                0x00021d22                RNG_IRQHandler
                0x00021d22                SPI1_TWI1_IRQHandler
                0x00021d22                SWI1_IRQHandler
 .text          0x00021d24       0x9c /usr/local/gcc-arm-none-eabi-4_8-2014q1/bin/../lib/gcc/arm-none-eabi/4.8.3/armv6-m/libgcc.a(_udivsi3.o)
                0x00021d24                __udivsi3
                0x00021d24                __aeabi_uidiv
                0x00021dac                __aeabi_uidivmod
 .text          0x00021dc0        0x4 /usr/local/gcc-arm-none-eabi-4_8-2014q1/bin/../lib/gcc/arm-none-eabi/4.8.3/armv6-m/libgcc.a(_dvmd_tls.o)
                0x00021dc0                __aeabi_ldiv0
                0x00021dc0                __aeabi_idiv0
 .text.memcmp   0x00021dc4       0x1e /usr/local/gcc-arm-none-eabi-4_8-2014q1/bin/../lib/gcc/arm-none-eabi/4.8.3/../../../../arm-none-eabi/lib/armv6-m/libc_s.a(lib_a-memcmp.o)
                0x00021dc4                memcmp
 .text.memcpy   0x00021de2       0x12 /usr/local/gcc-arm-none-eabi-4_8-2014q1/bin/../lib/gcc/arm-none-eabi/4.8.3/../../../../arm-none-eabi/lib/armv6-m/libc_s.a(lib_a-memcpy-stub.o)
                0x00021de2                memcpy
 .text.printf   0x00021df4       0x34 /usr/local/gcc-arm-none-eabi-4_8-2014q1/bin/../lib/gcc/arm-none-eabi/4.8.3/../../../../arm-none-eabi/lib/armv6-m/libc_s.a(lib_a-printf.o)
                0x00021df4                printf
                0x00021df4                iprintf
 .text.strlen   0x00021e28        0xe /usr/local/gcc-arm-none-eabi-4_8-2014q1/bin/../lib/gcc/arm-none-eabi/4.8.3/../../../../arm-none-eabi/lib/armv6-m/libc_s.a(lib_a-strlen.o)
                0x00021e28                strlen
 .text.__sfputc_r
                0x00021e36       0x2a /usr/local/gcc-arm-none-eabi-4_8-2014q1/bin/../lib/gcc/arm-none-eabi/4.8.3/../../../../arm-none-eabi/lib/armv6-m/libc_s.a(lib_a-vfprintf.o)
 .text.__sfputs_r
                0x00021e60       0x24 /usr/local/gcc-arm-none-eabi-4_8-2014q1/bin/../lib/gcc/arm-none-eabi/4.8.3/../../../../arm-none-eabi/lib/armv6-m/libc_s.a(lib_a-vfprintf.o)
                0x00021e60                __sfputs_r
 .text._vfprintf_r
                0x00021e84      0x210 /usr/local/gcc-arm-none-eabi-4_8-2014q1/bin/../lib/gcc/arm-none-eabi/4.8.3/../../../../arm-none-eabi/lib/armv6-m/libc_s.a(lib_a-vfprintf.o)
                0x00021e84                _vfiprintf_r
                0x00021e84                _vfprintf_r
 .text._printf_common
                0x00022094       0xe8 /usr/local/gcc-arm-none-eabi-4_8-2014q1/bin/../lib/gcc/arm-none-eabi/4.8.3/../../../../arm-none-eabi/lib/armv6-m/libc_s.a(lib_a-vfprintf_i.o)
                0x00022094                _printf_common
 .text._printf_i
                0x0002217c      0x22c /usr/local/gcc-arm-none-eabi-4_8-2014q1/bin/../lib/gcc/arm-none-eabi/4.8.3/../../../../arm-none-eabi/lib/armv6-m/libc_s.a(lib_a-vfprintf_i.o)
                0x0002217c                _printf_i
 .text.__swbuf_r
                0x000223a8       0xb0 /usr/local/gcc-arm-none-eabi-4_8-2014q1/bin/../lib/gcc/arm-none-eabi/4.8.3/../../../../arm-none-eabi/lib/armv6-m/libc_s.a(lib_a-wbuf.o)
                0x000223a8                __swbuf_r
 .text.__swsetup_r
                0x00022458       0xe4 /usr/local/gcc-arm-none-eabi-4_8-2014q1/bin/../lib/gcc/arm-none-eabi/4.8.3/../../../../arm-none-eabi/lib/armv6-m/libc_s.a(lib_a-wsetup.o)
                0x00022458                __swsetup_r
 .text.__sflush_r
                0x0002253c      0x112 /usr/local/gcc-arm-none-eabi-4_8-2014q1/bin/../lib/gcc/arm-none-eabi/4.8.3/../../../../arm-none-eabi/lib/armv6-m/libc_s.a(lib_a-fflush.o)
                0x0002253c                __sflush_r
 *fill*         0x0002264e        0x2 
 .text._fflush_r
                0x00022650       0x58 /usr/local/gcc-arm-none-eabi-4_8-2014q1/bin/../lib/gcc/arm-none-eabi/4.8.3/../../../../arm-none-eabi/lib/armv6-m/libc_s.a(lib_a-fflush.o)
                0x00022650                _fflush_r
 .text._cleanup_r
                0x000226a8       0x34 /usr/local/gcc-arm-none-eabi-4_8-2014q1/bin/../lib/gcc/arm-none-eabi/4.8.3/../../../../arm-none-eabi/lib/armv6-m/libc_s.a(lib_a-findfp.o)
                0x000226a8                _cleanup_r
 .text.std.isra.0
                0x000226dc       0x48 /usr/local/gcc-arm-none-eabi-4_8-2014q1/bin/../lib/gcc/arm-none-eabi/4.8.3/../../../../arm-none-eabi/lib/armv6-m/libc_s.a(lib_a-findfp.o)
 .text.__sfmoreglue
                0x00022724       0x2c /usr/local/gcc-arm-none-eabi-4_8-2014q1/bin/../lib/gcc/arm-none-eabi/4.8.3/../../../../arm-none-eabi/lib/armv6-m/libc_s.a(lib_a-findfp.o)
                0x00022724                __sfmoreglue
 .text.__sinit  0x00022750       0x64 /usr/local/gcc-arm-none-eabi-4_8-2014q1/bin/../lib/gcc/arm-none-eabi/4.8.3/../../../../arm-none-eabi/lib/armv6-m/libc_s.a(lib_a-findfp.o)
                0x00022750                __sinit
 .text.__sfp    0x000227b4       0x7c /usr/local/gcc-arm-none-eabi-4_8-2014q1/bin/../lib/gcc/arm-none-eabi/4.8.3/../../../../arm-none-eabi/lib/armv6-m/libc_s.a(lib_a-findfp.o)
                0x000227b4                __sfp
 .text.__smakebuf_r
                0x00022830       0xa0 /usr/local/gcc-arm-none-eabi-4_8-2014q1/bin/../lib/gcc/arm-none-eabi/4.8.3/../../../../arm-none-eabi/lib/armv6-m/libc_s.a(lib_a-makebuf.o)
                0x00022830                __smakebuf_r
 .text.memchr   0x000228d0       0x16 /usr/local/gcc-arm-none-eabi-4_8-2014q1/bin/../lib/gcc/arm-none-eabi/4.8.3/../../../../arm-none-eabi/lib/armv6-m/libc_s.a(lib_a-memchr-stub.o)
                0x000228d0                memchr
 *fill*         0x000228e6        0x2 
 .text._free_r  0x000228e8       0x90 /usr/local/gcc-arm-none-eabi-4_8-2014q1/bin/../lib/gcc/arm-none-eabi/4.8.3/../../../../arm-none-eabi/lib/armv6-m/libc_s.a(lib_a-nano-freer.o)
                0x000228e8                _free_r
 .text._malloc_r
                0x00022978       0xa8 /usr/local/gcc-arm-none-eabi-4_8-2014q1/bin/../lib/gcc/arm-none-eabi/4.8.3/../../../../arm-none-eabi/lib/armv6-m/libc_s.a(lib_a-nano-mallocr.o)
                0x00022978                _malloc_r
 .text._sbrk_r  0x00022a20       0x24 /usr/local/gcc-arm-none-eabi-4_8-2014q1/bin/../lib/gcc/arm-none-eabi/4.8.3/../../../../arm-none-eabi/lib/armv6-m/libc_s.a(lib_a-sbrkr.o)
                0x00022a20                _sbrk_r
 .text.__sread  0x00022a44       0x28 /usr/local/gcc-arm-none-eabi-4_8-2014q1/bin/../lib/gcc/arm-none-eabi/4.8.3/../../../../arm-none-eabi/lib/armv6-m/libc_s.a(lib_a-stdio.o)
                0x00022a44                __sread
 .text.__swrite
                0x00022a6c       0x38 /usr/local/gcc-arm-none-eabi-4_8-2014q1/bin/../lib/gcc/arm-none-eabi/4.8.3/../../../../arm-none-eabi/lib/armv6-m/libc_s.a(lib_a-stdio.o)
                0x00022a6c                __swrite
 .text.__sseek  0x00022aa4       0x2c /usr/local/gcc-arm-none-eabi-4_8-2014q1/bin/../lib/gcc/arm-none-eabi/4.8.3/../../../../arm-none-eabi/lib/armv6-m/libc_s.a(lib_a-stdio.o)
                0x00022aa4                __sseek
 .text.__sclose
                0x00022ad0        0xc /usr/local/gcc-arm-none-eabi-4_8-2014q1/bin/../lib/gcc/arm-none-eabi/4.8.3/../../../../arm-none-eabi/lib/armv6-m/libc_s.a(lib_a-stdio.o)
                0x00022ad0                __sclose
 .text._write_r
                0x00022adc       0x28 /usr/local/gcc-arm-none-eabi-4_8-2014q1/bin/../lib/gcc/arm-none-eabi/4.8.3/../../../../arm-none-eabi/lib/armv6-m/libc_s.a(lib_a-writer.o)
                0x00022adc                _write_r
 .text._close_r
                0x00022b04       0x24 /usr/local/gcc-arm-none-eabi-4_8-2014q1/bin/../lib/gcc/arm-none-eabi/4.8.3/../../../../arm-none-eabi/lib/armv6-m/libc_s.a(lib_a-closer.o)
                0x00022b04                _close_r
 .text._fstat_r
                0x00022b28       0x24 /usr/local/gcc-arm-none-eabi-4_8-2014q1/bin/../lib/gcc/arm-none-eabi/4.8.3/../../../../arm-none-eabi/lib/armv6-m/libc_s.a(lib_a-fstatr.o)
                0x00022b28                _fstat_r
 .text._isatty_r
                0x00022b4c       0x24 /usr/local/gcc-arm-none-eabi-4_8-2014q1/bin/../lib/gcc/arm-none-eabi/4.8.3/../../../../arm-none-eabi/lib/armv6-m/libc_s.a(lib_a-isattyr.o)
                0x00022b4c                _isatty_r
 .text._lseek_r
                0x00022b70       0x28 /usr/local/gcc-arm-none-eabi-4_8-2014q1/bin/../lib/gcc/arm-none-eabi/4.8.3/../../../../arm-none-eabi/lib/armv6-m/libc_s.a(lib_a-lseekr.o)
                0x00022b70                _lseek_r
 .text._read_r  0x00022b98       0x28 /usr/local/gcc-arm-none-eabi-4_8-2014q1/bin/../lib/gcc/arm-none-eabi/4.8.3/../../../../arm-none-eabi/lib/armv6-m/libc_s.a(lib_a-readr.o)
                0x00022b98                _read_r
 .text._close   0x00022bc0       0x10 /usr/local/gcc-arm-none-eabi-4_8-2014q1/bin/../lib/gcc/arm-none-eabi/4.8.3/../../../../arm-none-eabi/lib/armv6-m/libnosys.a(close.o)
                0x00022bc0                _close
 .text._fstat   0x00022bd0       0x10 /usr/local/gcc-arm-none-eabi-4_8-2014q1/bin/../lib/gcc/arm-none-eabi/4.8.3/../../../../arm-none-eabi/lib/armv6-m/libnosys.a(fstat.o)
                0x00022bd0                _fstat
 .text._isatty  0x00022be0       0x10 /usr/local/gcc-arm-none-eabi-4_8-2014q1/bin/../lib/gcc/arm-none-eabi/4.8.3/../../../../arm-none-eabi/lib/armv6-m/libnosys.a(isatty.o)
                0x00022be0                _isatty
 .text._lseek   0x00022bf0       0x10 /usr/local/gcc-arm-none-eabi-4_8-2014q1/bin/../lib/gcc/arm-none-eabi/4.8.3/../../../../arm-none-eabi/lib/armv6-m/libnosys.a(lseek.o)
                0x00022bf0                _lseek
 .text._sbrk    0x00022c00       0x34 /usr/local/gcc-arm-none-eabi-4_8-2014q1/bin/../lib/gcc/arm-none-eabi/4.8.3/../../../../arm-none-eabi/lib/armv6-m/libnosys.a(sbrk.o)
                0x00022c00                _sbrk
 *(.init)
 .init          0x00022c34        0x4 /usr/local/gcc-arm-none-eabi-4_8-2014q1/bin/../lib/gcc/arm-none-eabi/4.8.3/armv6-m/crti.o
                0x00022c34                _init
 .init          0x00022c38        0x8 /usr/local/gcc-arm-none-eabi-4_8-2014q1/bin/../lib/gcc/arm-none-eabi/4.8.3/armv6-m/crtn.o
 *(.fini)
 .fini          0x00022c40        0x4 /usr/local/gcc-arm-none-eabi-4_8-2014q1/bin/../lib/gcc/arm-none-eabi/4.8.3/armv6-m/crti.o
                0x00022c40                _fini
 .fini          0x00022c44        0x8 /usr/local/gcc-arm-none-eabi-4_8-2014q1/bin/../lib/gcc/arm-none-eabi/4.8.3/armv6-m/crtn.o
 *crtbegin.o(.ctors)
 *crtbegin?.o(.ctors)
 *(EXCLUDE_FILE(*crtend.o *crtend?.o) .ctors)
 *(SORT(.ctors.*))
 *(.ctors)
 *crtbegin.o(.dtors)
 *crtbegin?.o(.dtors)
 *(EXCLUDE_FILE(*crtend.o *crtend?.o) .dtors)
 *(SORT(.dtors.*))
 *(.dtors)
 *(.rodata*)
 .rodata.str1.1
                0x00022c4c        0x2 /usr/local/gcc-arm-none-eabi-4_8-2014q1/bin/../lib/gcc/arm-none-eabi/4.8.3/../../../../arm-none-eabi/lib/armv6-m/libc_s.a(lib_a-impure.o)
 *fill*         0x00022c4e        0x2 
 .rodata._global_impure_ptr
                0x00022c50        0x4 /usr/local/gcc-arm-none-eabi-4_8-2014q1/bin/../lib/gcc/arm-none-eabi/4.8.3/../../../../arm-none-eabi/lib/armv6-m/libc_s.a(lib_a-impure.o)
                0x00022c50                _global_impure_ptr
 .rodata.swap_state_process
                0x00022c54       0x1c _build/pstorage.o
 .rodata.leds_timer_handler
                0x00022c70       0x60 _build/bsp.o
 .rodata.bsp_indication_set
                0x00022cd0       0x60 _build/bsp.o
 .rodata.device_manager_event_handler
                0x00022d30       0x4c _build/main.o
 .rodata        0x00022d7c        0xc _build/main.o
 .rodata.m_connection_param
                0x00022d88        0x8 _build/main.o
 .rodata.str1.4
                0x00022d90       0x6c _build/main.o
 .rodata.ble_db_discovery_on_ble_evt
                0x00022dfc       0x90 _build/ble_db_discovery.o
 .rodata.m_service_context_store
                0x00022e8c       0x10 _build/device_manager_central.o
                0x00022e8c                m_service_context_store
 .rodata.m_service_context_load
                0x00022e9c       0x10 _build/device_manager_central.o
                0x00022e9c                m_service_context_load
 .rodata.m_service_context_apply
                0x00022eac       0x10 _build/device_manager_central.o
                0x00022eac                m_service_context_apply
 .rodata.m_context_init_len
                0x00022ebc        0x4 _build/device_manager_central.o
                0x00022ebc                m_context_init_len
 .rodata.str1.1
                0x00022ec0       0x11 /usr/local/gcc-arm-none-eabi-4_8-2014q1/bin/../lib/gcc/arm-none-eabi/4.8.3/../../../../arm-none-eabi/lib/armv6-m/libc_s.a(lib_a-vfprintf.o)
 .rodata.str1.1
                0x00022ed1       0x22 /usr/local/gcc-arm-none-eabi-4_8-2014q1/bin/../lib/gcc/arm-none-eabi/4.8.3/../../../../arm-none-eabi/lib/armv6-m/libc_s.a(lib_a-vfprintf_i.o)
 *fill*         0x00022ef3        0x1 
 .rodata.__sf_fake_stdin
                0x00022ef4       0x20 /usr/local/gcc-arm-none-eabi-4_8-2014q1/bin/../lib/gcc/arm-none-eabi/4.8.3/../../../../arm-none-eabi/lib/armv6-m/libc_s.a(lib_a-findfp.o)
                0x00022ef4                __sf_fake_stdin
 .rodata.__sf_fake_stdout
                0x00022f14       0x20 /usr/local/gcc-arm-none-eabi-4_8-2014q1/bin/../lib/gcc/arm-none-eabi/4.8.3/../../../../arm-none-eabi/lib/armv6-m/libc_s.a(lib_a-findfp.o)
                0x00022f14                __sf_fake_stdout
 .rodata.__sf_fake_stderr
                0x00022f34       0x20 /usr/local/gcc-arm-none-eabi-4_8-2014q1/bin/../lib/gcc/arm-none-eabi/4.8.3/../../../../arm-none-eabi/lib/armv6-m/libc_s.a(lib_a-findfp.o)
                0x00022f34                __sf_fake_stderr
 *(.eh_frame*)
                0x00022f54                . = ALIGN (0x4)

.glue_7         0x00022f54        0x0
 .glue_7        0x00000000        0x0 linker stubs

.glue_7t        0x00022f54        0x0
 .glue_7t       0x00000000        0x0 linker stubs

.vfp11_veneer   0x00022f54        0x0
 .vfp11_veneer  0x00000000        0x0 linker stubs

.v4_bx          0x00022f54        0x0
 .v4_bx         0x00000000        0x0 linker stubs

.iplt           0x00022f54        0x0
 .iplt          0x00000000        0x0 /usr/local/gcc-arm-none-eabi-4_8-2014q1/bin/../lib/gcc/arm-none-eabi/4.8.3/armv6-m/crtbegin.o

.ARM.extab      0x00022f54        0x0
 *(.ARM.extab* .gnu.linkonce.armextab.*)
                0x00022f54                . = ALIGN (0x4)
                0x00022f54                __exidx_start = .

.ARM.exidx      0x00022f54        0x8
 *(.ARM.exidx* .gnu.linkonce.armexidx.*)
 .ARM.exidx     0x00022f54        0x8 /usr/local/gcc-arm-none-eabi-4_8-2014q1/bin/../lib/gcc/arm-none-eabi/4.8.3/../../../../arm-none-eabi/lib/armv6-m/crt0.o
 .ARM.exidx     0x00022f5c        0x0 _build/gcc_startup_nrf51.o
                                  0x8 (size before relaxing)
                0x00022f5c                . = ALIGN (0x4)
                0x00022f5c                __exidx_end = .
                0x00022f5c                __etext = .

.rel.dyn        0x00022f5c        0x0
 .rel.iplt      0x00000000        0x0 /usr/local/gcc-arm-none-eabi-4_8-2014q1/bin/../lib/gcc/arm-none-eabi/4.8.3/armv6-m/crtbegin.o

.data           0x20002800       0x68 load address 0x00022f5c
                0x20002800                __data_start__ = .
 *(vtable)
 *(.data*)
 .data.impure_data
                0x20002800       0x60 /usr/local/gcc-arm-none-eabi-4_8-2014q1/bin/../lib/gcc/arm-none-eabi/4.8.3/../../../../arm-none-eabi/lib/armv6-m/libc_s.a(lib_a-impure.o)
 .data._impure_ptr
                0x20002860        0x4 /usr/local/gcc-arm-none-eabi-4_8-2014q1/bin/../lib/gcc/arm-none-eabi/4.8.3/../../../../arm-none-eabi/lib/armv6-m/libc_s.a(lib_a-impure.o)
                0x20002860                _impure_ptr
 .data.m_instance_counter
                0x20002864        0x1 _build/app_uart_fifo.o
                0x20002868                . = ALIGN (0x4)
 *fill*         0x20002865        0x3 
                0x20002868                PROVIDE (__preinit_array_start, .)
 *(.preinit_array)
                0x20002868                PROVIDE (__preinit_array_end, .)
                0x20002868                . = ALIGN (0x4)
                0x20002868                PROVIDE (__init_array_start, .)
 *(SORT(.init_array.*))
 *(.init_array)
                0x20002868                PROVIDE (__init_array_end, .)
                0x20002868                . = ALIGN (0x4)
                0x20002868                PROVIDE (__fini_array_start, .)
 *(SORT(.fini_array.*))
 *(.fini_array)
                0x20002868                PROVIDE (__fini_array_end, .)
 *(.jcr)
                0x20002868                . = ALIGN (0x4)
                0x20002868                __data_end__ = .

.igot.plt       0x20002868        0x0 load address 0x00022fc4
 .igot.plt      0x00000000        0x0 /usr/local/gcc-arm-none-eabi-4_8-2014q1/bin/../lib/gcc/arm-none-eabi/4.8.3/armv6-m/crtbegin.o

.bss            0x20002868      0x890 load address 0x00022fc4
                0x20002868                . = ALIGN (0x4)
                0x20002868                __bss_start__ = .
 *(.bss*)
 .bss.m_ticks_latest
                0x20002868        0x4 _build/app_timer.o
 .bss.m_evt_schedule_func
                0x2000286c        0x4 _build/app_timer.o
 .bss.mp_nodes  0x20002870        0x4 _build/app_timer.o
 .bss.m_user_array_size
                0x20002874        0x1 _build/app_timer.o
 *fill*         0x20002875        0x3 
 .bss.mp_users  0x20002878        0x4 _build/app_timer.o
 .bss.m_ticks_elapsed_q_read_ind
                0x2000287c        0x1 _build/app_timer.o
 .bss.m_ticks_elapsed_q_write_ind
                0x2000287d        0x1 _build/app_timer.o
 .bss.m_node_array_size
                0x2000287e        0x1 _build/app_timer.o
 *fill*         0x2000287f        0x1 
 .bss.m_timer_id_head
                0x20002880        0x4 _build/app_timer.o
 .bss.m_rtc1_reset
                0x20002884        0x1 _build/app_timer.o
 *fill*         0x20002885        0x3 
 .bss.m_ticks_elapsed
                0x20002888        0x8 _build/app_timer.o
 .bss.m_rtc1_running
                0x20002890        0x1 _build/app_timer.o
 *fill*         0x20002891        0x3 
 .bss.m_event_handler
                0x20002894        0x4 _build/app_uart_fifo.o
 .bss.m_tx_fifo
                0x20002898       0x10 _build/app_uart_fifo.o
 .bss.m_current_state
                0x200028a8        0x1 _build/app_uart_fifo.o
 *fill*         0x200028a9        0x3 
 .bss.m_rx_fifo
                0x200028ac       0x10 _build/app_uart_fifo.o
 .bss.m_cb      0x200028bc       0x54 _build/nrf_drv_gpiote.o
 .bss.m_cmd_queue
                0x20002910       0xcc _build/pstorage.o
 .bss.m_app_table
                0x200029dc       0x10 _build/pstorage.o
 .bss.m_next_app_instance
                0x200029ec        0x2 _build/pstorage.o
 *fill*         0x200029ee        0x2 
 .bss.m_next_page_addr
                0x200029f0        0x4 _build/pstorage.o
 .bss.m_module_initialized
                0x200029f4        0x1 _build/pstorage.o
 .bss.m_swap_state
                0x200029f5        0x1 _build/pstorage.o
 .bss.m_round_val
                0x200029f6        0x2 _build/pstorage.o
 .bss.m_indication_type
                0x200029f8        0x4 _build/bsp.o
 .bss.m_app_ticks_per_100ms
                0x200029fc        0x4 _build/bsp.o
 .bss.m_alert_timer_id
                0x20002a00        0x4 _build/bsp.o
 .bss.m_stable_state
                0x20002a04        0x1 _build/bsp.o
 *fill*         0x20002a05        0x3 
 .bss.m_leds_timer_id
                0x20002a08        0x4 _build/bsp.o
 .bss.m_error_handler
                0x20002a0c        0x4 _build/bsp_btn_ble.o
 .bss.m_num_connections
                0x20002a10        0x4 _build/bsp_btn_ble.o
 .bss.rx_buf.8307
                0x20002a14        0x4 _build/main.o
 .bss.m_whitelist_temporarily_disabled
                0x20002a18        0x1 _build/main.o
 .bss.m_dm_app_id
                0x20002a19        0x1 _build/main.o
 *fill*         0x20002a1a        0x2 
 .bss.m_ble_bas_c
                0x20002a1c        0xc _build/main.o
 .bss.m_peer_count
                0x20002a28        0x1 _build/main.o
 *fill*         0x20002a29        0x3 
 .bss.m_dm_device_handle
                0x20002a2c        0x4 _build/main.o
 .bss.APP_TIMER_BUF.8326
                0x20002a30      0x1d8 _build/main.o
 .bss.m_scan_param
                0x20002c08       0x10 _build/main.o
 .bss.m_memory_access_in_progress
                0x20002c18        0x1 _build/main.o
 *fill*         0x20002c19        0x3 
 .bss.BLE_EVT_BUFFER.8217
                0x20002c1c       0x48 _build/main.o
 .bss.tx_buf.8308
                0x20002c64      0x100 _build/main.o
 .bss.m_conn_handle
                0x20002d64        0x2 _build/main.o
 *fill*         0x20002d66        0x2 
 .bss.m_ble_db_discovery
                0x20002d68       0x64 _build/main.o
 .bss.m_ble_hrs_c
                0x20002dcc        0xc _build/main.o
 .bss.m_tx_insert_index
                0x20002dd8        0x4 _build/ble_bas_c.o
 .bss.m_tx_index
                0x20002ddc        0x4 _build/ble_bas_c.o
 .bss.m_tx_buffer
                0x20002de0       0xa0 _build/ble_bas_c.o
 .bss.mp_ble_bas_c
                0x20002e80        0x4 _build/ble_bas_c.o
 .bss.m_num_of_discoveries_made
                0x20002e84        0x4 _build/ble_db_discovery.o
 .bss.m_pending_user_evts
                0x20002e88       0x70 _build/ble_db_discovery.o
 .bss.m_pending_usr_evt_index
                0x20002ef8        0x4 _build/ble_db_discovery.o
 .bss.m_registered_handlers
                0x20002efc       0x10 _build/ble_db_discovery.o
 .bss.m_initialized
                0x20002f0c        0x1 _build/ble_db_discovery.o
 *fill*         0x20002f0d        0x3 
 .bss.m_num_of_handlers_reg
                0x20002f10        0x4 _build/ble_db_discovery.o
 .bss.m_tx_insert_index
                0x20002f14        0x4 _build/ble_hrs_c.o
 .bss.m_tx_index
                0x20002f18        0x4 _build/ble_hrs_c.o
 .bss.m_tx_buffer
                0x20002f1c       0xa0 _build/ble_hrs_c.o
 .bss.mp_ble_hrs_c
                0x20002fbc        0x4 _build/ble_hrs_c.o
 .bss.m_app_context_table
                0x20002fc0       0x1c _build/device_manager_central.o
 .bss.m_module_initialized
                0x20002fdc        0x1 _build/device_manager_central.o
 *fill*         0x20002fdd        0x3 
 .bss.m_connection_table
                0x20002fe0        0xc _build/device_manager_central.o
 .bss.m_peer_table
                0x20002fec       0xa8 _build/device_manager_central.o
 .bss.m_storage_handle
                0x20003094        0x8 _build/device_manager_central.o
 .bss.m_bond_table
                0x2000309c       0x1c _build/device_manager_central.o
 .bss.m_gatts_table
                0x200030b8        0xc _build/device_manager_central.o
 .bss.m_peer_addr_update
                0x200030c4        0x4 _build/device_manager_central.o
 .bss.m_application_table
                0x200030c8        0xc _build/device_manager_central.o
 .bss.m_softdevice_enabled
                0x200030d4        0x1 _build/softdevice_handler.o
 *fill*         0x200030d5        0x1 
 .bss.m_ble_evt_buffer_size
                0x200030d6        0x2 _build/softdevice_handler.o
 .bss.mp_ble_evt_buffer
                0x200030d8        0x4 _build/softdevice_handler.o
 .bss.m_sys_evt_handler
                0x200030dc        0x4 _build/softdevice_handler.o
 .bss.m_ble_evt_handler
                0x200030e0        0x4 _build/softdevice_handler.o
 .bss.m_evt_schedule_func
                0x200030e4        0x4 _build/softdevice_handler.o
 .bss.__malloc_sbrk_start
                0x200030e8        0x4 /usr/local/gcc-arm-none-eabi-4_8-2014q1/bin/../lib/gcc/arm-none-eabi/4.8.3/../../../../arm-none-eabi/lib/armv6-m/libc_s.a(lib_a-nano-mallocr.o)
                0x200030e8                __malloc_sbrk_start
 .bss.__malloc_free_list
                0x200030ec        0x4 /usr/local/gcc-arm-none-eabi-4_8-2014q1/bin/../lib/gcc/arm-none-eabi/4.8.3/../../../../arm-none-eabi/lib/armv6-m/libc_s.a(lib_a-nano-mallocr.o)
                0x200030ec                __malloc_free_list
 .bss.heap_end.4243
                0x200030f0        0x4 /usr/local/gcc-arm-none-eabi-4_8-2014q1/bin/../lib/gcc/arm-none-eabi/4.8.3/../../../../arm-none-eabi/lib/armv6-m/libnosys.a(sbrk.o)
 *(COMMON)
 COMMON         0x200030f4        0x4 /usr/local/gcc-arm-none-eabi-4_8-2014q1/bin/../lib/gcc/arm-none-eabi/4.8.3/../../../../arm-none-eabi/lib/armv6-m/libc_s.a(lib_a-reent.o)
                0x200030f4                errno
                0x200030f8                . = ALIGN (0x4)
                0x200030f8                __bss_end__ = .

.heap           0x200030f8        0x0
                0x200030f8                __end__ = .
                0x200030f8                end = __end__
 *(.heap*)
 .heap          0x200030f8        0x0 _build/gcc_startup_nrf51.o
                0x200030f8                __HeapLimit = .

.stack_dummy    0x200030f8      0x800
 *(.stack*)
 .stack         0x200030f8      0x800 _build/gcc_startup_nrf51.o
                0x20004000                __StackTop = (ORIGIN (RAM) + 0x1800)
                0x20003800                __StackLimit = (__StackTop - SIZEOF (.stack_dummy))
                0x20004000                PROVIDE (__stack, __StackTop)
                0x00000001                ASSERT ((__StackLimit >= __HeapLimit), region RAM overflowed with stack)
OUTPUT(_build/nrf51422_xxac_s120.out elf32-littlearm)

.ARM.attributes
                0x00000000       0x28
 .ARM.attributes
                0x00000000       0x1e /usr/local/gcc-arm-none-eabi-4_8-2014q1/bin/../lib/gcc/arm-none-eabi/4.8.3/armv6-m/crti.o
 .ARM.attributes
                0x0000001e       0x1b /usr/local/gcc-arm-none-eabi-4_8-2014q1/bin/../lib/gcc/arm-none-eabi/4.8.3/../../../../arm-none-eabi/lib/armv6-m/crt0.o
 .ARM.attributes
                0x00000039       0x2c /usr/local/gcc-arm-none-eabi-4_8-2014q1/bin/../lib/gcc/arm-none-eabi/4.8.3/../../../../arm-none-eabi/lib/armv6-m/libc_s.a(lib_a-exit.o)
 .ARM.attributes
                0x00000065       0x2c /usr/local/gcc-arm-none-eabi-4_8-2014q1/bin/../lib/gcc/arm-none-eabi/4.8.3/../../../../arm-none-eabi/lib/armv6-m/libc_s.a(lib_a-impure.o)
 .ARM.attributes
                0x00000091       0x2c /usr/local/gcc-arm-none-eabi-4_8-2014q1/bin/../lib/gcc/arm-none-eabi/4.8.3/../../../../arm-none-eabi/lib/armv6-m/libc_s.a(lib_a-init.o)
 .ARM.attributes
                0x000000bd       0x2c /usr/local/gcc-arm-none-eabi-4_8-2014q1/bin/../lib/gcc/arm-none-eabi/4.8.3/../../../../arm-none-eabi/lib/armv6-m/libc_s.a(lib_a-memset.o)
 .ARM.attributes
                0x000000e9       0x2c /usr/local/gcc-arm-none-eabi-4_8-2014q1/bin/../lib/gcc/arm-none-eabi/4.8.3/../../../../arm-none-eabi/lib/armv6-m/libnosys.a(_exit.o)
 .ARM.attributes
                0x00000115       0x31 _build/app_error.o
 .ARM.attributes
                0x00000146       0x31 _build/app_fifo.o
 .ARM.attributes
                0x00000177       0x31 _build/app_timer.o
 .ARM.attributes
                0x000001a8       0x31 _build/retarget.o
 .ARM.attributes
                0x000001d9       0x31 _build/app_uart_fifo.o
 .ARM.attributes
                0x0000020a       0x31 _build/nrf_drv_common.o
 .ARM.attributes
                0x0000023b       0x31 _build/nrf_drv_gpiote.o
 .ARM.attributes
                0x0000026c       0x31 _build/pstorage.o
 .ARM.attributes
                0x0000029d       0x31 _build/bsp.o
 .ARM.attributes
                0x000002ce       0x31 _build/bsp_btn_ble.o
 .ARM.attributes
                0x000002ff       0x31 _build/main.o
 .ARM.attributes
                0x00000330       0x31 _build/ble_bas_c.o
 .ARM.attributes
                0x00000361       0x31 _build/ble_db_discovery.o
 .ARM.attributes
                0x00000392       0x31 _build/ble_hrs_c.o
 .ARM.attributes
                0x000003c3       0x31 _build/device_manager_central.o
 .ARM.attributes
                0x000003f4       0x31 _build/system_nrf51.o
 .ARM.attributes
                0x00000425       0x31 _build/softdevice_handler.o
 .ARM.attributes
                0x00000456       0x1b _build/gcc_startup_nrf51.o
 .ARM.attributes
                0x00000471       0x1e /usr/local/gcc-arm-none-eabi-4_8-2014q1/bin/../lib/gcc/arm-none-eabi/4.8.3/armv6-m/libgcc.a(_udivsi3.o)
 .ARM.attributes
                0x0000048f       0x1e /usr/local/gcc-arm-none-eabi-4_8-2014q1/bin/../lib/gcc/arm-none-eabi/4.8.3/armv6-m/libgcc.a(_dvmd_tls.o)
 .ARM.attributes
                0x000004ad       0x2c /usr/local/gcc-arm-none-eabi-4_8-2014q1/bin/../lib/gcc/arm-none-eabi/4.8.3/../../../../arm-none-eabi/lib/armv6-m/libc_s.a(lib_a-memcmp.o)
 .ARM.attributes
                0x000004d9       0x2c /usr/local/gcc-arm-none-eabi-4_8-2014q1/bin/../lib/gcc/arm-none-eabi/4.8.3/../../../../arm-none-eabi/lib/armv6-m/libc_s.a(lib_a-memcpy-stub.o)
 .ARM.attributes
                0x00000505       0x2c /usr/local/gcc-arm-none-eabi-4_8-2014q1/bin/../lib/gcc/arm-none-eabi/4.8.3/../../../../arm-none-eabi/lib/armv6-m/libc_s.a(lib_a-printf.o)
 .ARM.attributes
                0x00000531       0x2c /usr/local/gcc-arm-none-eabi-4_8-2014q1/bin/../lib/gcc/arm-none-eabi/4.8.3/../../../../arm-none-eabi/lib/armv6-m/libc_s.a(lib_a-strlen.o)
 .ARM.attributes
                0x0000055d       0x2c /usr/local/gcc-arm-none-eabi-4_8-2014q1/bin/../lib/gcc/arm-none-eabi/4.8.3/../../../../arm-none-eabi/lib/armv6-m/libc_s.a(lib_a-vfprintf.o)
 .ARM.attributes
                0x00000589       0x2c /usr/local/gcc-arm-none-eabi-4_8-2014q1/bin/../lib/gcc/arm-none-eabi/4.8.3/../../../../arm-none-eabi/lib/armv6-m/libc_s.a(lib_a-vfprintf_i.o)
 .ARM.attributes
                0x000005b5       0x2c /usr/local/gcc-arm-none-eabi-4_8-2014q1/bin/../lib/gcc/arm-none-eabi/4.8.3/../../../../arm-none-eabi/lib/armv6-m/libc_s.a(lib_a-wbuf.o)
 .ARM.attributes
                0x000005e1       0x2c /usr/local/gcc-arm-none-eabi-4_8-2014q1/bin/../lib/gcc/arm-none-eabi/4.8.3/../../../../arm-none-eabi/lib/armv6-m/libc_s.a(lib_a-wsetup.o)
 .ARM.attributes
                0x0000060d       0x2c /usr/local/gcc-arm-none-eabi-4_8-2014q1/bin/../lib/gcc/arm-none-eabi/4.8.3/../../../../arm-none-eabi/lib/armv6-m/libc_s.a(lib_a-fflush.o)
 .ARM.attributes
                0x00000639       0x2c /usr/local/gcc-arm-none-eabi-4_8-2014q1/bin/../lib/gcc/arm-none-eabi/4.8.3/../../../../arm-none-eabi/lib/armv6-m/libc_s.a(lib_a-findfp.o)
 .ARM.attributes
                0x00000665       0x2c /usr/local/gcc-arm-none-eabi-4_8-2014q1/bin/../lib/gcc/arm-none-eabi/4.8.3/../../../../arm-none-eabi/lib/armv6-m/libc_s.a(lib_a-makebuf.o)
 .ARM.attributes
                0x00000691       0x2c /usr/local/gcc-arm-none-eabi-4_8-2014q1/bin/../lib/gcc/arm-none-eabi/4.8.3/../../../../arm-none-eabi/lib/armv6-m/libc_s.a(lib_a-memchr-stub.o)
 .ARM.attributes
                0x000006bd       0x2c /usr/local/gcc-arm-none-eabi-4_8-2014q1/bin/../lib/gcc/arm-none-eabi/4.8.3/../../../../arm-none-eabi/lib/armv6-m/libc_s.a(lib_a-nano-freer.o)
 .ARM.attributes
                0x000006e9       0x2c /usr/local/gcc-arm-none-eabi-4_8-2014q1/bin/../lib/gcc/arm-none-eabi/4.8.3/../../../../arm-none-eabi/lib/armv6-m/libc_s.a(lib_a-nano-mallocr.o)
 .ARM.attributes
                0x00000715       0x2c /usr/local/gcc-arm-none-eabi-4_8-2014q1/bin/../lib/gcc/arm-none-eabi/4.8.3/../../../../arm-none-eabi/lib/armv6-m/libc_s.a(lib_a-sbrkr.o)
 .ARM.attributes
                0x00000741       0x2c /usr/local/gcc-arm-none-eabi-4_8-2014q1/bin/../lib/gcc/arm-none-eabi/4.8.3/../../../../arm-none-eabi/lib/armv6-m/libc_s.a(lib_a-stdio.o)
 .ARM.attributes
                0x0000076d       0x2c /usr/local/gcc-arm-none-eabi-4_8-2014q1/bin/../lib/gcc/arm-none-eabi/4.8.3/../../../../arm-none-eabi/lib/armv6-m/libc_s.a(lib_a-writer.o)
 .ARM.attributes
                0x00000799       0x2c /usr/local/gcc-arm-none-eabi-4_8-2014q1/bin/../lib/gcc/arm-none-eabi/4.8.3/../../../../arm-none-eabi/lib/armv6-m/libc_s.a(lib_a-closer.o)
 .ARM.attributes
                0x000007c5       0x2c /usr/local/gcc-arm-none-eabi-4_8-2014q1/bin/../lib/gcc/arm-none-eabi/4.8.3/../../../../arm-none-eabi/lib/armv6-m/libc_s.a(lib_a-fstatr.o)
 .ARM.attributes
                0x000007f1       0x2c /usr/local/gcc-arm-none-eabi-4_8-2014q1/bin/../lib/gcc/arm-none-eabi/4.8.3/../../../../arm-none-eabi/lib/armv6-m/libc_s.a(lib_a-isattyr.o)
 .ARM.attributes
                0x0000081d       0x2c /usr/local/gcc-arm-none-eabi-4_8-2014q1/bin/../lib/gcc/arm-none-eabi/4.8.3/../../../../arm-none-eabi/lib/armv6-m/libc_s.a(lib_a-lseekr.o)
 .ARM.attributes
                0x00000849       0x2c /usr/local/gcc-arm-none-eabi-4_8-2014q1/bin/../lib/gcc/arm-none-eabi/4.8.3/../../../../arm-none-eabi/lib/armv6-m/libc_s.a(lib_a-readr.o)
 .ARM.attributes
                0x00000875       0x2c /usr/local/gcc-arm-none-eabi-4_8-2014q1/bin/../lib/gcc/arm-none-eabi/4.8.3/../../../../arm-none-eabi/lib/armv6-m/libc_s.a(lib_a-reent.o)
 .ARM.attributes
                0x000008a1       0x1e /usr/local/gcc-arm-none-eabi-4_8-2014q1/bin/../lib/gcc/arm-none-eabi/4.8.3/armv6-m/crtn.o
 .ARM.attributes
                0x000008bf       0x2c /usr/local/gcc-arm-none-eabi-4_8-2014q1/bin/../lib/gcc/arm-none-eabi/4.8.3/../../../../arm-none-eabi/lib/armv6-m/libnosys.a(close.o)
 .ARM.attributes
                0x000008eb       0x2c /usr/local/gcc-arm-none-eabi-4_8-2014q1/bin/../lib/gcc/arm-none-eabi/4.8.3/../../../../arm-none-eabi/lib/armv6-m/libnosys.a(fstat.o)
 .ARM.attributes
                0x00000917       0x2c /usr/local/gcc-arm-none-eabi-4_8-2014q1/bin/../lib/gcc/arm-none-eabi/4.8.3/../../../../arm-none-eabi/lib/armv6-m/libnosys.a(isatty.o)
 .ARM.attributes
                0x00000943       0x2c /usr/local/gcc-arm-none-eabi-4_8-2014q1/bin/../lib/gcc/arm-none-eabi/4.8.3/../../../../arm-none-eabi/lib/armv6-m/libnosys.a(lseek.o)
 .ARM.attributes
                0x0000096f       0x2c /usr/local/gcc-arm-none-eabi-4_8-2014q1/bin/../lib/gcc/arm-none-eabi/4.8.3/../../../../arm-none-eabi/lib/armv6-m/libnosys.a(sbrk.o)

.comment        0x00000000       0x70
 .comment       0x00000000       0x70 _build/app_error.o
                                 0x71 (size before relaxing)
 .comment       0x00000000       0x71 _build/app_fifo.o
 .comment       0x00000000       0x71 _build/app_timer.o
 .comment       0x00000000       0x71 _build/retarget.o
 .comment       0x00000000       0x71 _build/app_uart_fifo.o
 .comment       0x00000000       0x71 _build/nrf_drv_common.o
 .comment       0x00000000       0x71 _build/nrf_drv_gpiote.o
 .comment       0x00000000       0x71 _build/pstorage.o
 .comment       0x00000000       0x71 _build/bsp.o
 .comment       0x00000000       0x71 _build/bsp_btn_ble.o
 .comment       0x00000000       0x71 _build/main.o
 .comment       0x00000000       0x71 _build/ble_bas_c.o
 .comment       0x00000000       0x71 _build/ble_db_discovery.o
 .comment       0x00000000       0x71 _build/ble_hrs_c.o
 .comment       0x00000000       0x71 _build/device_manager_central.o
 .comment       0x00000000       0x71 _build/system_nrf51.o
 .comment       0x00000000       0x71 _build/softdevice_handler.o

.debug_frame    0x00000000      0x7e0
 .debug_frame   0x00000000       0x28 /usr/local/gcc-arm-none-eabi-4_8-2014q1/bin/../lib/gcc/arm-none-eabi/4.8.3/../../../../arm-none-eabi/lib/armv6-m/libc_s.a(lib_a-exit.o)
 .debug_frame   0x00000028       0x2c /usr/local/gcc-arm-none-eabi-4_8-2014q1/bin/../lib/gcc/arm-none-eabi/4.8.3/../../../../arm-none-eabi/lib/armv6-m/libc_s.a(lib_a-init.o)
 .debug_frame   0x00000054       0x20 /usr/local/gcc-arm-none-eabi-4_8-2014q1/bin/../lib/gcc/arm-none-eabi/4.8.3/../../../../arm-none-eabi/lib/armv6-m/libc_s.a(lib_a-memset.o)
 .debug_frame   0x00000074       0x20 /usr/local/gcc-arm-none-eabi-4_8-2014q1/bin/../lib/gcc/arm-none-eabi/4.8.3/../../../../arm-none-eabi/lib/armv6-m/libnosys.a(_exit.o)
 .debug_frame   0x00000094       0x20 /usr/local/gcc-arm-none-eabi-4_8-2014q1/bin/../lib/gcc/arm-none-eabi/4.8.3/armv6-m/libgcc.a(_udivsi3.o)
 .debug_frame   0x000000b4       0x2c /usr/local/gcc-arm-none-eabi-4_8-2014q1/bin/../lib/gcc/arm-none-eabi/4.8.3/../../../../arm-none-eabi/lib/armv6-m/libc_s.a(lib_a-memcmp.o)
 .debug_frame   0x000000e0       0x28 /usr/local/gcc-arm-none-eabi-4_8-2014q1/bin/../lib/gcc/arm-none-eabi/4.8.3/../../../../arm-none-eabi/lib/armv6-m/libc_s.a(lib_a-memcpy-stub.o)
 .debug_frame   0x00000108       0x50 /usr/local/gcc-arm-none-eabi-4_8-2014q1/bin/../lib/gcc/arm-none-eabi/4.8.3/../../../../arm-none-eabi/lib/armv6-m/libc_s.a(lib_a-printf.o)
 .debug_frame   0x00000158       0x20 /usr/local/gcc-arm-none-eabi-4_8-2014q1/bin/../lib/gcc/arm-none-eabi/4.8.3/../../../../arm-none-eabi/lib/armv6-m/libc_s.a(lib_a-strlen.o)
 .debug_frame   0x00000178       0xa0 /usr/local/gcc-arm-none-eabi-4_8-2014q1/bin/../lib/gcc/arm-none-eabi/4.8.3/../../../../arm-none-eabi/lib/armv6-m/libc_s.a(lib_a-vfprintf.o)
 .debug_frame   0x00000218       0x54 /usr/local/gcc-arm-none-eabi-4_8-2014q1/bin/../lib/gcc/arm-none-eabi/4.8.3/../../../../arm-none-eabi/lib/armv6-m/libc_s.a(lib_a-vfprintf_i.o)
 .debug_frame   0x0000026c       0x44 /usr/local/gcc-arm-none-eabi-4_8-2014q1/bin/../lib/gcc/arm-none-eabi/4.8.3/../../../../arm-none-eabi/lib/armv6-m/libc_s.a(lib_a-wbuf.o)
 .debug_frame   0x000002b0       0x2c /usr/local/gcc-arm-none-eabi-4_8-2014q1/bin/../lib/gcc/arm-none-eabi/4.8.3/../../../../arm-none-eabi/lib/armv6-m/libc_s.a(lib_a-wsetup.o)
 .debug_frame   0x000002dc       0x68 /usr/local/gcc-arm-none-eabi-4_8-2014q1/bin/../lib/gcc/arm-none-eabi/4.8.3/../../../../arm-none-eabi/lib/armv6-m/libc_s.a(lib_a-fflush.o)
 .debug_frame   0x00000344      0x148 /usr/local/gcc-arm-none-eabi-4_8-2014q1/bin/../lib/gcc/arm-none-eabi/4.8.3/../../../../arm-none-eabi/lib/armv6-m/libc_s.a(lib_a-findfp.o)
 .debug_frame   0x0000048c       0x30 /usr/local/gcc-arm-none-eabi-4_8-2014q1/bin/../lib/gcc/arm-none-eabi/4.8.3/../../../../arm-none-eabi/lib/armv6-m/libc_s.a(lib_a-makebuf.o)
 .debug_frame   0x000004bc       0x20 /usr/local/gcc-arm-none-eabi-4_8-2014q1/bin/../lib/gcc/arm-none-eabi/4.8.3/../../../../arm-none-eabi/lib/armv6-m/libc_s.a(lib_a-memchr-stub.o)
 .debug_frame   0x000004dc       0x2c /usr/local/gcc-arm-none-eabi-4_8-2014q1/bin/../lib/gcc/arm-none-eabi/4.8.3/../../../../arm-none-eabi/lib/armv6-m/libc_s.a(lib_a-nano-freer.o)
 .debug_frame   0x00000508       0x2c /usr/local/gcc-arm-none-eabi-4_8-2014q1/bin/../lib/gcc/arm-none-eabi/4.8.3/../../../../arm-none-eabi/lib/armv6-m/libc_s.a(lib_a-nano-mallocr.o)
 .debug_frame   0x00000534       0x2c /usr/local/gcc-arm-none-eabi-4_8-2014q1/bin/../lib/gcc/arm-none-eabi/4.8.3/../../../../arm-none-eabi/lib/armv6-m/libc_s.a(lib_a-sbrkr.o)
 .debug_frame   0x00000560       0x90 /usr/local/gcc-arm-none-eabi-4_8-2014q1/bin/../lib/gcc/arm-none-eabi/4.8.3/../../../../arm-none-eabi/lib/armv6-m/libc_s.a(lib_a-stdio.o)
 .debug_frame   0x000005f0       0x2c /usr/local/gcc-arm-none-eabi-4_8-2014q1/bin/../lib/gcc/arm-none-eabi/4.8.3/../../../../arm-none-eabi/lib/armv6-m/libc_s.a(lib_a-writer.o)
 .debug_frame   0x0000061c       0x2c /usr/local/gcc-arm-none-eabi-4_8-2014q1/bin/../lib/gcc/arm-none-eabi/4.8.3/../../../../arm-none-eabi/lib/armv6-m/libc_s.a(lib_a-closer.o)
 .debug_frame   0x00000648       0x2c /usr/local/gcc-arm-none-eabi-4_8-2014q1/bin/../lib/gcc/arm-none-eabi/4.8.3/../../../../arm-none-eabi/lib/armv6-m/libc_s.a(lib_a-fstatr.o)
 .debug_frame   0x00000674       0x2c /usr/local/gcc-arm-none-eabi-4_8-2014q1/bin/../lib/gcc/arm-none-eabi/4.8.3/../../../../arm-none-eabi/lib/armv6-m/libc_s.a(lib_a-isattyr.o)
 .debug_frame   0x000006a0       0x2c /usr/local/gcc-arm-none-eabi-4_8-2014q1/bin/../lib/gcc/arm-none-eabi/4.8.3/../../../../arm-none-eabi/lib/armv6-m/libc_s.a(lib_a-lseekr.o)
 .debug_frame   0x000006cc       0x2c /usr/local/gcc-arm-none-eabi-4_8-2014q1/bin/../lib/gcc/arm-none-eabi/4.8.3/../../../../arm-none-eabi/lib/armv6-m/libc_s.a(lib_a-readr.o)
 .debug_frame   0x000006f8       0x48 /usr/local/gcc-arm-none-eabi-4_8-2014q1/bin/../lib/gcc/arm-none-eabi/4.8.3/../../../../arm-none-eabi/lib/armv6-m/libc_s.a(lib_a-reent.o)
 .debug_frame   0x00000740       0x20 /usr/local/gcc-arm-none-eabi-4_8-2014q1/bin/../lib/gcc/arm-none-eabi/4.8.3/../../../../arm-none-eabi/lib/armv6-m/libnosys.a(close.o)
 .debug_frame   0x00000760       0x20 /usr/local/gcc-arm-none-eabi-4_8-2014q1/bin/../lib/gcc/arm-none-eabi/4.8.3/../../../../arm-none-eabi/lib/armv6-m/libnosys.a(fstat.o)
 .debug_frame   0x00000780       0x20 /usr/local/gcc-arm-none-eabi-4_8-2014q1/bin/../lib/gcc/arm-none-eabi/4.8.3/../../../../arm-none-eabi/lib/armv6-m/libnosys.a(isatty.o)
 .debug_frame   0x000007a0       0x20 /usr/local/gcc-arm-none-eabi-4_8-2014q1/bin/../lib/gcc/arm-none-eabi/4.8.3/../../../../arm-none-eabi/lib/armv6-m/libnosys.a(lseek.o)
 .debug_frame   0x000007c0       0x20 /usr/local/gcc-arm-none-eabi-4_8-2014q1/bin/../lib/gcc/arm-none-eabi/4.8.3/../../../../arm-none-eabi/lib/armv6-m/libnosys.a(sbrk.o)

.stab           0x00000000       0x6c
 .stab          0x00000000       0x24 /usr/local/gcc-arm-none-eabi-4_8-2014q1/bin/../lib/gcc/arm-none-eabi/4.8.3/../../../../arm-none-eabi/lib/armv6-m/libnosys.a(close.o)
 .stab          0x00000024       0x18 /usr/local/gcc-arm-none-eabi-4_8-2014q1/bin/../lib/gcc/arm-none-eabi/4.8.3/../../../../arm-none-eabi/lib/armv6-m/libnosys.a(fstat.o)
                                 0x24 (size before relaxing)
 .stab          0x0000003c       0x18 /usr/local/gcc-arm-none-eabi-4_8-2014q1/bin/../lib/gcc/arm-none-eabi/4.8.3/../../../../arm-none-eabi/lib/armv6-m/libnosys.a(isatty.o)
                                 0x24 (size before relaxing)
 .stab          0x00000054       0x18 /usr/local/gcc-arm-none-eabi-4_8-2014q1/bin/../lib/gcc/arm-none-eabi/4.8.3/../../../../arm-none-eabi/lib/armv6-m/libnosys.a(lseek.o)
                                 0x24 (size before relaxing)

.stabstr        0x00000000       0xe3
 .stabstr       0x00000000       0xe3 /usr/local/gcc-arm-none-eabi-4_8-2014q1/bin/../lib/gcc/arm-none-eabi/4.8.3/../../../../arm-none-eabi/lib/armv6-m/libnosys.a(close.o)
