Archive member included because of file (symbol)

/usr/local/gcc-arm-none-eabi-4_8-2014q1/bin/../lib/gcc/arm-none-eabi/4.8.3/../../../../arm-none-eabi/lib/armv6-m/libc_s.a(lib_a-exit.o)
                              /usr/local/gcc-arm-none-eabi-4_8-2014q1/bin/../lib/gcc/arm-none-eabi/4.8.3/../../../../arm-none-eabi/lib/armv6-m/crt0.o (exit)
/usr/local/gcc-arm-none-eabi-4_8-2014q1/bin/../lib/gcc/arm-none-eabi/4.8.3/../../../../arm-none-eabi/lib/armv6-m/libc_s.a(lib_a-impure.o)
                              /usr/local/gcc-arm-none-eabi-4_8-2014q1/bin/../lib/gcc/arm-none-eabi/4.8.3/../../../../arm-none-eabi/lib/armv6-m/libc_s.a(lib_a-exit.o) (_global_impure_ptr)
/usr/local/gcc-arm-none-eabi-4_8-2014q1/bin/../lib/gcc/arm-none-eabi/4.8.3/../../../../arm-none-eabi/lib/armv6-m/libc_s.a(lib_a-init.o)
                              /usr/local/gcc-arm-none-eabi-4_8-2014q1/bin/../lib/gcc/arm-none-eabi/4.8.3/../../../../arm-none-eabi/lib/armv6-m/crt0.o (__libc_init_array)
/usr/local/gcc-arm-none-eabi-4_8-2014q1/bin/../lib/gcc/arm-none-eabi/4.8.3/../../../../arm-none-eabi/lib/armv6-m/libc_s.a(lib_a-memset.o)
                              /usr/local/gcc-arm-none-eabi-4_8-2014q1/bin/../lib/gcc/arm-none-eabi/4.8.3/../../../../arm-none-eabi/lib/armv6-m/crt0.o (memset)
/usr/local/gcc-arm-none-eabi-4_8-2014q1/bin/../lib/gcc/arm-none-eabi/4.8.3/../../../../arm-none-eabi/lib/armv6-m/libnosys.a(_exit.o)
                              /usr/local/gcc-arm-none-eabi-4_8-2014q1/bin/../lib/gcc/arm-none-eabi/4.8.3/../../../../arm-none-eabi/lib/armv6-m/libc_s.a(lib_a-exit.o) (_exit)
/usr/local/gcc-arm-none-eabi-4_8-2014q1/bin/../lib/gcc/arm-none-eabi/4.8.3/armv6-m/libgcc.a(_udivsi3.o)
                              _build/bsp.o (__aeabi_uidiv)
/usr/local/gcc-arm-none-eabi-4_8-2014q1/bin/../lib/gcc/arm-none-eabi/4.8.3/armv6-m/libgcc.a(_dvmd_tls.o)
                              /usr/local/gcc-arm-none-eabi-4_8-2014q1/bin/../lib/gcc/arm-none-eabi/4.8.3/armv6-m/libgcc.a(_udivsi3.o) (__aeabi_idiv0)
/usr/local/gcc-arm-none-eabi-4_8-2014q1/bin/../lib/gcc/arm-none-eabi/4.8.3/armv6-m/libgcc.a(_fixunssfsi.o)
                              _build/main.o (__aeabi_f2uiz)
/usr/local/gcc-arm-none-eabi-4_8-2014q1/bin/../lib/gcc/arm-none-eabi/4.8.3/armv6-m/libgcc.a(divsf3.o)
                              _build/main.o (__aeabi_fdiv)
/usr/local/gcc-arm-none-eabi-4_8-2014q1/bin/../lib/gcc/arm-none-eabi/4.8.3/armv6-m/libgcc.a(mulsf3.o)
                              _build/main.o (__aeabi_fmul)
/usr/local/gcc-arm-none-eabi-4_8-2014q1/bin/../lib/gcc/arm-none-eabi/4.8.3/armv6-m/libgcc.a(subsf3.o)
                              /usr/local/gcc-arm-none-eabi-4_8-2014q1/bin/../lib/gcc/arm-none-eabi/4.8.3/armv6-m/libgcc.a(_fixunssfsi.o) (__aeabi_fsub)
/usr/local/gcc-arm-none-eabi-4_8-2014q1/bin/../lib/gcc/arm-none-eabi/4.8.3/armv6-m/libgcc.a(fixsfsi.o)
                              /usr/local/gcc-arm-none-eabi-4_8-2014q1/bin/../lib/gcc/arm-none-eabi/4.8.3/armv6-m/libgcc.a(_fixunssfsi.o) (__aeabi_f2iz)
/usr/local/gcc-arm-none-eabi-4_8-2014q1/bin/../lib/gcc/arm-none-eabi/4.8.3/armv6-m/libgcc.a(floatunsisf.o)
                              _build/main.o (__aeabi_ui2f)
/usr/local/gcc-arm-none-eabi-4_8-2014q1/bin/../lib/gcc/arm-none-eabi/4.8.3/armv6-m/libgcc.a(_arm_cmpsf2.o)
                              /usr/local/gcc-arm-none-eabi-4_8-2014q1/bin/../lib/gcc/arm-none-eabi/4.8.3/armv6-m/libgcc.a(_fixunssfsi.o) (__aeabi_fcmpge)
/usr/local/gcc-arm-none-eabi-4_8-2014q1/bin/../lib/gcc/arm-none-eabi/4.8.3/armv6-m/libgcc.a(_clzsi2.o)
                              /usr/local/gcc-arm-none-eabi-4_8-2014q1/bin/../lib/gcc/arm-none-eabi/4.8.3/armv6-m/libgcc.a(divsf3.o) (__clzsi2)
/usr/local/gcc-arm-none-eabi-4_8-2014q1/bin/../lib/gcc/arm-none-eabi/4.8.3/armv6-m/libgcc.a(eqsf2.o)
                              /usr/local/gcc-arm-none-eabi-4_8-2014q1/bin/../lib/gcc/arm-none-eabi/4.8.3/armv6-m/libgcc.a(_arm_cmpsf2.o) (__eqsf2)
/usr/local/gcc-arm-none-eabi-4_8-2014q1/bin/../lib/gcc/arm-none-eabi/4.8.3/armv6-m/libgcc.a(gesf2.o)
                              /usr/local/gcc-arm-none-eabi-4_8-2014q1/bin/../lib/gcc/arm-none-eabi/4.8.3/armv6-m/libgcc.a(_arm_cmpsf2.o) (__gesf2)
/usr/local/gcc-arm-none-eabi-4_8-2014q1/bin/../lib/gcc/arm-none-eabi/4.8.3/armv6-m/libgcc.a(lesf2.o)
                              /usr/local/gcc-arm-none-eabi-4_8-2014q1/bin/../lib/gcc/arm-none-eabi/4.8.3/armv6-m/libgcc.a(_arm_cmpsf2.o) (__lesf2)

Discarded input sections

 .text          0x00000000        0x0 /usr/local/gcc-arm-none-eabi-4_8-2014q1/bin/../lib/gcc/arm-none-eabi/4.8.3/armv6-m/crti.o
 .data          0x00000000        0x0 /usr/local/gcc-arm-none-eabi-4_8-2014q1/bin/../lib/gcc/arm-none-eabi/4.8.3/armv6-m/crti.o
 .bss           0x00000000        0x0 /usr/local/gcc-arm-none-eabi-4_8-2014q1/bin/../lib/gcc/arm-none-eabi/4.8.3/armv6-m/crti.o
 .text          0x00000000       0x60 /usr/local/gcc-arm-none-eabi-4_8-2014q1/bin/../lib/gcc/arm-none-eabi/4.8.3/armv6-m/crtbegin.o
 .data          0x00000000        0x4 /usr/local/gcc-arm-none-eabi-4_8-2014q1/bin/../lib/gcc/arm-none-eabi/4.8.3/armv6-m/crtbegin.o
 .bss           0x00000000       0x1c /usr/local/gcc-arm-none-eabi-4_8-2014q1/bin/../lib/gcc/arm-none-eabi/4.8.3/armv6-m/crtbegin.o
 .init_array    0x00000000        0x4 /usr/local/gcc-arm-none-eabi-4_8-2014q1/bin/../lib/gcc/arm-none-eabi/4.8.3/armv6-m/crtbegin.o
 .fini_array    0x00000000        0x4 /usr/local/gcc-arm-none-eabi-4_8-2014q1/bin/../lib/gcc/arm-none-eabi/4.8.3/armv6-m/crtbegin.o
 .eh_frame      0x00000000        0x0 /usr/local/gcc-arm-none-eabi-4_8-2014q1/bin/../lib/gcc/arm-none-eabi/4.8.3/armv6-m/crtbegin.o
 .jcr           0x00000000        0x0 /usr/local/gcc-arm-none-eabi-4_8-2014q1/bin/../lib/gcc/arm-none-eabi/4.8.3/armv6-m/crtbegin.o
 .ARM.attributes
                0x00000000       0x2c /usr/local/gcc-arm-none-eabi-4_8-2014q1/bin/../lib/gcc/arm-none-eabi/4.8.3/armv6-m/crtbegin.o
 .data          0x00000000        0x0 /usr/local/gcc-arm-none-eabi-4_8-2014q1/bin/../lib/gcc/arm-none-eabi/4.8.3/../../../../arm-none-eabi/lib/armv6-m/crt0.o
 .bss           0x00000000        0x0 /usr/local/gcc-arm-none-eabi-4_8-2014q1/bin/../lib/gcc/arm-none-eabi/4.8.3/../../../../arm-none-eabi/lib/armv6-m/crt0.o
 .ARM.extab     0x00000000        0x0 /usr/local/gcc-arm-none-eabi-4_8-2014q1/bin/../lib/gcc/arm-none-eabi/4.8.3/../../../../arm-none-eabi/lib/armv6-m/crt0.o
 .text          0x00000000        0x0 /usr/local/gcc-arm-none-eabi-4_8-2014q1/bin/../lib/gcc/arm-none-eabi/4.8.3/../../../../arm-none-eabi/lib/armv6-m/libc_s.a(lib_a-exit.o)
 .data          0x00000000        0x0 /usr/local/gcc-arm-none-eabi-4_8-2014q1/bin/../lib/gcc/arm-none-eabi/4.8.3/../../../../arm-none-eabi/lib/armv6-m/libc_s.a(lib_a-exit.o)
 .bss           0x00000000        0x0 /usr/local/gcc-arm-none-eabi-4_8-2014q1/bin/../lib/gcc/arm-none-eabi/4.8.3/../../../../arm-none-eabi/lib/armv6-m/libc_s.a(lib_a-exit.o)
 .text          0x00000000        0x0 /usr/local/gcc-arm-none-eabi-4_8-2014q1/bin/../lib/gcc/arm-none-eabi/4.8.3/../../../../arm-none-eabi/lib/armv6-m/libc_s.a(lib_a-impure.o)
 .data          0x00000000        0x0 /usr/local/gcc-arm-none-eabi-4_8-2014q1/bin/../lib/gcc/arm-none-eabi/4.8.3/../../../../arm-none-eabi/lib/armv6-m/libc_s.a(lib_a-impure.o)
 .bss           0x00000000        0x0 /usr/local/gcc-arm-none-eabi-4_8-2014q1/bin/../lib/gcc/arm-none-eabi/4.8.3/../../../../arm-none-eabi/lib/armv6-m/libc_s.a(lib_a-impure.o)
 .data._impure_ptr
                0x00000000        0x4 /usr/local/gcc-arm-none-eabi-4_8-2014q1/bin/../lib/gcc/arm-none-eabi/4.8.3/../../../../arm-none-eabi/lib/armv6-m/libc_s.a(lib_a-impure.o)
 .text          0x00000000        0x0 /usr/local/gcc-arm-none-eabi-4_8-2014q1/bin/../lib/gcc/arm-none-eabi/4.8.3/../../../../arm-none-eabi/lib/armv6-m/libc_s.a(lib_a-init.o)
 .data          0x00000000        0x0 /usr/local/gcc-arm-none-eabi-4_8-2014q1/bin/../lib/gcc/arm-none-eabi/4.8.3/../../../../arm-none-eabi/lib/armv6-m/libc_s.a(lib_a-init.o)
 .bss           0x00000000        0x0 /usr/local/gcc-arm-none-eabi-4_8-2014q1/bin/../lib/gcc/arm-none-eabi/4.8.3/../../../../arm-none-eabi/lib/armv6-m/libc_s.a(lib_a-init.o)
 .text          0x00000000        0x0 /usr/local/gcc-arm-none-eabi-4_8-2014q1/bin/../lib/gcc/arm-none-eabi/4.8.3/../../../../arm-none-eabi/lib/armv6-m/libc_s.a(lib_a-memset.o)
 .data          0x00000000        0x0 /usr/local/gcc-arm-none-eabi-4_8-2014q1/bin/../lib/gcc/arm-none-eabi/4.8.3/../../../../arm-none-eabi/lib/armv6-m/libc_s.a(lib_a-memset.o)
 .bss           0x00000000        0x0 /usr/local/gcc-arm-none-eabi-4_8-2014q1/bin/../lib/gcc/arm-none-eabi/4.8.3/../../../../arm-none-eabi/lib/armv6-m/libc_s.a(lib_a-memset.o)
 .text          0x00000000        0x0 /usr/local/gcc-arm-none-eabi-4_8-2014q1/bin/../lib/gcc/arm-none-eabi/4.8.3/../../../../arm-none-eabi/lib/armv6-m/libnosys.a(_exit.o)
 .data          0x00000000        0x0 /usr/local/gcc-arm-none-eabi-4_8-2014q1/bin/../lib/gcc/arm-none-eabi/4.8.3/../../../../arm-none-eabi/lib/armv6-m/libnosys.a(_exit.o)
 .bss           0x00000000        0x0 /usr/local/gcc-arm-none-eabi-4_8-2014q1/bin/../lib/gcc/arm-none-eabi/4.8.3/../../../../arm-none-eabi/lib/armv6-m/libnosys.a(_exit.o)
 .text          0x00000000        0x0 _build/app_button.o
 .data          0x00000000        0x0 _build/app_button.o
 .bss           0x00000000        0x0 _build/app_button.o
 .text.detection_delay_timeout_handler
                0x00000000       0xa4 _build/app_button.o
 .text.gpiote_event_handler
                0x00000000       0x5c _build/app_button.o
 .text.app_button_init
                0x00000000       0xac _build/app_button.o
 .text.app_button_enable
                0x00000000       0x30 _build/app_button.o
 .text.app_button_disable
                0x00000000       0x38 _build/app_button.o
 .text.app_button_is_pushed
                0x00000000       0x2c _build/app_button.o
 .bss.m_detection_delay
                0x00000000        0x4 _build/app_button.o
 .bss.mp_buttons
                0x00000000        0x4 _build/app_button.o
 .bss.m_button_count
                0x00000000        0x1 _build/app_button.o
 .bss.m_pin_state
                0x00000000        0x4 _build/app_button.o
 .bss.m_detection_delay_timer_id
                0x00000000        0x4 _build/app_button.o
 .bss.m_pin_transition
                0x00000000        0x4 _build/app_button.o
 .comment       0x00000000       0x71 _build/app_button.o
 .ARM.attributes
                0x00000000       0x31 _build/app_button.o
 .text          0x00000000        0x0 _build/app_error.o
 .data          0x00000000        0x0 _build/app_error.o
 .bss           0x00000000        0x0 _build/app_error.o
 .text          0x00000000        0x0 _build/app_timer.o
 .data          0x00000000        0x0 _build/app_timer.o
 .bss           0x00000000        0x0 _build/app_timer.o
 .text.app_timer_stop_all
                0x00000000       0xc8 _build/app_timer.o
 .text.app_timer_cnt_get
                0x00000000       0x14 _build/app_timer.o
 .text.app_timer_cnt_diff_compute
                0x00000000        0xc _build/app_timer.o
 .text          0x00000000        0x0 _build/app_util_platform.o
 .data          0x00000000        0x0 _build/app_util_platform.o
 .bss           0x00000000        0x0 _build/app_util_platform.o
 .text.critical_region_enter
                0x00000000       0x10 _build/app_util_platform.o
 .text.critical_region_exit
                0x00000000       0x14 _build/app_util_platform.o
 .bss.m_in_critical_region
                0x00000000        0x4 _build/app_util_platform.o
 .comment       0x00000000       0x71 _build/app_util_platform.o
 .ARM.attributes
                0x00000000       0x31 _build/app_util_platform.o
 .text          0x00000000        0x0 _build/nrf_assert.o
 .data          0x00000000        0x0 _build/nrf_assert.o
 .bss           0x00000000        0x0 _build/nrf_assert.o
 .comment       0x00000000       0x71 _build/nrf_assert.o
 .ARM.attributes
                0x00000000       0x31 _build/nrf_assert.o
 .text          0x00000000        0x0 _build/nrf_delay.o
 .data          0x00000000        0x0 _build/nrf_delay.o
 .bss           0x00000000        0x0 _build/nrf_delay.o
 .text          0x00000000        0x0 _build/nrf_drv_common.o
 .data          0x00000000        0x0 _build/nrf_drv_common.o
 .bss           0x00000000        0x0 _build/nrf_drv_common.o
 .text.nrf_drv_common_irq_enable
                0x00000000       0x7c _build/nrf_drv_common.o
 .comment       0x00000000       0x71 _build/nrf_drv_common.o
 .ARM.attributes
                0x00000000       0x31 _build/nrf_drv_common.o
 .text          0x00000000        0x0 _build/nrf_drv_gpiote.o
 .data          0x00000000        0x0 _build/nrf_drv_gpiote.o
 .bss           0x00000000        0x0 _build/nrf_drv_gpiote.o
 .text.nrf_drv_gpiote_init
                0x00000000       0x6c _build/nrf_drv_gpiote.o
 .text.nrf_drv_gpiote_is_init
                0x00000000       0x10 _build/nrf_drv_gpiote.o
 .text.nrf_drv_gpiote_uninit
                0x00000000      0x104 _build/nrf_drv_gpiote.o
 .text.nrf_drv_gpiote_out_init
                0x00000000       0xd0 _build/nrf_drv_gpiote.o
 .text.nrf_drv_gpiote_out_uninit
                0x00000000       0x34 _build/nrf_drv_gpiote.o
 .text.nrf_drv_gpiote_out_set
                0x00000000       0x14 _build/nrf_drv_gpiote.o
 .text.nrf_drv_gpiote_out_clear
                0x00000000       0x14 _build/nrf_drv_gpiote.o
 .text.nrf_drv_gpiote_out_toggle
                0x00000000       0x2c _build/nrf_drv_gpiote.o
 .text.nrf_drv_gpiote_out_task_enable
                0x00000000       0x3c _build/nrf_drv_gpiote.o
 .text.nrf_drv_gpiote_out_task_disable
                0x00000000       0x24 _build/nrf_drv_gpiote.o
 .text.nrf_drv_gpiote_out_task_addr_get
                0x00000000       0x1c _build/nrf_drv_gpiote.o
 .text.nrf_drv_gpiote_out_task_force
                0x00000000       0x38 _build/nrf_drv_gpiote.o
 .text.nrf_drv_gpiote_out_task_trigger
                0x00000000       0x20 _build/nrf_drv_gpiote.o
 .text.nrf_drv_gpiote_in_init
                0x00000000      0x1b0 _build/nrf_drv_gpiote.o
 .text.nrf_drv_gpiote_in_event_enable
                0x00000000       0x98 _build/nrf_drv_gpiote.o
 .text.nrf_drv_gpiote_in_event_disable
                0x00000000       0x50 _build/nrf_drv_gpiote.o
 .text.nrf_drv_gpiote_in_uninit
                0x00000000       0x9c _build/nrf_drv_gpiote.o
 .text.nrf_drv_gpiote_in_is_set
                0x00000000       0x14 _build/nrf_drv_gpiote.o
 .text.nrf_drv_gpiote_in_event_addr_get
                0x00000000       0x20 _build/nrf_drv_gpiote.o
 .text          0x00000000        0x0 _build/nrf_soc.o
 .data          0x00000000        0x0 _build/nrf_soc.o
 .bss           0x00000000        0x0 _build/nrf_soc.o
 .text.sd_nvic_GetPendingIRQ
                0x00000000       0x2c _build/nrf_soc.o
 .text.sd_nvic_SetPendingIRQ
                0x00000000       0x1c _build/nrf_soc.o
 .text.sd_nvic_GetPriority
                0x00000000       0x44 _build/nrf_soc.o
 .text.sd_nvic_SystemReset
                0x00000000       0x18 _build/nrf_soc.o
 .text.sd_app_evt_wait
                0x00000000        0x8 _build/nrf_soc.o
 .text          0x00000000        0x0 _build/spi_master.o
 .data          0x00000000        0x0 _build/spi_master.o
 .bss           0x00000000        0x0 _build/spi_master.o
 .text.spi_master_close
                0x00000000       0xbc _build/spi_master.o
 .text.spi_master_get_state
                0x00000000       0x24 _build/spi_master.o
 .text          0x00000000        0x0 _build/bsp.o
 .data          0x00000000        0x0 _build/bsp.o
 .bss           0x00000000        0x0 _build/bsp.o
 .text.bsp_buttons_state_get
                0x00000000        0x8 _build/bsp.o
 .text.bsp_button_is_pressed
                0x00000000        0x8 _build/bsp.o
 .text.bsp_indication_text_set
                0x00000000      0x30c _build/bsp.o
 .rodata.bsp_indication_text_set
                0x00000000       0x60 _build/bsp.o
 .text.bsp_event_to_button_action_assign
                0x00000000        0x4 _build/bsp.o
 .text.bsp_buttons_enable
                0x00000000        0x4 _build/bsp.o
 .text.bsp_buttons_disable
                0x00000000        0x4 _build/bsp.o
 .text.bsp_wakeup_buttons_set
                0x00000000        0x4 _build/bsp.o
 .text          0x00000000        0x0 _build/main.o
 .data          0x00000000        0x0 _build/main.o
 .bss           0x00000000        0x0 _build/main.o
 .text          0x00000000        0x0 _build/system_nrf51.o
 .data          0x00000000        0x0 _build/system_nrf51.o
 .bss           0x00000000        0x0 _build/system_nrf51.o
 .text.SystemCoreClockUpdate
                0x00000000       0x10 _build/system_nrf51.o
 .data.SystemCoreClock
                0x00000000        0x4 _build/system_nrf51.o
 .data          0x00000000        0x0 _build/gcc_startup_nrf51.o
 .bss           0x00000000        0x0 _build/gcc_startup_nrf51.o
 .ARM.extab     0x00000000        0x0 _build/gcc_startup_nrf51.o
 .data          0x00000000        0x0 /usr/local/gcc-arm-none-eabi-4_8-2014q1/bin/../lib/gcc/arm-none-eabi/4.8.3/armv6-m/libgcc.a(_udivsi3.o)
 .bss           0x00000000        0x0 /usr/local/gcc-arm-none-eabi-4_8-2014q1/bin/../lib/gcc/arm-none-eabi/4.8.3/armv6-m/libgcc.a(_udivsi3.o)
 .data          0x00000000        0x0 /usr/local/gcc-arm-none-eabi-4_8-2014q1/bin/../lib/gcc/arm-none-eabi/4.8.3/armv6-m/libgcc.a(_dvmd_tls.o)
 .bss           0x00000000        0x0 /usr/local/gcc-arm-none-eabi-4_8-2014q1/bin/../lib/gcc/arm-none-eabi/4.8.3/armv6-m/libgcc.a(_dvmd_tls.o)
 .data          0x00000000        0x0 /usr/local/gcc-arm-none-eabi-4_8-2014q1/bin/../lib/gcc/arm-none-eabi/4.8.3/armv6-m/libgcc.a(_fixunssfsi.o)
 .bss           0x00000000        0x0 /usr/local/gcc-arm-none-eabi-4_8-2014q1/bin/../lib/gcc/arm-none-eabi/4.8.3/armv6-m/libgcc.a(_fixunssfsi.o)
 .data          0x00000000        0x0 /usr/local/gcc-arm-none-eabi-4_8-2014q1/bin/../lib/gcc/arm-none-eabi/4.8.3/armv6-m/libgcc.a(divsf3.o)
 .bss           0x00000000        0x0 /usr/local/gcc-arm-none-eabi-4_8-2014q1/bin/../lib/gcc/arm-none-eabi/4.8.3/armv6-m/libgcc.a(divsf3.o)
 .data          0x00000000        0x0 /usr/local/gcc-arm-none-eabi-4_8-2014q1/bin/../lib/gcc/arm-none-eabi/4.8.3/armv6-m/libgcc.a(mulsf3.o)
 .bss           0x00000000        0x0 /usr/local/gcc-arm-none-eabi-4_8-2014q1/bin/../lib/gcc/arm-none-eabi/4.8.3/armv6-m/libgcc.a(mulsf3.o)
 .data          0x00000000        0x0 /usr/local/gcc-arm-none-eabi-4_8-2014q1/bin/../lib/gcc/arm-none-eabi/4.8.3/armv6-m/libgcc.a(subsf3.o)
 .bss           0x00000000        0x0 /usr/local/gcc-arm-none-eabi-4_8-2014q1/bin/../lib/gcc/arm-none-eabi/4.8.3/armv6-m/libgcc.a(subsf3.o)
 .data          0x00000000        0x0 /usr/local/gcc-arm-none-eabi-4_8-2014q1/bin/../lib/gcc/arm-none-eabi/4.8.3/armv6-m/libgcc.a(fixsfsi.o)
 .bss           0x00000000        0x0 /usr/local/gcc-arm-none-eabi-4_8-2014q1/bin/../lib/gcc/arm-none-eabi/4.8.3/armv6-m/libgcc.a(fixsfsi.o)
 .data          0x00000000        0x0 /usr/local/gcc-arm-none-eabi-4_8-2014q1/bin/../lib/gcc/arm-none-eabi/4.8.3/armv6-m/libgcc.a(floatunsisf.o)
 .bss           0x00000000        0x0 /usr/local/gcc-arm-none-eabi-4_8-2014q1/bin/../lib/gcc/arm-none-eabi/4.8.3/armv6-m/libgcc.a(floatunsisf.o)
 .data          0x00000000        0x0 /usr/local/gcc-arm-none-eabi-4_8-2014q1/bin/../lib/gcc/arm-none-eabi/4.8.3/armv6-m/libgcc.a(_arm_cmpsf2.o)
 .bss           0x00000000        0x0 /usr/local/gcc-arm-none-eabi-4_8-2014q1/bin/../lib/gcc/arm-none-eabi/4.8.3/armv6-m/libgcc.a(_arm_cmpsf2.o)
 .data          0x00000000        0x0 /usr/local/gcc-arm-none-eabi-4_8-2014q1/bin/../lib/gcc/arm-none-eabi/4.8.3/armv6-m/libgcc.a(_clzsi2.o)
 .bss           0x00000000        0x0 /usr/local/gcc-arm-none-eabi-4_8-2014q1/bin/../lib/gcc/arm-none-eabi/4.8.3/armv6-m/libgcc.a(_clzsi2.o)
 .data          0x00000000        0x0 /usr/local/gcc-arm-none-eabi-4_8-2014q1/bin/../lib/gcc/arm-none-eabi/4.8.3/armv6-m/libgcc.a(eqsf2.o)
 .bss           0x00000000        0x0 /usr/local/gcc-arm-none-eabi-4_8-2014q1/bin/../lib/gcc/arm-none-eabi/4.8.3/armv6-m/libgcc.a(eqsf2.o)
 .data          0x00000000        0x0 /usr/local/gcc-arm-none-eabi-4_8-2014q1/bin/../lib/gcc/arm-none-eabi/4.8.3/armv6-m/libgcc.a(gesf2.o)
 .bss           0x00000000        0x0 /usr/local/gcc-arm-none-eabi-4_8-2014q1/bin/../lib/gcc/arm-none-eabi/4.8.3/armv6-m/libgcc.a(gesf2.o)
 .data          0x00000000        0x0 /usr/local/gcc-arm-none-eabi-4_8-2014q1/bin/../lib/gcc/arm-none-eabi/4.8.3/armv6-m/libgcc.a(lesf2.o)
 .bss           0x00000000        0x0 /usr/local/gcc-arm-none-eabi-4_8-2014q1/bin/../lib/gcc/arm-none-eabi/4.8.3/armv6-m/libgcc.a(lesf2.o)
 .text          0x00000000        0x0 /usr/local/gcc-arm-none-eabi-4_8-2014q1/bin/../lib/gcc/arm-none-eabi/4.8.3/armv6-m/crtend.o
 .data          0x00000000        0x0 /usr/local/gcc-arm-none-eabi-4_8-2014q1/bin/../lib/gcc/arm-none-eabi/4.8.3/armv6-m/crtend.o
 .bss           0x00000000        0x0 /usr/local/gcc-arm-none-eabi-4_8-2014q1/bin/../lib/gcc/arm-none-eabi/4.8.3/armv6-m/crtend.o
 .eh_frame      0x00000000        0x4 /usr/local/gcc-arm-none-eabi-4_8-2014q1/bin/../lib/gcc/arm-none-eabi/4.8.3/armv6-m/crtend.o
 .jcr           0x00000000        0x4 /usr/local/gcc-arm-none-eabi-4_8-2014q1/bin/../lib/gcc/arm-none-eabi/4.8.3/armv6-m/crtend.o
 .ARM.attributes
                0x00000000       0x2c /usr/local/gcc-arm-none-eabi-4_8-2014q1/bin/../lib/gcc/arm-none-eabi/4.8.3/armv6-m/crtend.o
 .text          0x00000000        0x0 /usr/local/gcc-arm-none-eabi-4_8-2014q1/bin/../lib/gcc/arm-none-eabi/4.8.3/armv6-m/crtn.o
 .data          0x00000000        0x0 /usr/local/gcc-arm-none-eabi-4_8-2014q1/bin/../lib/gcc/arm-none-eabi/4.8.3/armv6-m/crtn.o
 .bss           0x00000000        0x0 /usr/local/gcc-arm-none-eabi-4_8-2014q1/bin/../lib/gcc/arm-none-eabi/4.8.3/armv6-m/crtn.o

Memory Configuration

Name             Origin             Length             Attributes
FLASH            0x00000000         0x00040000         xr
RAM              0x20000000         0x00004000         xrw
*default*        0x00000000         0xffffffff

Linker script and memory map

LOAD /usr/local/gcc-arm-none-eabi-4_8-2014q1/bin/../lib/gcc/arm-none-eabi/4.8.3/armv6-m/crti.o
LOAD /usr/local/gcc-arm-none-eabi-4_8-2014q1/bin/../lib/gcc/arm-none-eabi/4.8.3/armv6-m/crtbegin.o
LOAD /usr/local/gcc-arm-none-eabi-4_8-2014q1/bin/../lib/gcc/arm-none-eabi/4.8.3/../../../../arm-none-eabi/lib/armv6-m/crt0.o
LOAD /usr/local/gcc-arm-none-eabi-4_8-2014q1/bin/../lib/gcc/arm-none-eabi/4.8.3/../../../../arm-none-eabi/lib/armv6-m/libc_s.a
LOAD /usr/local/gcc-arm-none-eabi-4_8-2014q1/bin/../lib/gcc/arm-none-eabi/4.8.3/../../../../arm-none-eabi/lib/armv6-m/libnosys.a
LOAD _build/app_button.o
LOAD _build/app_error.o
LOAD _build/app_timer.o
LOAD _build/app_util_platform.o
LOAD _build/nrf_assert.o
LOAD _build/nrf_delay.o
LOAD _build/nrf_drv_common.o
LOAD _build/nrf_drv_gpiote.o
LOAD _build/nrf_soc.o
LOAD _build/spi_master.o
LOAD _build/bsp.o
LOAD _build/main.o
LOAD _build/system_nrf51.o
LOAD _build/gcc_startup_nrf51.o
START GROUP
LOAD /usr/local/gcc-arm-none-eabi-4_8-2014q1/bin/../lib/gcc/arm-none-eabi/4.8.3/armv6-m/libgcc.a
LOAD /usr/local/gcc-arm-none-eabi-4_8-2014q1/bin/../lib/gcc/arm-none-eabi/4.8.3/../../../../arm-none-eabi/lib/armv6-m/libc_s.a
END GROUP
START GROUP
LOAD /usr/local/gcc-arm-none-eabi-4_8-2014q1/bin/../lib/gcc/arm-none-eabi/4.8.3/armv6-m/libgcc.a
LOAD /usr/local/gcc-arm-none-eabi-4_8-2014q1/bin/../lib/gcc/arm-none-eabi/4.8.3/../../../../arm-none-eabi/lib/armv6-m/libc_s.a
END GROUP
LOAD /usr/local/gcc-arm-none-eabi-4_8-2014q1/bin/../lib/gcc/arm-none-eabi/4.8.3/armv6-m/crtend.o
LOAD /usr/local/gcc-arm-none-eabi-4_8-2014q1/bin/../lib/gcc/arm-none-eabi/4.8.3/armv6-m/crtn.o
START GROUP
LOAD /usr/local/gcc-arm-none-eabi-4_8-2014q1/bin/../lib/gcc/arm-none-eabi/4.8.3/armv6-m/libgcc.a
LOAD /usr/local/gcc-arm-none-eabi-4_8-2014q1/bin/../lib/gcc/arm-none-eabi/4.8.3/../../../../arm-none-eabi/lib/armv6-m/libc.a
LOAD /usr/local/gcc-arm-none-eabi-4_8-2014q1/bin/../lib/gcc/arm-none-eabi/4.8.3/../../../../arm-none-eabi/lib/armv6-m/libnosys.a
END GROUP

.text           0x00000000     0x2838
 *(.Vectors)
 .Vectors       0x00000000       0xc0 _build/gcc_startup_nrf51.o
                0x00000000                __Vectors
 *(.text*)
 .text          0x000000c0       0x78 /usr/local/gcc-arm-none-eabi-4_8-2014q1/bin/../lib/gcc/arm-none-eabi/4.8.3/../../../../arm-none-eabi/lib/armv6-m/crt0.o
                0x000000c0                _mainCRTStartup
                0x000000c0                _start
 .text.exit     0x00000138       0x2c /usr/local/gcc-arm-none-eabi-4_8-2014q1/bin/../lib/gcc/arm-none-eabi/4.8.3/../../../../arm-none-eabi/lib/armv6-m/libc_s.a(lib_a-exit.o)
                0x00000138                exit
 .text.__libc_init_array
                0x00000164       0x4c /usr/local/gcc-arm-none-eabi-4_8-2014q1/bin/../lib/gcc/arm-none-eabi/4.8.3/../../../../arm-none-eabi/lib/armv6-m/libc_s.a(lib_a-init.o)
                0x00000164                __libc_init_array
 .text.memset   0x000001b0       0x10 /usr/local/gcc-arm-none-eabi-4_8-2014q1/bin/../lib/gcc/arm-none-eabi/4.8.3/../../../../arm-none-eabi/lib/armv6-m/libc_s.a(lib_a-memset.o)
                0x000001b0                memset
 .text._exit    0x000001c0        0x4 /usr/local/gcc-arm-none-eabi-4_8-2014q1/bin/../lib/gcc/arm-none-eabi/4.8.3/../../../../arm-none-eabi/lib/armv6-m/libnosys.a(_exit.o)
                0x000001c0                _exit
 .text.app_error_handler
                0x000001c4       0x18 _build/app_error.o
                0x000001c4                app_error_handler
 .text.rtc1_stop
                0x000001dc       0x7c _build/app_timer.o
 .text.RTC1_IRQHandler
                0x00000258       0xec _build/app_timer.o
                0x00000258                RTC1_IRQHandler
 .text.SWI0_IRQHandler
                0x00000344      0x4d0 _build/app_timer.o
                0x00000344                SWI0_IRQHandler
 .text.app_timer_init
                0x00000814      0x124 _build/app_timer.o
                0x00000814                app_timer_init
 .text.app_timer_create
                0x00000938       0x68 _build/app_timer.o
                0x00000938                app_timer_create
 .text.app_timer_start
                0x000009a0      0x11c _build/app_timer.o
                0x000009a0                app_timer_start
 .text.app_timer_stop
                0x00000abc       0xe8 _build/app_timer.o
                0x00000abc                app_timer_stop
 .text.nrf_delay_ms
                0x00000ba4       0x3c _build/nrf_delay.o
                0x00000ba4                nrf_delay_ms
 .text.GPIOTE_IRQHandler
                0x00000be0      0x240 _build/nrf_drv_gpiote.o
                0x00000be0                GPIOTE_IRQHandler
 .text.sd_nvic_EnableIRQ
                0x00000e20       0x18 _build/nrf_soc.o
                0x00000e20                sd_nvic_EnableIRQ
 .text.sd_nvic_DisableIRQ
                0x00000e38       0x18 _build/nrf_soc.o
                0x00000e38                sd_nvic_DisableIRQ
 .text.sd_nvic_ClearPendingIRQ
                0x00000e50       0x1c _build/nrf_soc.o
                0x00000e50                sd_nvic_ClearPendingIRQ
 .text.sd_nvic_SetPriority
                0x00000e6c       0x68 _build/nrf_soc.o
                0x00000e6c                sd_nvic_SetPriority
 .text.sd_nvic_critical_region_enter
                0x00000ed4       0x1c _build/nrf_soc.o
                0x00000ed4                sd_nvic_critical_region_enter
 .text.sd_nvic_critical_region_exit
                0x00000ef0       0x1c _build/nrf_soc.o
                0x00000ef0                sd_nvic_critical_region_exit
 .text.SPI0_TWI0_IRQHandler
                0x00000f0c       0xf4 _build/spi_master.o
                0x00000f0c                SPI0_TWI0_IRQHandler
 .text.spi_master_open
                0x00001000      0x154 _build/spi_master.o
                0x00001000                spi_master_open
 .text.spi_master_evt_handler_reg
                0x00001154       0x20 _build/spi_master.o
                0x00001154                spi_master_evt_handler_reg
 .text.spi_master_send_recv
                0x00001174      0x1cc _build/spi_master.o
                0x00001174                spi_master_send_recv
 .text.alert_timer_handler
                0x00001340       0x28 _build/bsp.o
 .text.leds_timer_handler
                0x00001368      0x23c _build/bsp.o
 .text.bsp_indication_set
                0x000015a4      0x30c _build/bsp.o
                0x000015a4                bsp_indication_set
 .text.bsp_init
                0x000018b0       0x60 _build/bsp.o
                0x000018b0                bsp_init
 .text.spi_master_event_handler
                0x00001910       0x30 _build/main.o
 .text.bsp_configuration
                0x00001940       0x60 _build/main.o
                0x00001940                bsp_configuration
 .text.startup.main
                0x000019a0       0xe0 _build/main.o
                0x000019a0                main
 .text.SystemInit
                0x00001a80       0x8c _build/system_nrf51.o
                0x00001a80                SystemInit
 .text          0x00001b0c       0x54 _build/gcc_startup_nrf51.o
                0x00001b0c                Reset_Handler
                0x00001b54                NMI_Handler
                0x00001b56                HardFault_Handler
                0x00001b58                SVC_Handler
                0x00001b5a                PendSV_Handler
                0x00001b5c                SysTick_Handler
                0x00001b5e                TIMER2_IRQHandler
                0x00001b5e                RTC0_IRQHandler
                0x00001b5e                POWER_CLOCK_IRQHandler
                0x00001b5e                RADIO_IRQHandler
                0x00001b5e                LPCOMP_IRQHandler
                0x00001b5e                SWI4_IRQHandler
                0x00001b5e                TEMP_IRQHandler
                0x00001b5e                QDEC_IRQHandler
                0x00001b5e                UART0_IRQHandler
                0x00001b5e                SWI5_IRQHandler
                0x00001b5e                TIMER0_IRQHandler
                0x00001b5e                TIMER1_IRQHandler
                0x00001b5e                ECB_IRQHandler
                0x00001b5e                Default_Handler
                0x00001b5e                ADC_IRQHandler
                0x00001b5e                SWI3_IRQHandler
                0x00001b5e                CCM_AAR_IRQHandler
                0x00001b5e                WDT_IRQHandler
                0x00001b5e                SWI2_IRQHandler
                0x00001b5e                RNG_IRQHandler
                0x00001b5e                SPI1_TWI1_IRQHandler
                0x00001b5e                SWI1_IRQHandler
 .text          0x00001b60       0x9c /usr/local/gcc-arm-none-eabi-4_8-2014q1/bin/../lib/gcc/arm-none-eabi/4.8.3/armv6-m/libgcc.a(_udivsi3.o)
                0x00001b60                __udivsi3
                0x00001b60                __aeabi_uidiv
                0x00001be8                __aeabi_uidivmod
 .text          0x00001bfc        0x4 /usr/local/gcc-arm-none-eabi-4_8-2014q1/bin/../lib/gcc/arm-none-eabi/4.8.3/armv6-m/libgcc.a(_dvmd_tls.o)
                0x00001bfc                __aeabi_ldiv0
                0x00001bfc                __aeabi_idiv0
 .text          0x00001c00       0x30 /usr/local/gcc-arm-none-eabi-4_8-2014q1/bin/../lib/gcc/arm-none-eabi/4.8.3/armv6-m/libgcc.a(_fixunssfsi.o)
                0x00001c00                __aeabi_f2uiz
                0x00001c00                __fixunssfsi
 .text          0x00001c30      0x24c /usr/local/gcc-arm-none-eabi-4_8-2014q1/bin/../lib/gcc/arm-none-eabi/4.8.3/armv6-m/libgcc.a(divsf3.o)
                0x00001c30                __aeabi_fdiv
 .text          0x00001e7c      0x254 /usr/local/gcc-arm-none-eabi-4_8-2014q1/bin/../lib/gcc/arm-none-eabi/4.8.3/armv6-m/libgcc.a(mulsf3.o)
                0x00001e7c                __aeabi_fmul
 .text          0x000020d0      0x2e0 /usr/local/gcc-arm-none-eabi-4_8-2014q1/bin/../lib/gcc/arm-none-eabi/4.8.3/armv6-m/libgcc.a(subsf3.o)
                0x000020d0                __aeabi_fsub
 .text          0x000023b0       0x40 /usr/local/gcc-arm-none-eabi-4_8-2014q1/bin/../lib/gcc/arm-none-eabi/4.8.3/armv6-m/libgcc.a(fixsfsi.o)
                0x000023b0                __aeabi_f2iz
 .text          0x000023f0       0xa0 /usr/local/gcc-arm-none-eabi-4_8-2014q1/bin/../lib/gcc/arm-none-eabi/4.8.3/armv6-m/libgcc.a(floatunsisf.o)
                0x000023f0                __aeabi_ui2f
 .text          0x00002490       0x74 /usr/local/gcc-arm-none-eabi-4_8-2014q1/bin/../lib/gcc/arm-none-eabi/4.8.3/armv6-m/libgcc.a(_arm_cmpsf2.o)
                0x00002490                __aeabi_cfrcmple
                0x00002498                __aeabi_cfcmple
                0x00002498                __aeabi_cfcmpeq
                0x000024a8                __aeabi_fcmpeq
                0x000024b4                __aeabi_fcmplt
                0x000024c8                __aeabi_fcmple
                0x000024dc                __aeabi_fcmpgt
                0x000024f0                __aeabi_fcmpge
 .text          0x00002504       0x3c /usr/local/gcc-arm-none-eabi-4_8-2014q1/bin/../lib/gcc/arm-none-eabi/4.8.3/armv6-m/libgcc.a(_clzsi2.o)
                0x00002504                __clzsi2
 .text          0x00002540       0x54 /usr/local/gcc-arm-none-eabi-4_8-2014q1/bin/../lib/gcc/arm-none-eabi/4.8.3/armv6-m/libgcc.a(eqsf2.o)
                0x00002540                __nesf2
                0x00002540                __eqsf2
 .text          0x00002594       0x90 /usr/local/gcc-arm-none-eabi-4_8-2014q1/bin/../lib/gcc/arm-none-eabi/4.8.3/armv6-m/libgcc.a(gesf2.o)
                0x00002594                __gtsf2
                0x00002594                __gesf2
 .text          0x00002624       0x98 /usr/local/gcc-arm-none-eabi-4_8-2014q1/bin/../lib/gcc/arm-none-eabi/4.8.3/armv6-m/libgcc.a(lesf2.o)
                0x00002624                __lesf2
                0x00002624                __ltsf2
 *(.init)
 .init          0x000026bc        0x4 /usr/local/gcc-arm-none-eabi-4_8-2014q1/bin/../lib/gcc/arm-none-eabi/4.8.3/armv6-m/crti.o
                0x000026bc                _init
 .init          0x000026c0        0x8 /usr/local/gcc-arm-none-eabi-4_8-2014q1/bin/../lib/gcc/arm-none-eabi/4.8.3/armv6-m/crtn.o
 *(.fini)
 .fini          0x000026c8        0x4 /usr/local/gcc-arm-none-eabi-4_8-2014q1/bin/../lib/gcc/arm-none-eabi/4.8.3/armv6-m/crti.o
                0x000026c8                _fini
 .fini          0x000026cc        0x8 /usr/local/gcc-arm-none-eabi-4_8-2014q1/bin/../lib/gcc/arm-none-eabi/4.8.3/armv6-m/crtn.o
 *crtbegin.o(.ctors)
 *crtbegin?.o(.ctors)
 *(EXCLUDE_FILE(*crtend.o *crtend?.o) .ctors)
 *(SORT(.ctors.*))
 *(.ctors)
 *crtbegin.o(.dtors)
 *crtbegin?.o(.dtors)
 *(EXCLUDE_FILE(*crtend.o *crtend?.o) .dtors)
 *(SORT(.dtors.*))
 *(.dtors)
 *(.rodata*)
 .rodata.str1.1
                0x000026d4        0x2 /usr/local/gcc-arm-none-eabi-4_8-2014q1/bin/../lib/gcc/arm-none-eabi/4.8.3/../../../../arm-none-eabi/lib/armv6-m/libc_s.a(lib_a-impure.o)
 *fill*         0x000026d6        0x2 
 .rodata._global_impure_ptr
                0x000026d8        0x4 /usr/local/gcc-arm-none-eabi-4_8-2014q1/bin/../lib/gcc/arm-none-eabi/4.8.3/../../../../arm-none-eabi/lib/armv6-m/libc_s.a(lib_a-impure.o)
                0x000026d8                _global_impure_ptr
 .rodata.leds_timer_handler
                0x000026dc       0x60 _build/bsp.o
 .rodata.bsp_indication_set
                0x0000273c       0x60 _build/bsp.o
 .rodata        0x0000279c       0x1c _build/main.o
 .rodata        0x000027b8       0x40 /usr/local/gcc-arm-none-eabi-4_8-2014q1/bin/../lib/gcc/arm-none-eabi/4.8.3/armv6-m/libgcc.a(divsf3.o)
 .rodata        0x000027f8       0x40 /usr/local/gcc-arm-none-eabi-4_8-2014q1/bin/../lib/gcc/arm-none-eabi/4.8.3/armv6-m/libgcc.a(mulsf3.o)
 *(.eh_frame*)
                0x00002838                . = ALIGN (0x4)

.glue_7         0x00002838        0x0
 .glue_7        0x00000000        0x0 linker stubs

.glue_7t        0x00002838        0x0
 .glue_7t       0x00000000        0x0 linker stubs

.vfp11_veneer   0x00002838        0x0
 .vfp11_veneer  0x00000000        0x0 linker stubs

.v4_bx          0x00002838        0x0
 .v4_bx         0x00000000        0x0 linker stubs

.iplt           0x00002838        0x0
 .iplt          0x00000000        0x0 /usr/local/gcc-arm-none-eabi-4_8-2014q1/bin/../lib/gcc/arm-none-eabi/4.8.3/armv6-m/crtbegin.o

.ARM.extab      0x00002838        0x0
 *(.ARM.extab* .gnu.linkonce.armextab.*)
                0x00002838                . = ALIGN (0x4)
                0x00002838                __exidx_start = .

.ARM.exidx      0x00002838        0x8
 *(.ARM.exidx* .gnu.linkonce.armexidx.*)
 .ARM.exidx     0x00002838        0x8 /usr/local/gcc-arm-none-eabi-4_8-2014q1/bin/../lib/gcc/arm-none-eabi/4.8.3/../../../../arm-none-eabi/lib/armv6-m/crt0.o
 .ARM.exidx     0x00002840        0x0 _build/gcc_startup_nrf51.o
                                  0x8 (size before relaxing)
                0x00002840                . = ALIGN (0x4)
                0x00002840                __exidx_end = .
                0x00002840                __etext = .

.rel.dyn        0x00002840        0x0
 .rel.iplt      0x00000000        0x0 /usr/local/gcc-arm-none-eabi-4_8-2014q1/bin/../lib/gcc/arm-none-eabi/4.8.3/armv6-m/crtbegin.o

.data           0x20000000       0x64 load address 0x00002840
                0x20000000                __data_start__ = .
 *(vtable)
 *(.data*)
 .data.impure_data
                0x20000000       0x60 /usr/local/gcc-arm-none-eabi-4_8-2014q1/bin/../lib/gcc/arm-none-eabi/4.8.3/../../../../arm-none-eabi/lib/armv6-m/libc_s.a(lib_a-impure.o)
 .data.m_transfer_completed
                0x20000060        0x1 _build/main.o
                0x20000064                . = ALIGN (0x4)
 *fill*         0x20000061        0x3 
                0x20000064                PROVIDE (__preinit_array_start, .)
 *(.preinit_array)
                0x20000064                PROVIDE (__preinit_array_end, .)
                0x20000064                . = ALIGN (0x4)
                0x20000064                PROVIDE (__init_array_start, .)
 *(SORT(.init_array.*))
 *(.init_array)
                0x20000064                PROVIDE (__init_array_end, .)
                0x20000064                . = ALIGN (0x4)
                0x20000064                PROVIDE (__fini_array_start, .)
 *(SORT(.fini_array.*))
 *(.fini_array)
                0x20000064                PROVIDE (__fini_array_end, .)
 *(.jcr)
                0x20000064                . = ALIGN (0x4)
                0x20000064                __data_end__ = .

.igot.plt       0x20000064        0x0 load address 0x000028a4
 .igot.plt      0x00000000        0x0 /usr/local/gcc-arm-none-eabi-4_8-2014q1/bin/../lib/gcc/arm-none-eabi/4.8.3/armv6-m/crtbegin.o

.bss            0x20000064      0x250 load address 0x000028a4
                0x20000064                . = ALIGN (0x4)
                0x20000064                __bss_start__ = .
 *(.bss*)
 .bss.m_ticks_latest
                0x20000064        0x4 _build/app_timer.o
 .bss.m_evt_schedule_func
                0x20000068        0x4 _build/app_timer.o
 .bss.mp_nodes  0x2000006c        0x4 _build/app_timer.o
 .bss.m_user_array_size
                0x20000070        0x1 _build/app_timer.o
 *fill*         0x20000071        0x3 
 .bss.mp_users  0x20000074        0x4 _build/app_timer.o
 .bss.m_ticks_elapsed_q_read_ind
                0x20000078        0x1 _build/app_timer.o
 .bss.m_ticks_elapsed_q_write_ind
                0x20000079        0x1 _build/app_timer.o
 .bss.m_node_array_size
                0x2000007a        0x1 _build/app_timer.o
 *fill*         0x2000007b        0x1 
 .bss.m_timer_id_head
                0x2000007c        0x4 _build/app_timer.o
 .bss.m_rtc1_reset
                0x20000080        0x1 _build/app_timer.o
 *fill*         0x20000081        0x3 
 .bss.m_ticks_elapsed
                0x20000084        0x8 _build/app_timer.o
 .bss.m_rtc1_running
                0x2000008c        0x1 _build/app_timer.o
 *fill*         0x2000008d        0x3 
 .bss.m_cb      0x20000090       0x50 _build/nrf_drv_gpiote.o
 .bss.m_in_critical_region
                0x200000e0        0x1 _build/nrf_soc.o
 *fill*         0x200000e1        0x3 
 .bss.m_spi_master_instances
                0x200000e4       0x28 _build/spi_master.o
 .bss.m_indication_type
                0x2000010c        0x4 _build/bsp.o
 .bss.m_app_ticks_per_100ms
                0x20000110        0x4 _build/bsp.o
 .bss.m_alert_timer_id
                0x20000114        0x4 _build/bsp.o
 .bss.m_stable_state
                0x20000118        0x1 _build/bsp.o
 *fill*         0x20000119        0x3 
 .bss.m_leds_timer_id
                0x2000011c        0x4 _build/bsp.o
 .bss.APP_TIMER_BUF.6345
                0x20000120      0x188 _build/main.o
 .bss.m_tx_data
                0x200002a8        0x4 _build/main.o
 .bss.m_rx_data
                0x200002ac        0x4 _build/main.o
 .bss.counter   0x200002b0        0x1 _build/main.o
                0x200002b0                counter
 *(COMMON)
                0x200002b4                . = ALIGN (0x4)
 *fill*         0x200002b1        0x3 
                0x200002b4                __bss_end__ = .

.heap           0x200002b8      0x800
                0x200002b8                __end__ = .
                0x200002b8                end = __end__
 *(.heap*)
 .heap          0x200002b8      0x800 _build/gcc_startup_nrf51.o
                0x200002b8                __HeapBase
                0x20000ab8                __HeapLimit = .

.stack_dummy    0x200002b8      0x800
 *(.stack*)
 .stack         0x200002b8      0x800 _build/gcc_startup_nrf51.o
                0x20004000                __StackTop = (ORIGIN (RAM) + 0x4000)
                0x20003800                __StackLimit = (__StackTop - SIZEOF (.stack_dummy))
                0x20004000                PROVIDE (__stack, __StackTop)
                0x00000001                ASSERT ((__StackLimit >= __HeapLimit), region RAM overflowed with stack)
OUTPUT(_build/nrf51422_xxac.out elf32-littlearm)

.ARM.attributes
                0x00000000       0x28
 .ARM.attributes
                0x00000000       0x1e /usr/local/gcc-arm-none-eabi-4_8-2014q1/bin/../lib/gcc/arm-none-eabi/4.8.3/armv6-m/crti.o
 .ARM.attributes
                0x0000001e       0x1b /usr/local/gcc-arm-none-eabi-4_8-2014q1/bin/../lib/gcc/arm-none-eabi/4.8.3/../../../../arm-none-eabi/lib/armv6-m/crt0.o
 .ARM.attributes
                0x00000039       0x2c /usr/local/gcc-arm-none-eabi-4_8-2014q1/bin/../lib/gcc/arm-none-eabi/4.8.3/../../../../arm-none-eabi/lib/armv6-m/libc_s.a(lib_a-exit.o)
 .ARM.attributes
                0x00000065       0x2c /usr/local/gcc-arm-none-eabi-4_8-2014q1/bin/../lib/gcc/arm-none-eabi/4.8.3/../../../../arm-none-eabi/lib/armv6-m/libc_s.a(lib_a-impure.o)
 .ARM.attributes
                0x00000091       0x2c /usr/local/gcc-arm-none-eabi-4_8-2014q1/bin/../lib/gcc/arm-none-eabi/4.8.3/../../../../arm-none-eabi/lib/armv6-m/libc_s.a(lib_a-init.o)
 .ARM.attributes
                0x000000bd       0x2c /usr/local/gcc-arm-none-eabi-4_8-2014q1/bin/../lib/gcc/arm-none-eabi/4.8.3/../../../../arm-none-eabi/lib/armv6-m/libc_s.a(lib_a-memset.o)
 .ARM.attributes
                0x000000e9       0x2c /usr/local/gcc-arm-none-eabi-4_8-2014q1/bin/../lib/gcc/arm-none-eabi/4.8.3/../../../../arm-none-eabi/lib/armv6-m/libnosys.a(_exit.o)
 .ARM.attributes
                0x00000115       0x31 _build/app_error.o
 .ARM.attributes
                0x00000146       0x31 _build/app_timer.o
 .ARM.attributes
                0x00000177       0x31 _build/nrf_delay.o
 .ARM.attributes
                0x000001a8       0x31 _build/nrf_drv_gpiote.o
 .ARM.attributes
                0x000001d9       0x31 _build/nrf_soc.o
 .ARM.attributes
                0x0000020a       0x31 _build/spi_master.o
 .ARM.attributes
                0x0000023b       0x31 _build/bsp.o
 .ARM.attributes
                0x0000026c       0x31 _build/main.o
 .ARM.attributes
                0x0000029d       0x31 _build/system_nrf51.o
 .ARM.attributes
                0x000002ce       0x1b _build/gcc_startup_nrf51.o
 .ARM.attributes
                0x000002e9       0x1e /usr/local/gcc-arm-none-eabi-4_8-2014q1/bin/../lib/gcc/arm-none-eabi/4.8.3/armv6-m/libgcc.a(_udivsi3.o)
 .ARM.attributes
                0x00000307       0x1e /usr/local/gcc-arm-none-eabi-4_8-2014q1/bin/../lib/gcc/arm-none-eabi/4.8.3/armv6-m/libgcc.a(_dvmd_tls.o)
 .ARM.attributes
                0x00000325       0x2c /usr/local/gcc-arm-none-eabi-4_8-2014q1/bin/../lib/gcc/arm-none-eabi/4.8.3/armv6-m/libgcc.a(_fixunssfsi.o)
 .ARM.attributes
                0x00000351       0x2c /usr/local/gcc-arm-none-eabi-4_8-2014q1/bin/../lib/gcc/arm-none-eabi/4.8.3/armv6-m/libgcc.a(divsf3.o)
 .ARM.attributes
                0x0000037d       0x2c /usr/local/gcc-arm-none-eabi-4_8-2014q1/bin/../lib/gcc/arm-none-eabi/4.8.3/armv6-m/libgcc.a(mulsf3.o)
 .ARM.attributes
                0x000003a9       0x2c /usr/local/gcc-arm-none-eabi-4_8-2014q1/bin/../lib/gcc/arm-none-eabi/4.8.3/armv6-m/libgcc.a(subsf3.o)
 .ARM.attributes
                0x000003d5       0x2c /usr/local/gcc-arm-none-eabi-4_8-2014q1/bin/../lib/gcc/arm-none-eabi/4.8.3/armv6-m/libgcc.a(fixsfsi.o)
 .ARM.attributes
                0x00000401       0x2c /usr/local/gcc-arm-none-eabi-4_8-2014q1/bin/../lib/gcc/arm-none-eabi/4.8.3/armv6-m/libgcc.a(floatunsisf.o)
 .ARM.attributes
                0x0000042d       0x1e /usr/local/gcc-arm-none-eabi-4_8-2014q1/bin/../lib/gcc/arm-none-eabi/4.8.3/armv6-m/libgcc.a(_arm_cmpsf2.o)
 .ARM.attributes
                0x0000044b       0x1e /usr/local/gcc-arm-none-eabi-4_8-2014q1/bin/../lib/gcc/arm-none-eabi/4.8.3/armv6-m/libgcc.a(_clzsi2.o)
 .ARM.attributes
                0x00000469       0x2c /usr/local/gcc-arm-none-eabi-4_8-2014q1/bin/../lib/gcc/arm-none-eabi/4.8.3/armv6-m/libgcc.a(eqsf2.o)
 .ARM.attributes
                0x00000495       0x2c /usr/local/gcc-arm-none-eabi-4_8-2014q1/bin/../lib/gcc/arm-none-eabi/4.8.3/armv6-m/libgcc.a(gesf2.o)
 .ARM.attributes
                0x000004c1       0x2c /usr/local/gcc-arm-none-eabi-4_8-2014q1/bin/../lib/gcc/arm-none-eabi/4.8.3/armv6-m/libgcc.a(lesf2.o)
 .ARM.attributes
                0x000004ed       0x1e /usr/local/gcc-arm-none-eabi-4_8-2014q1/bin/../lib/gcc/arm-none-eabi/4.8.3/armv6-m/crtn.o

.comment        0x00000000       0x70
 .comment       0x00000000       0x70 _build/app_error.o
                                 0x71 (size before relaxing)
 .comment       0x00000000       0x71 _build/app_timer.o
 .comment       0x00000000       0x71 _build/nrf_delay.o
 .comment       0x00000000       0x71 _build/nrf_drv_gpiote.o
 .comment       0x00000000       0x71 _build/nrf_soc.o
 .comment       0x00000000       0x71 _build/spi_master.o
 .comment       0x00000000       0x71 _build/bsp.o
 .comment       0x00000000       0x71 _build/main.o
 .comment       0x00000000       0x71 _build/system_nrf51.o

.debug_frame    0x00000000      0x258
 .debug_frame   0x00000000       0x28 /usr/local/gcc-arm-none-eabi-4_8-2014q1/bin/../lib/gcc/arm-none-eabi/4.8.3/../../../../arm-none-eabi/lib/armv6-m/libc_s.a(lib_a-exit.o)
 .debug_frame   0x00000028       0x2c /usr/local/gcc-arm-none-eabi-4_8-2014q1/bin/../lib/gcc/arm-none-eabi/4.8.3/../../../../arm-none-eabi/lib/armv6-m/libc_s.a(lib_a-init.o)
 .debug_frame   0x00000054       0x20 /usr/local/gcc-arm-none-eabi-4_8-2014q1/bin/../lib/gcc/arm-none-eabi/4.8.3/../../../../arm-none-eabi/lib/armv6-m/libc_s.a(lib_a-memset.o)
 .debug_frame   0x00000074       0x20 /usr/local/gcc-arm-none-eabi-4_8-2014q1/bin/../lib/gcc/arm-none-eabi/4.8.3/../../../../arm-none-eabi/lib/armv6-m/libnosys.a(_exit.o)
 .debug_frame   0x00000094       0x20 /usr/local/gcc-arm-none-eabi-4_8-2014q1/bin/../lib/gcc/arm-none-eabi/4.8.3/armv6-m/libgcc.a(_udivsi3.o)
 .debug_frame   0x000000b4       0x28 /usr/local/gcc-arm-none-eabi-4_8-2014q1/bin/../lib/gcc/arm-none-eabi/4.8.3/armv6-m/libgcc.a(_fixunssfsi.o)
 .debug_frame   0x000000dc       0x3c /usr/local/gcc-arm-none-eabi-4_8-2014q1/bin/../lib/gcc/arm-none-eabi/4.8.3/armv6-m/libgcc.a(divsf3.o)
 .debug_frame   0x00000118       0x3c /usr/local/gcc-arm-none-eabi-4_8-2014q1/bin/../lib/gcc/arm-none-eabi/4.8.3/armv6-m/libgcc.a(mulsf3.o)
 .debug_frame   0x00000154       0x30 /usr/local/gcc-arm-none-eabi-4_8-2014q1/bin/../lib/gcc/arm-none-eabi/4.8.3/armv6-m/libgcc.a(subsf3.o)
 .debug_frame   0x00000184       0x20 /usr/local/gcc-arm-none-eabi-4_8-2014q1/bin/../lib/gcc/arm-none-eabi/4.8.3/armv6-m/libgcc.a(fixsfsi.o)
 .debug_frame   0x000001a4       0x28 /usr/local/gcc-arm-none-eabi-4_8-2014q1/bin/../lib/gcc/arm-none-eabi/4.8.3/armv6-m/libgcc.a(floatunsisf.o)
 .debug_frame   0x000001cc       0x2c /usr/local/gcc-arm-none-eabi-4_8-2014q1/bin/../lib/gcc/arm-none-eabi/4.8.3/armv6-m/libgcc.a(eqsf2.o)
 .debug_frame   0x000001f8       0x30 /usr/local/gcc-arm-none-eabi-4_8-2014q1/bin/../lib/gcc/arm-none-eabi/4.8.3/armv6-m/libgcc.a(gesf2.o)
 .debug_frame   0x00000228       0x30 /usr/local/gcc-arm-none-eabi-4_8-2014q1/bin/../lib/gcc/arm-none-eabi/4.8.3/armv6-m/libgcc.a(lesf2.o)
