Archive member included because of file (symbol)

/usr/local/gcc-arm-none-eabi-4_8-2014q1/bin/../lib/gcc/arm-none-eabi/4.8.3/../../../../arm-none-eabi/lib/armv6-m/libc_s.a(lib_a-exit.o)
                              /usr/local/gcc-arm-none-eabi-4_8-2014q1/bin/../lib/gcc/arm-none-eabi/4.8.3/../../../../arm-none-eabi/lib/armv6-m/crt0.o (exit)
/usr/local/gcc-arm-none-eabi-4_8-2014q1/bin/../lib/gcc/arm-none-eabi/4.8.3/../../../../arm-none-eabi/lib/armv6-m/libc_s.a(lib_a-impure.o)
                              /usr/local/gcc-arm-none-eabi-4_8-2014q1/bin/../lib/gcc/arm-none-eabi/4.8.3/../../../../arm-none-eabi/lib/armv6-m/libc_s.a(lib_a-exit.o) (_global_impure_ptr)
/usr/local/gcc-arm-none-eabi-4_8-2014q1/bin/../lib/gcc/arm-none-eabi/4.8.3/../../../../arm-none-eabi/lib/armv6-m/libc_s.a(lib_a-init.o)
                              /usr/local/gcc-arm-none-eabi-4_8-2014q1/bin/../lib/gcc/arm-none-eabi/4.8.3/../../../../arm-none-eabi/lib/armv6-m/crt0.o (__libc_init_array)
/usr/local/gcc-arm-none-eabi-4_8-2014q1/bin/../lib/gcc/arm-none-eabi/4.8.3/../../../../arm-none-eabi/lib/armv6-m/libc_s.a(lib_a-memset.o)
                              /usr/local/gcc-arm-none-eabi-4_8-2014q1/bin/../lib/gcc/arm-none-eabi/4.8.3/../../../../arm-none-eabi/lib/armv6-m/crt0.o (memset)
/usr/local/gcc-arm-none-eabi-4_8-2014q1/bin/../lib/gcc/arm-none-eabi/4.8.3/../../../../arm-none-eabi/lib/armv6-m/libnosys.a(_exit.o)
                              /usr/local/gcc-arm-none-eabi-4_8-2014q1/bin/../lib/gcc/arm-none-eabi/4.8.3/../../../../arm-none-eabi/lib/armv6-m/libc_s.a(lib_a-exit.o) (_exit)
/usr/local/gcc-arm-none-eabi-4_8-2014q1/bin/../lib/gcc/arm-none-eabi/4.8.3/armv6-m/libgcc.a(_udivsi3.o)
                              _build/app_pwm.o (__aeabi_uidiv)
/usr/local/gcc-arm-none-eabi-4_8-2014q1/bin/../lib/gcc/arm-none-eabi/4.8.3/armv6-m/libgcc.a(_dvmd_tls.o)
                              /usr/local/gcc-arm-none-eabi-4_8-2014q1/bin/../lib/gcc/arm-none-eabi/4.8.3/armv6-m/libgcc.a(_udivsi3.o) (__aeabi_idiv0)
/usr/local/gcc-arm-none-eabi-4_8-2014q1/bin/../lib/gcc/arm-none-eabi/4.8.3/../../../../arm-none-eabi/lib/armv6-m/libc_s.a(lib_a-memcmp.o)
                              _build/device_manager_central.o (memcmp)
/usr/local/gcc-arm-none-eabi-4_8-2014q1/bin/../lib/gcc/arm-none-eabi/4.8.3/../../../../arm-none-eabi/lib/armv6-m/libc_s.a(lib_a-memcpy-stub.o)
                              _build/pstorage.o (memcpy)
/usr/local/gcc-arm-none-eabi-4_8-2014q1/bin/../lib/gcc/arm-none-eabi/4.8.3/../../../../arm-none-eabi/lib/armv6-m/libc_s.a(lib_a-printf.o)
                              _build/bsp.o (printf)
/usr/local/gcc-arm-none-eabi-4_8-2014q1/bin/../lib/gcc/arm-none-eabi/4.8.3/../../../../arm-none-eabi/lib/armv6-m/libc_s.a(lib_a-strlen.o)
                              _build/ble_srv_common.o (strlen)
/usr/local/gcc-arm-none-eabi-4_8-2014q1/bin/../lib/gcc/arm-none-eabi/4.8.3/../../../../arm-none-eabi/lib/armv6-m/libc_s.a(lib_a-vfprintf.o)
                              /usr/local/gcc-arm-none-eabi-4_8-2014q1/bin/../lib/gcc/arm-none-eabi/4.8.3/../../../../arm-none-eabi/lib/armv6-m/libc_s.a(lib_a-printf.o) (_vfprintf_r)
/usr/local/gcc-arm-none-eabi-4_8-2014q1/bin/../lib/gcc/arm-none-eabi/4.8.3/../../../../arm-none-eabi/lib/armv6-m/libc_s.a(lib_a-vfprintf_i.o)
                              /usr/local/gcc-arm-none-eabi-4_8-2014q1/bin/../lib/gcc/arm-none-eabi/4.8.3/../../../../arm-none-eabi/lib/armv6-m/libc_s.a(lib_a-vfprintf.o) (_printf_i)
/usr/local/gcc-arm-none-eabi-4_8-2014q1/bin/../lib/gcc/arm-none-eabi/4.8.3/../../../../arm-none-eabi/lib/armv6-m/libc_s.a(lib_a-wbuf.o)
                              /usr/local/gcc-arm-none-eabi-4_8-2014q1/bin/../lib/gcc/arm-none-eabi/4.8.3/../../../../arm-none-eabi/lib/armv6-m/libc_s.a(lib_a-vfprintf.o) (__swbuf_r)
/usr/local/gcc-arm-none-eabi-4_8-2014q1/bin/../lib/gcc/arm-none-eabi/4.8.3/../../../../arm-none-eabi/lib/armv6-m/libc_s.a(lib_a-wsetup.o)
                              /usr/local/gcc-arm-none-eabi-4_8-2014q1/bin/../lib/gcc/arm-none-eabi/4.8.3/../../../../arm-none-eabi/lib/armv6-m/libc_s.a(lib_a-vfprintf.o) (__swsetup_r)
/usr/local/gcc-arm-none-eabi-4_8-2014q1/bin/../lib/gcc/arm-none-eabi/4.8.3/../../../../arm-none-eabi/lib/armv6-m/libc_s.a(lib_a-fflush.o)
                              /usr/local/gcc-arm-none-eabi-4_8-2014q1/bin/../lib/gcc/arm-none-eabi/4.8.3/../../../../arm-none-eabi/lib/armv6-m/libc_s.a(lib_a-wbuf.o) (_fflush_r)
/usr/local/gcc-arm-none-eabi-4_8-2014q1/bin/../lib/gcc/arm-none-eabi/4.8.3/../../../../arm-none-eabi/lib/armv6-m/libc_s.a(lib_a-findfp.o)
                              /usr/local/gcc-arm-none-eabi-4_8-2014q1/bin/../lib/gcc/arm-none-eabi/4.8.3/../../../../arm-none-eabi/lib/armv6-m/libc_s.a(lib_a-printf.o) (__sinit)
/usr/local/gcc-arm-none-eabi-4_8-2014q1/bin/../lib/gcc/arm-none-eabi/4.8.3/../../../../arm-none-eabi/lib/armv6-m/libc_s.a(lib_a-fvwrite.o)
[...]
Memory Configuration

Name             Origin             Length             Attributes
FLASH            0x0001d000         0x00023000         xr
RAM              0x20002800         0x00001800         xrw
*default*        0x00000000         0xffffffff

Linker script and memory map

LOAD /usr/local/gcc-arm-none-eabi-4_8-2014q1/bin/../lib/gcc/arm-none-eabi/4.8.3/armv6-m/crti.o
LOAD /usr/local/gcc-arm-none-eabi-4_8-2014q1/bin/../lib/gcc/arm-none-eabi/4.8.3/armv6-m/crtbegin.o
LOAD /usr/local/gcc-arm-none-eabi-4_8-2014q1/bin/../lib/gcc/arm-none-eabi/4.8.3/../../../../arm-none-eabi/lib/armv6-m/crt0.o
LOAD /usr/local/gcc-arm-none-eabi-4_8-2014q1/bin/../lib/gcc/arm-none-eabi/4.8.3/../../../../arm-none-eabi/lib/armv6-m/libc_s.a
LOAD /usr/local/gcc-arm-none-eabi-4_8-2014q1/bin/../lib/gcc/arm-none-eabi/4.8.3/../../../../arm-none-eabi/lib/armv6-m/libnosys.a
LOAD _build/app_button.o
LOAD _build/app_error.o
LOAD _build/app_pwm.o
LOAD _build/app_fifo.o
LOAD _build/app_timer.o
LOAD _build/app_trace.o
LOAD _build/nrf_assert.o
LOAD _build/retarget.o
LOAD _build/app_uart_fifo.o
LOAD _build/nrf_delay.o
LOAD _build/nrf_drv_common.o
LOAD _build/nrf_drv_gpiote.o
LOAD _build/nrf_drv_timer.o
LOAD _build/nrf_drv_ppi.o
LOAD _build/pstorage.o
LOAD _build/bsp.o
LOAD _build/bsp_btn_ble.o
LOAD _build/main.o
LOAD _build/ble_advdata.o
LOAD _build/ble_bas_c.o
LOAD _build/ble_db_discovery.o
LOAD _build/ble_hrs_c.o
LOAD _build/ble_srv_common.o
LOAD _build/device_manager_central.o
LOAD _build/system_nrf51.o
LOAD _build/softdevice_handler.o
LOAD _build/gcc_startup_nrf51.o
START GROUP
LOAD /usr/local/gcc-arm-none-eabi-4_8-2014q1/bin/../lib/gcc/arm-none-eabi/4.8.3/armv6-m/libgcc.a
LOAD /usr/local/gcc-arm-none-eabi-4_8-2014q1/bin/../lib/gcc/arm-none-eabi/4.8.3/../../../../arm-none-eabi/lib/armv6-m/libc_s.a
END GROUP
START GROUP
LOAD /usr/local/gcc-arm-none-eabi-4_8-2014q1/bin/../lib/gcc/arm-none-eabi/4.8.3/armv6-m/libgcc.a
LOAD /usr/local/gcc-arm-none-eabi-4_8-2014q1/bin/../lib/gcc/arm-none-eabi/4.8.3/../../../../arm-none-eabi/lib/armv6-m/libc_s.a
END GROUP
LOAD /usr/local/gcc-arm-none-eabi-4_8-2014q1/bin/../lib/gcc/arm-none-eabi/4.8.3/armv6-m/crtend.o
LOAD /usr/local/gcc-arm-none-eabi-4_8-2014q1/bin/../lib/gcc/arm-none-eabi/4.8.3/armv6-m/crtn.o
START GROUP
LOAD /usr/local/gcc-arm-none-eabi-4_8-2014q1/bin/../lib/gcc/arm-none-eabi/4.8.3/armv6-m/libgcc.a
LOAD /usr/local/gcc-arm-none-eabi-4_8-2014q1/bin/../lib/gcc/arm-none-eabi/4.8.3/../../../../arm-none-eabi/lib/armv6-m/libc.a
LOAD /usr/local/gcc-arm-none-eabi-4_8-2014q1/bin/../lib/gcc/arm-none-eabi/4.8.3/../../../../arm-none-eabi/lib/armv6-m/libnosys.a
END GROUP

.text           0x0001d000     0x74e0
 *(.Vectors)
 .Vectors       0x0001d000       0xc0 _build/gcc_startup_nrf51.o
                0x0001d000                __Vectors
 *(.text*)
 .text          0x0001d0c0       0x78 /usr/local/gcc-arm-none-eabi-4_8-2014q1/bin/../lib/gcc/arm-none-eabi/4.8.3/../../../../arm-none-eabi/lib/armv6-m/crt0.o
                0x0001d0c0                _mainCRTStartup
                0x0001d0c0                _start
 .text.exit     0x0001d138       0x2c /usr/local/gcc-arm-none-eabi-4_8-2014q1/bin/../lib/gcc/arm-none-eabi/4.8.3/../../../../arm-none-eabi/lib/armv6-m/libc_s.a(lib_a-exit.o)
                0x0001d138                exit
 .text.__libc_init_array
                0x0001d164       0x4c /usr/local/gcc-arm-none-eabi-4_8-2014q1/bin/../lib/gcc/arm-none-eabi/4.8.3/../../../../arm-none-eabi/lib/armv6-m/libc_s.a(lib_a-init.o)
                0x0001d164                __libc_init_array
 .text.memset   0x0001d1b0       0x10 /usr/local/gcc-arm-none-eabi-4_8-2014q1/bin/../lib/gcc/arm-none-eabi/4.8.3/../../../../arm-none-eabi/lib/armv6-m/libc_s.a(lib_a-memset.o)
                0x0001d1b0                memset
 .text._exit    0x0001d1c0        0x4 /usr/local/gcc-arm-none-eabi-4_8-2014q1/bin/../lib/gcc/arm-none-eabi/4.8.3/../../../../arm-none-eabi/lib/armv6-m/libnosys.a(_exit.o)
                0x0001d1c0                _exit
 .text.app_error_handler
                0x0001d1c4       0x18 _build/app_error.o
                0x0001d1c4                app_error_handler
 .text.pwm_ready_tick
                0x0001d1dc       0x40 _build/app_pwm.o
                0x0001d1dc                pwm_ready_tick
 .text.pwm_transition_0or100_to_n
                0x0001d21c       0xd8 _build/app_pwm.o
 .text.pwm_transition_n_to_0or100
                0x0001d2f4       0xc4 _build/app_pwm.o
 .text.pwm_transition_n_to_m
                0x0001d3b8       0xd8 _build/app_pwm.o
 .text.app_pwm_channel_pulsewidth_ticks_set
                0x0001d490      0x160 _build/app_pwm.o
                0x0001d490                app_pwm_channel_pulsewidth_ticks_set
 .text.app_pwm_channel_duty_set
                0x0001d5f0      0x180 _build/app_pwm.o
                0x0001d5f0                app_pwm_channel_duty_set
 .text.app_pwm_init
                0x0001d770      0x4ec _build/app_pwm.o
                0x0001d770                app_pwm_init
 .text.app_pwm_enable
                0x0001dc5c       0x14 _build/app_pwm.o
                0x0001dc5c                app_pwm_enable
 .text.app_fifo_init
                0x0001dc70       0x28 _build/app_fifo.o
                0x0001dc70                app_fifo_init
 .text.app_fifo_put
                0x0001dc98       0x28 _build/app_fifo.o
                0x0001dc98                app_fifo_put
 .text.app_fifo_get
                0x0001dcc0       0x24 _build/app_fifo.o
                0x0001dcc0                app_fifo_get
 .text.rtc1_stop
                0x0001dce4       0x7c _build/app_timer.o
 .text.RTC1_IRQHandler
                0x0001dd60       0xec _build/app_timer.o
                0x0001dd60                RTC1_IRQHandler
 .text.SWI0_IRQHandler
                0x0001de4c      0x4d0 _build/app_timer.o
                0x0001de4c                SWI0_IRQHandler
 .text.app_timer_init
                0x0001e31c      0x124 _build/app_timer.o
                0x0001e31c                app_timer_init
 .text.app_timer_create
                0x0001e440       0x68 _build/app_timer.o
                0x0001e440                app_timer_create
 .text.app_timer_start
                0x0001e4a8      0x11c _build/app_timer.o
                0x0001e4a8                app_timer_start
 .text.app_timer_stop
                0x0001e5c4       0xe8 _build/app_timer.o
                0x0001e5c4                app_timer_stop
 .text._write   0x0001e6ac       0x1c _build/retarget.o
                0x0001e6ac                _write
 .text._read    0x0001e6c8       0x14 _build/retarget.o
                0x0001e6c8                _read
 .text.on_cts_low
                0x0001e6dc       0x94 _build/app_uart_fifo.o
 .text.on_tx_ready
                0x0001e770       0x98 _build/app_uart_fifo.o
 .text.gpiote_uart_event_handler
                0x0001e808       0xc0 _build/app_uart_fifo.o
 .text.UART0_IRQHandler
                0x0001e8c8       0xa0 _build/app_uart_fifo.o
                0x0001e8c8                UART0_IRQHandler
 .text.app_uart_init
                0x0001e968      0x23c _build/app_uart_fifo.o
                0x0001e968                app_uart_init
 .text.app_uart_get
                0x0001eba4       0x10 _build/app_uart_fifo.o
                0x0001eba4                app_uart_get
 .text.app_uart_put
                0x0001ebb4       0x80 _build/app_uart_fifo.o
                0x0001ebb4                app_uart_put
 .text.nrf_drv_common_irq_enable
                0x0001ec34       0x7c _build/nrf_drv_common.o
                0x0001ec34                nrf_drv_common_irq_enable
 .text.nrf_drv_gpiote_init
                0x0001ecb0       0x70 _build/nrf_drv_gpiote.o
                0x0001ecb0                nrf_drv_gpiote_init
 .text.nrf_drv_gpiote_is_init
                0x0001ed20       0x10 _build/nrf_drv_gpiote.o
                0x0001ed20                nrf_drv_gpiote_is_init
 .text.nrf_drv_gpiote_out_init
                0x0001ed30       0xd0 _build/nrf_drv_gpiote.o
                0x0001ed30                nrf_drv_gpiote_out_init
 .text.nrf_drv_gpiote_out_uninit
                0x0001ee00       0x34 _build/nrf_drv_gpiote.o
                0x0001ee00                nrf_drv_gpiote_out_uninit
 .text.nrf_drv_gpiote_out_task_enable
                0x0001ee34       0x3c _build/nrf_drv_gpiote.o
                0x0001ee34                nrf_drv_gpiote_out_task_enable
 .text.nrf_drv_gpiote_out_task_addr_get
                0x0001ee70       0x1c _build/nrf_drv_gpiote.o
                0x0001ee70                nrf_drv_gpiote_out_task_addr_get
 .text.nrf_drv_gpiote_out_task_force
                0x0001ee8c       0x38 _build/nrf_drv_gpiote.o
                0x0001ee8c                nrf_drv_gpiote_out_task_force
 .text.nrf_drv_gpiote_out_task_trigger
                0x0001eec4       0x20 _build/nrf_drv_gpiote.o
                0x0001eec4                nrf_drv_gpiote_out_task_trigger
 .text.nrf_drv_gpiote_in_init
                0x0001eee4      0x1c4 _build/nrf_drv_gpiote.o
                0x0001eee4                nrf_drv_gpiote_in_init
 .text.nrf_drv_gpiote_in_event_enable
                0x0001f0a8       0x98 _build/nrf_drv_gpiote.o
                0x0001f0a8                nrf_drv_gpiote_in_event_enable
 .text.nrf_drv_gpiote_in_is_set
                0x0001f140       0x14 _build/nrf_drv_gpiote.o
                0x0001f140                nrf_drv_gpiote_in_is_set
 .text.GPIOTE_IRQHandler
                0x0001f154      0x254 _build/nrf_drv_gpiote.o
                0x0001f154                GPIOTE_IRQHandler
 .text.nrf_drv_timer_init
                0x0001f3a8       0xac _build/nrf_drv_timer.o
                0x0001f3a8                nrf_drv_timer_init
 .text.nrf_drv_timer_uninit
                0x0001f454       0x74 _build/nrf_drv_timer.o
                0x0001f454                nrf_drv_timer_uninit
 .text.nrf_drv_timer_enable
                0x0001f4c8       0x14 _build/nrf_drv_timer.o
                0x0001f4c8                nrf_drv_timer_enable
 .text.nrf_drv_timer_clear
                0x0001f4dc        0x8 _build/nrf_drv_timer.o
                0x0001f4dc                nrf_drv_timer_clear
 .text.nrf_drv_timer_compare_event_address_get
                0x0001f4e4       0x10 _build/nrf_drv_timer.o
                0x0001f4e4                nrf_drv_timer_compare_event_address_get
 .text.nrf_drv_timer_capture_get
                0x0001f4f4        0xc _build/nrf_drv_timer.o
                0x0001f4f4                nrf_drv_timer_capture_get
 .text.nrf_drv_timer_compare
                0x0001f500       0x2c _build/nrf_drv_timer.o
                0x0001f500                nrf_drv_timer_compare
 .text.nrf_drv_timer_extended_compare
                0x0001f52c       0x4c _build/nrf_drv_timer.o
                0x0001f52c                nrf_drv_timer_extended_compare
 .text.nrf_drv_timer_us_to_ticks
                0x0001f578       0x1c _build/nrf_drv_timer.o
                0x0001f578                nrf_drv_timer_us_to_ticks
 .text.nrf_drv_timer_compare_int_enable
                0x0001f594       0x24 _build/nrf_drv_timer.o
                0x0001f594                nrf_drv_timer_compare_int_enable
 .text.nrf_drv_timer_compare_int_disable
                0x0001f5b8       0x14 _build/nrf_drv_timer.o
                0x0001f5b8                nrf_drv_timer_compare_int_disable
 .text.TIMER2_IRQHandler
                0x0001f5cc       0xc0 _build/nrf_drv_timer.o
                0x0001f5cc                TIMER2_IRQHandler
 .text.sd_nvic_critical_region_enter
                0x0001f68c        0x4 _build/nrf_drv_ppi.o
 .text.sd_nvic_critical_region_exit
                0x0001f690        0x4 _build/nrf_drv_ppi.o
 .text.nrf_drv_ppi_init
                0x0001f694       0x18 _build/nrf_drv_ppi.o
                0x0001f694                nrf_drv_ppi_init
 .text.nrf_drv_ppi_channel_alloc
                0x0001f6ac      0x114 _build/nrf_drv_ppi.o
                0x0001f6ac                nrf_drv_ppi_channel_alloc
 .text.nrf_drv_ppi_channel_free
                0x0001f7c0       0xdc _build/nrf_drv_ppi.o
                0x0001f7c0                nrf_drv_ppi_channel_free
 .text.nrf_drv_ppi_channel_assign
                0x0001f89c       0x48 _build/nrf_drv_ppi.o
                0x0001f89c                nrf_drv_ppi_channel_assign
 .text.nrf_drv_ppi_channel_enable
                0x0001f8e4       0x34 _build/nrf_drv_ppi.o
                0x0001f8e4                nrf_drv_ppi_channel_enable
 .text.nrf_drv_ppi_channel_disable
                0x0001f918       0x30 _build/nrf_drv_ppi.o
                0x0001f918                nrf_drv_ppi_channel_disable
 .text.nrf_drv_ppi_group_alloc
                0x0001f948      0x110 _build/nrf_drv_ppi.o
                0x0001f948                nrf_drv_ppi_group_alloc
 .text.nrf_drv_ppi_group_free
                0x0001fa58       0xe0 _build/nrf_drv_ppi.o
                0x0001fa58                nrf_drv_ppi_group_free
 .text.nrf_drv_ppi_group_enable
                0x0001fb38       0x30 _build/nrf_drv_ppi.o
                0x0001fb38                nrf_drv_ppi_group_enable
 .text.nrf_drv_ppi_group_disable
                0x0001fb68       0x24 _build/nrf_drv_ppi.o
                0x0001fb68                nrf_drv_ppi_group_disable
 .text.nrf_drv_ppi_channels_remove_from_group
                0x0001fb8c       0xf4 _build/nrf_drv_ppi.o
                0x0001fb8c                nrf_drv_ppi_channels_remove_from_group
 .text.nrf_drv_ppi_channels_include_in_group
                0x0001fc80       0xf4 _build/nrf_drv_ppi.o
                0x0001fc80                nrf_drv_ppi_channels_include_in_group
 .text.sd_flash_write
                0x0001fd74        0x4 _build/pstorage.o
 .text.sd_flash_page_erase
                0x0001fd78        0x4 _build/pstorage.o
 .text.swap_state_process
                0x0001fd7c      0x1d4 _build/pstorage.o
 .text.cmd_process
                0x0001ff50       0xf4 _build/pstorage.o
 .text.cmd_queue_enqueue
                0x00020044       0x60 _build/pstorage.o
 .text.pstorage_sys_event_handler
                0x000200a4      0x1b0 _build/pstorage.o
                0x000200a4                pstorage_sys_event_handler
 .text.pstorage_init
                0x00020254      0x178 _build/pstorage.o
                0x00020254                pstorage_init
 .text.pstorage_register
                0x000203cc      0x138 _build/pstorage.o
                0x000203cc                pstorage_register
 .text.pstorage_block_identifier_get
                0x00020504       0x50 _build/pstorage.o
                0x00020504                pstorage_block_identifier_get
 .text.pstorage_store
                0x00020554       0x88 _build/pstorage.o
                0x00020554                pstorage_store
 .text.pstorage_update
                0x000205dc       0x88 _build/pstorage.o
                0x000205dc                pstorage_update
 .text.pstorage_load
                0x00020664       0xac _build/pstorage.o
                0x00020664                pstorage_load
 .text.pstorage_clear
                0x00020710       0x68 _build/pstorage.o
                0x00020710                pstorage_clear
 .text.pstorage_access_status_get
                0x00020778       0x28 _build/pstorage.o
                0x00020778                pstorage_access_status_get
 .text.alert_timer_handler
                0x000207a0       0x28 _build/bsp.o
 .text.leds_timer_handler
                0x000207c8      0x2bc _build/bsp.o
 .text.bsp_button_is_pressed
                0x00020a84        0x8 _build/bsp.o
                0x00020a84                bsp_button_is_pressed
 .text.bsp_indication_set
                0x00020a8c      0x33c _build/bsp.o
                0x00020a8c                bsp_indication_set
 .text.bsp_init
                0x00020dc8       0x60 _build/bsp.o
                0x00020dc8                bsp_init
 .text.bsp_event_to_button_action_assign
                0x00020e28        0x4 _build/bsp.o
                0x00020e28                bsp_event_to_button_action_assign
 .text.bsp_wakeup_buttons_set
                0x00020e2c        0x4 _build/bsp.o
                0x00020e2c                bsp_wakeup_buttons_set
 .text.bsp_btn_ble_sleep_mode_prepare
                0x00020e30       0x1c _build/bsp_btn_ble.o
                0x00020e30                bsp_btn_ble_sleep_mode_prepare
 .text.bsp_btn_ble_on_ble_evt
                0x00020e4c       0xbc _build/bsp_btn_ble.o
                0x00020e4c                bsp_btn_ble_on_ble_evt
 .text.bsp_btn_ble_init
                0x00020f08       0x98 _build/bsp_btn_ble.o
                0x00020f08                bsp_btn_ble_init
 .text.sd_power_system_off
                0x00020fa0        0x4 _build/main.o
 .text.sd_app_evt_wait
                0x00020fa4        0x4 _build/main.o
 .text.sd_ble_gap_conn_param_update
                0x00020fa8        0x4 _build/main.o
 .text.sd_ble_gap_disconnect
                0x00020fac        0x4 _build/main.o
 .text.sd_ble_gap_scan_start
                0x00020fb0        0x4 _build/main.o
 .text.sd_ble_gap_scan_stop
                0x00020fb4        0x4 _build/main.o
 .text.sd_ble_gap_connect
                0x00020fb8        0x4 _build/main.o
 .text.sd_ble_enable
                0x00020fbc        0x4 _build/main.o
 .text.pwm_ready_callback
                0x00020fc0        0xc _build/main.o
                0x00020fc0                pwm_ready_callback
 .text.uart_error_handle
                0x00020fcc       0x18 _build/main.o
                0x00020fcc                uart_error_handle
 .text.scan_start
                0x00020fe4       0x98 _build/main.o
 .text.sys_evt_dispatch
                0x0002107c       0x28 _build/main.o
 .text.ble_evt_dispatch
                0x000210a4      0x138 _build/main.o
 .text.device_manager_event_handler
                0x000211dc       0xe8 _build/main.o
 .text.bsp_event_handler
                0x000212c4       0x6c _build/main.o
                0x000212c4                bsp_event_handler
 .text.bas_c_evt_handler
                0x00021330       0x80 _build/main.o
 .text.assert_nrf_callback
                0x000213b0       0x14 _build/main.o
                0x000213b0                assert_nrf_callback
 .text.startup.main
                0x000213c4      0x244 _build/main.o
                0x000213c4                main
 .text.sd_ble_gattc_read
                0x00021608        0x4 _build/ble_bas_c.o
 .text.sd_ble_gattc_write
                0x0002160c        0x4 _build/ble_bas_c.o
 .text.db_discovery_evt_handler
                0x00021610       0x88 _build/ble_bas_c.o
 .text.ble_bas_c_init
                0x00021698       0x44 _build/ble_bas_c.o
                0x00021698                ble_bas_c_init
 .text.ble_bas_c_on_ble_evt
                0x000216dc       0xa8 _build/ble_bas_c.o
                0x000216dc                ble_bas_c_on_ble_evt
 .text.ble_bas_c_bl_notif_enable
                0x00021784       0x84 _build/ble_bas_c.o
                0x00021784                ble_bas_c_bl_notif_enable
 .text.ble_bas_c_bl_read
                0x00021808       0x68 _build/ble_bas_c.o
                0x00021808                ble_bas_c_bl_read
 .text.sd_ble_gattc_primary_services_discover
                0x00021870        0x4 _build/ble_db_discovery.o
 .text.sd_ble_gattc_characteristics_discover
                0x00021874        0x4 _build/ble_db_discovery.o
 .text.sd_ble_gattc_descriptors_discover
                0x00021878        0x4 _build/ble_db_discovery.o
 .text.discovery_complete_evt_trigger
                0x0002187c       0xfc _build/ble_db_discovery.o
 .text.descriptors_discover
                0x00021978       0xb0 _build/ble_db_discovery.o
 .text.on_srv_disc_completion
                0x00021a28      0x120 _build/ble_db_discovery.o
 .text.ble_db_discovery_init
                0x00021b48       0x28 _build/ble_db_discovery.o
                0x00021b48                ble_db_discovery_init
 .text.ble_db_discovery_evt_register
                0x00021b70       0x54 _build/ble_db_discovery.o
                0x00021b70                ble_db_discovery_evt_register
 .text.ble_db_discovery_start
                0x00021bc4       0x70 _build/ble_db_discovery.o
                0x00021bc4                ble_db_discovery_start
 .text.ble_db_discovery_on_ble_evt
                0x00021c34      0x59c _build/ble_db_discovery.o
                0x00021c34                ble_db_discovery_on_ble_evt
 .text.sd_ble_gattc_read
                0x000221d0        0x4 _build/ble_hrs_c.o
 .text.sd_ble_gattc_write
                0x000221d4        0x4 _build/ble_hrs_c.o
 .text.ble_hrs_c_on_ble_evt
                0x000221d8       0x9c _build/ble_hrs_c.o
                0x000221d8                ble_hrs_c_on_ble_evt
 .text.ble_hrs_c_hrm_notif_enable
                0x00022274       0x84 _build/ble_hrs_c.o
                0x00022274                ble_hrs_c_hrm_notif_enable
 .text.sd_ble_gap_authenticate
                0x000222f8        0x4 _build/device_manager_central.o
 .text.sd_ble_gap_sec_params_reply
                0x000222fc        0x4 _build/device_manager_central.o
 .text.sd_ble_gap_encrypt
                0x00022300        0x4 _build/device_manager_central.o
 .text.sd_ble_gatts_sys_attr_set
                0x00022304        0x4 _build/device_manager_central.o
 .text.sd_ble_gatts_sys_attr_get
                0x00022308        0x4 _build/device_manager_central.o
 .text.storage_operation_dummy_handler
                0x0002230c        0x4 _build/device_manager_central.o
 .text.no_service_context_store
                0x00022310        0x4 _build/device_manager_central.o
 .text.gattc_context_store
                0x00022314        0x4 _build/device_manager_central.o
 .text.no_service_context_load
                0x00022318        0x4 _build/device_manager_central.o
 .text.gattc_context_load
                0x0002231c        0x4 _build/device_manager_central.o
 .text.no_service_context_apply
                0x00022320        0x4 _build/device_manager_central.o
 .text.gatts_context_apply
                0x00022324       0x58 _build/device_manager_central.o
 .text.gattc_context_apply
                0x0002237c        0x4 _build/device_manager_central.o
 .text.gatts_context_store
                0x00022380       0xbc _build/device_manager_central.o
 .text.gatts_context_load
                0x0002243c       0x38 _build/device_manager_central.o
 .text.dm_pstorage_cb_handler
                0x00022474      0x178 _build/device_manager_central.o
 .text.gattsc_context_load
                0x000225ec       0x38 _build/device_manager_central.o
 .text.gattsc_context_apply
                0x00022624       0x58 _build/device_manager_central.o
 .text.gattsc_context_store
                0x0002267c       0xbc _build/device_manager_central.o
 .text.initiate_security_request
                0x00022738       0x68 _build/device_manager_central.o
                0x00022738                initiate_security_request
 .text.dm_init  0x000227a0      0x134 _build/device_manager_central.o
                0x000227a0                dm_init
 .text.dm_register
                0x000228d4       0x5c _build/device_manager_central.o
                0x000228d4                dm_register
 .text.dm_security_setup_req
                0x00022930      0x13c _build/device_manager_central.o
                0x00022930                dm_security_setup_req
 .text.dm_whitelist_create
                0x00022a6c       0xd0 _build/device_manager_central.o
                0x00022a6c                dm_whitelist_create
 .text.dm_ble_evt_handler
                0x00022b3c      0x4cc _build/device_manager_central.o
                0x00022b3c                dm_ble_evt_handler
 .text.SystemInit
                0x00023008       0x8c _build/system_nrf51.o
                0x00023008                SystemInit
 .text.sd_nvic_EnableIRQ
                0x00023094        0x4 _build/softdevice_handler.o
 .text.sd_evt_get
                0x00023098        0x4 _build/softdevice_handler.o
 .text.sd_softdevice_enable
                0x0002309c        0x4 _build/softdevice_handler.o
 .text.sd_ble_evt_get
                0x000230a0        0x4 _build/softdevice_handler.o
 .text.softdevice_assertion_handler
                0x000230a4        0xc _build/softdevice_handler.o
                0x000230a4                softdevice_assertion_handler
 .text.intern_softdevice_events_execute
                0x000230b0       0xd0 _build/softdevice_handler.o
                0x000230b0                intern_softdevice_events_execute
 .text.softdevice_handler_init
                0x00023180       0x4c _build/softdevice_handler.o
                0x00023180                softdevice_handler_init
 .text.softdevice_ble_evt_handler_set
                0x000231cc       0x14 _build/softdevice_handler.o
                0x000231cc                softdevice_ble_evt_handler_set
 .text.softdevice_sys_evt_handler_set
                0x000231e0       0x14 _build/softdevice_handler.o
                0x000231e0                softdevice_sys_evt_handler_set
 .text.SWI2_IRQHandler
                0x000231f4       0x28 _build/softdevice_handler.o
                0x000231f4                SWI2_IRQHandler
 .text          0x0002321c       0x54 _build/gcc_startup_nrf51.o
                0x0002321c                Reset_Handler
                0x00023264                NMI_Handler
                0x00023266                HardFault_Handler
                0x00023268                SVC_Handler
                0x0002326a                PendSV_Handler
                0x0002326c                SysTick_Handler
                0x0002326e                SPI0_TWI0_IRQHandler
                0x0002326e                RTC0_IRQHandler
                0x0002326e                POWER_CLOCK_IRQHandler
                0x0002326e                RADIO_IRQHandler
                0x0002326e                LPCOMP_IRQHandler
                0x0002326e                SWI4_IRQHandler
                0x0002326e                TEMP_IRQHandler
                0x0002326e                QDEC_IRQHandler
                0x0002326e                SWI5_IRQHandler
                0x0002326e                TIMER0_IRQHandler
                0x0002326e                TIMER1_IRQHandler
                0x0002326e                ECB_IRQHandler
                0x0002326e                Default_Handler
                0x0002326e                ADC_IRQHandler
                0x0002326e                SWI3_IRQHandler
                0x0002326e                CCM_AAR_IRQHandler
                0x0002326e                WDT_IRQHandler
                0x0002326e                RNG_IRQHandler
                0x0002326e                SPI1_TWI1_IRQHandler
                0x0002326e                SWI1_IRQHandler
 .text          0x00023270       0x9c /usr/local/gcc-arm-none-eabi-4_8-2014q1/bin/../lib/gcc/arm-none-eabi/4.8.3/armv6-m/libgcc.a(_udivsi3.o)
                0x00023270                __udivsi3
                0x00023270                __aeabi_uidiv
                0x000232f8                __aeabi_uidivmod
 .text          0x0002330c        0x4 /usr/local/gcc-arm-none-eabi-4_8-2014q1/bin/../lib/gcc/arm-none-eabi/4.8.3/armv6-m/libgcc.a(_dvmd_tls.o)
                0x0002330c                __aeabi_ldiv0
                0x0002330c                __aeabi_idiv0
 .text.memcmp   0x00023310       0x1e /usr/local/gcc-arm-none-eabi-4_8-2014q1/bin/../lib/gcc/arm-none-eabi/4.8.3/../../../../arm-none-eabi/lib/armv6-m/libc_s.a(lib_a-memcmp.o)
                0x00023310                memcmp
 .text.memcpy   0x0002332e       0x12 /usr/local/gcc-arm-none-eabi-4_8-2014q1/bin/../lib/gcc/arm-none-eabi/4.8.3/../../../../arm-none-eabi/lib/armv6-m/libc_s.a(lib_a-memcpy-stub.o)
                0x0002332e                memcpy
 .text.printf   0x00023340       0x34 /usr/local/gcc-arm-none-eabi-4_8-2014q1/bin/../lib/gcc/arm-none-eabi/4.8.3/../../../../arm-none-eabi/lib/armv6-m/libc_s.a(lib_a-printf.o)
                0x00023340                printf
                0x00023340                iprintf
 .text.strlen   0x00023374        0xe /usr/local/gcc-arm-none-eabi-4_8-2014q1/bin/../lib/gcc/arm-none-eabi/4.8.3/../../../../arm-none-eabi/lib/armv6-m/libc_s.a(lib_a-strlen.o)
                0x00023374                strlen
 .text.__sfputc_r
                0x00023382       0x2a /usr/local/gcc-arm-none-eabi-4_8-2014q1/bin/../lib/gcc/arm-none-eabi/4.8.3/../../../../arm-none-eabi/lib/armv6-m/libc_s.a(lib_a-vfprintf.o)
 .text.__sfputs_r
                0x000233ac       0x24 /usr/local/gcc-arm-none-eabi-4_8-2014q1/bin/../lib/gcc/arm-none-eabi/4.8.3/../../../../arm-none-eabi/lib/armv6-m/libc_s.a(lib_a-vfprintf.o)
                0x000233ac                __sfputs_r
 .text._vfprintf_r
                0x000233d0      0x210 /usr/local/gcc-arm-none-eabi-4_8-2014q1/bin/../lib/gcc/arm-none-eabi/4.8.3/../../../../arm-none-eabi/lib/armv6-m/libc_s.a(lib_a-vfprintf.o)
                0x000233d0                _vfiprintf_r
                0x000233d0                _vfprintf_r
 .text._printf_common
                0x000235e0       0xe8 /usr/local/gcc-arm-none-eabi-4_8-2014q1/bin/../lib/gcc/arm-none-eabi/4.8.3/../../../../arm-none-eabi/lib/armv6-m/libc_s.a(lib_a-vfprintf_i.o)
                0x000235e0                _printf_common
 .text._printf_i
                0x000236c8      0x22c /usr/local/gcc-arm-none-eabi-4_8-2014q1/bin/../lib/gcc/arm-none-eabi/4.8.3/../../../../arm-none-eabi/lib/armv6-m/libc_s.a(lib_a-vfprintf_i.o)
                0x000236c8                _printf_i
 .text.__swbuf_r
                0x000238f4       0xb0 /usr/local/gcc-arm-none-eabi-4_8-2014q1/bin/../lib/gcc/arm-none-eabi/4.8.3/../../../../arm-none-eabi/lib/armv6-m/libc_s.a(lib_a-wbuf.o)
                0x000238f4                __swbuf_r
 .text.__swsetup_r
                0x000239a4       0xe4 /usr/local/gcc-arm-none-eabi-4_8-2014q1/bin/../lib/gcc/arm-none-eabi/4.8.3/../../../../arm-none-eabi/lib/armv6-m/libc_s.a(lib_a-wsetup.o)
                0x000239a4                __swsetup_r
 .text.__sflush_r
                0x00023a88      0x112 /usr/local/gcc-arm-none-eabi-4_8-2014q1/bin/../lib/gcc/arm-none-eabi/4.8.3/../../../../arm-none-eabi/lib/armv6-m/libc_s.a(lib_a-fflush.o)
                0x00023a88                __sflush_r
 *fill*         0x00023b9a        0x2 
 .text._fflush_r
                0x00023b9c       0x58 /usr/local/gcc-arm-none-eabi-4_8-2014q1/bin/../lib/gcc/arm-none-eabi/4.8.3/../../../../arm-none-eabi/lib/armv6-m/libc_s.a(lib_a-fflush.o)
                0x00023b9c                _fflush_r
 .text._cleanup_r
                0x00023bf4       0x34 /usr/local/gcc-arm-none-eabi-4_8-2014q1/bin/../lib/gcc/arm-none-eabi/4.8.3/../../../../arm-none-eabi/lib/armv6-m/libc_s.a(lib_a-findfp.o)
                0x00023bf4                _cleanup_r
 .text.std.isra.0
                0x00023c28       0x48 /usr/local/gcc-arm-none-eabi-4_8-2014q1/bin/../lib/gcc/arm-none-eabi/4.8.3/../../../../arm-none-eabi/lib/armv6-m/libc_s.a(lib_a-findfp.o)
 .text.__sfmoreglue
                0x00023c70       0x2c /usr/local/gcc-arm-none-eabi-4_8-2014q1/bin/../lib/gcc/arm-none-eabi/4.8.3/../../../../arm-none-eabi/lib/armv6-m/libc_s.a(lib_a-findfp.o)
                0x00023c70                __sfmoreglue
 .text.__sinit  0x00023c9c       0x64 /usr/local/gcc-arm-none-eabi-4_8-2014q1/bin/../lib/gcc/arm-none-eabi/4.8.3/../../../../arm-none-eabi/lib/armv6-m/libc_s.a(lib_a-findfp.o)
                0x00023c9c                __sinit
 .text.__sfp    0x00023d00       0x7c /usr/local/gcc-arm-none-eabi-4_8-2014q1/bin/../lib/gcc/arm-none-eabi/4.8.3/../../../../arm-none-eabi/lib/armv6-m/libc_s.a(lib_a-findfp.o)
                0x00023d00                __sfp
 .text.__smakebuf_r
                0x00023d7c       0xa0 /usr/local/gcc-arm-none-eabi-4_8-2014q1/bin/../lib/gcc/arm-none-eabi/4.8.3/../../../../arm-none-eabi/lib/armv6-m/libc_s.a(lib_a-makebuf.o)
                0x00023d7c                __smakebuf_r
 .text.memchr   0x00023e1c       0x16 /usr/local/gcc-arm-none-eabi-4_8-2014q1/bin/../lib/gcc/arm-none-eabi/4.8.3/../../../../arm-none-eabi/lib/armv6-m/libc_s.a(lib_a-memchr-stub.o)
                0x00023e1c                memchr
 *fill*         0x00023e32        0x2 
 .text._free_r  0x00023e34       0x90 /usr/local/gcc-arm-none-eabi-4_8-2014q1/bin/../lib/gcc/arm-none-eabi/4.8.3/../../../../arm-none-eabi/lib/armv6-m/libc_s.a(lib_a-nano-freer.o)
                0x00023e34                _free_r
 .text._malloc_r
                0x00023ec4       0xa8 /usr/local/gcc-arm-none-eabi-4_8-2014q1/bin/../lib/gcc/arm-none-eabi/4.8.3/../../../../arm-none-eabi/lib/armv6-m/libc_s.a(lib_a-nano-mallocr.o)
                0x00023ec4                _malloc_r
 .text._sbrk_r  0x00023f6c       0x24 /usr/local/gcc-arm-none-eabi-4_8-2014q1/bin/../lib/gcc/arm-none-eabi/4.8.3/../../../../arm-none-eabi/lib/armv6-m/libc_s.a(lib_a-sbrkr.o)
                0x00023f6c                _sbrk_r
 .text.__sread  0x00023f90       0x28 /usr/local/gcc-arm-none-eabi-4_8-2014q1/bin/../lib/gcc/arm-none-eabi/4.8.3/../../../../arm-none-eabi/lib/armv6-m/libc_s.a(lib_a-stdio.o)
                0x00023f90                __sread
 .text.__swrite
                0x00023fb8       0x38 /usr/local/gcc-arm-none-eabi-4_8-2014q1/bin/../lib/gcc/arm-none-eabi/4.8.3/../../../../arm-none-eabi/lib/armv6-m/libc_s.a(lib_a-stdio.o)
                0x00023fb8                __swrite
 .text.__sseek  0x00023ff0       0x2c /usr/local/gcc-arm-none-eabi-4_8-2014q1/bin/../lib/gcc/arm-none-eabi/4.8.3/../../../../arm-none-eabi/lib/armv6-m/libc_s.a(lib_a-stdio.o)
                0x00023ff0                __sseek
 .text.__sclose
                0x0002401c        0xc /usr/local/gcc-arm-none-eabi-4_8-2014q1/bin/../lib/gcc/arm-none-eabi/4.8.3/../../../../arm-none-eabi/lib/armv6-m/libc_s.a(lib_a-stdio.o)
                0x0002401c                __sclose
 .text._write_r
                0x00024028       0x28 /usr/local/gcc-arm-none-eabi-4_8-2014q1/bin/../lib/gcc/arm-none-eabi/4.8.3/../../../../arm-none-eabi/lib/armv6-m/libc_s.a(lib_a-writer.o)
                0x00024028                _write_r
 .text._close_r
                0x00024050       0x24 /usr/local/gcc-arm-none-eabi-4_8-2014q1/bin/../lib/gcc/arm-none-eabi/4.8.3/../../../../arm-none-eabi/lib/armv6-m/libc_s.a(lib_a-closer.o)
                0x00024050                _close_r
 .text._fstat_r
                0x00024074       0x24 /usr/local/gcc-arm-none-eabi-4_8-2014q1/bin/../lib/gcc/arm-none-eabi/4.8.3/../../../../arm-none-eabi/lib/armv6-m/libc_s.a(lib_a-fstatr.o)
                0x00024074                _fstat_r
 .text._isatty_r
                0x00024098       0x24 /usr/local/gcc-arm-none-eabi-4_8-2014q1/bin/../lib/gcc/arm-none-eabi/4.8.3/../../../../arm-none-eabi/lib/armv6-m/libc_s.a(lib_a-isattyr.o)
                0x00024098                _isatty_r
 .text._lseek_r
                0x000240bc       0x28 /usr/local/gcc-arm-none-eabi-4_8-2014q1/bin/../lib/gcc/arm-none-eabi/4.8.3/../../../../arm-none-eabi/lib/armv6-m/libc_s.a(lib_a-lseekr.o)
                0x000240bc                _lseek_r
 .text._read_r  0x000240e4       0x28 /usr/local/gcc-arm-none-eabi-4_8-2014q1/bin/../lib/gcc/arm-none-eabi/4.8.3/../../../../arm-none-eabi/lib/armv6-m/libc_s.a(lib_a-readr.o)
                0x000240e4                _read_r
 .text._close   0x0002410c       0x10 /usr/local/gcc-arm-none-eabi-4_8-2014q1/bin/../lib/gcc/arm-none-eabi/4.8.3/../../../../arm-none-eabi/lib/armv6-m/libnosys.a(close.o)
                0x0002410c                _close
 .text._fstat   0x0002411c       0x10 /usr/local/gcc-arm-none-eabi-4_8-2014q1/bin/../lib/gcc/arm-none-eabi/4.8.3/../../../../arm-none-eabi/lib/armv6-m/libnosys.a(fstat.o)
                0x0002411c                _fstat
 .text._isatty  0x0002412c       0x10 /usr/local/gcc-arm-none-eabi-4_8-2014q1/bin/../lib/gcc/arm-none-eabi/4.8.3/../../../../arm-none-eabi/lib/armv6-m/libnosys.a(isatty.o)
                0x0002412c                _isatty
 .text._lseek   0x0002413c       0x10 /usr/local/gcc-arm-none-eabi-4_8-2014q1/bin/../lib/gcc/arm-none-eabi/4.8.3/../../../../arm-none-eabi/lib/armv6-m/libnosys.a(lseek.o)
                0x0002413c                _lseek
 .text._sbrk    0x0002414c       0x34 /usr/local/gcc-arm-none-eabi-4_8-2014q1/bin/../lib/gcc/arm-none-eabi/4.8.3/../../../../arm-none-eabi/lib/armv6-m/libnosys.a(sbrk.o)
                0x0002414c                _sbrk
 *(.init)
 .init          0x00024180        0x4 /usr/local/gcc-arm-none-eabi-4_8-2014q1/bin/../lib/gcc/arm-none-eabi/4.8.3/armv6-m/crti.o
                0x00024180                _init
 .init          0x00024184        0x8 /usr/local/gcc-arm-none-eabi-4_8-2014q1/bin/../lib/gcc/arm-none-eabi/4.8.3/armv6-m/crtn.o
 *(.fini)
 .fini          0x0002418c        0x4 /usr/local/gcc-arm-none-eabi-4_8-2014q1/bin/../lib/gcc/arm-none-eabi/4.8.3/armv6-m/crti.o
                0x0002418c                _fini
 .fini          0x00024190        0x8 /usr/local/gcc-arm-none-eabi-4_8-2014q1/bin/../lib/gcc/arm-none-eabi/4.8.3/armv6-m/crtn.o
 *crtbegin.o(.ctors)
 *crtbegin?.o(.ctors)
 *(EXCLUDE_FILE(*crtend.o *crtend?.o) .ctors)
 *(SORT(.ctors.*))
 *(.ctors)
 *crtbegin.o(.dtors)
 *crtbegin?.o(.dtors)
 *(EXCLUDE_FILE(*crtend.o *crtend?.o) .dtors)
 *(SORT(.dtors.*))
 *(.dtors)
 *(.rodata*)
 .rodata.str1.1
                0x00024198        0x2 /usr/local/gcc-arm-none-eabi-4_8-2014q1/bin/../lib/gcc/arm-none-eabi/4.8.3/../../../../arm-none-eabi/lib/armv6-m/libc_s.a(lib_a-impure.o)
 *fill*         0x0002419a        0x2 
 .rodata._global_impure_ptr
                0x0002419c        0x4 /usr/local/gcc-arm-none-eabi-4_8-2014q1/bin/../lib/gcc/arm-none-eabi/4.8.3/../../../../arm-none-eabi/lib/armv6-m/libc_s.a(lib_a-impure.o)
                0x0002419c                _global_impure_ptr
 .rodata.m_default_config
                0x000241a0        0x8 _build/nrf_drv_timer.o
 .rodata.swap_state_process
                0x000241a8       0x1c _build/pstorage.o
 .rodata.leds_timer_handler
                0x000241c4       0x60 _build/bsp.o
 .rodata.bsp_indication_set
                0x00024224       0x60 _build/bsp.o
 .rodata.device_manager_event_handler
                0x00024284       0x4c _build/main.o
 .rodata        0x000242d0       0x20 _build/main.o
 .rodata.m_pwm_PWM1_timer
                0x000242f0        0x8 _build/main.o
                0x000242f0                m_pwm_PWM1_timer
 .rodata.PWM1   0x000242f8        0x8 _build/main.o
                0x000242f8                PWM1
 .rodata.m_connection_param
                0x00024300        0x8 _build/main.o
 .rodata.str1.4
                0x00024308       0x80 _build/main.o
 .rodata.ble_db_discovery_on_ble_evt
                0x00024388       0x90 _build/ble_db_discovery.o
 .rodata.m_service_context_store
                0x00024418       0x10 _build/device_manager_central.o
                0x00024418                m_service_context_store
 .rodata.m_service_context_load
                0x00024428       0x10 _build/device_manager_central.o
                0x00024428                m_service_context_load
 .rodata.m_service_context_apply
                0x00024438       0x10 _build/device_manager_central.o
                0x00024438                m_service_context_apply
 .rodata.m_context_init_len
                0x00024448        0x4 _build/device_manager_central.o
                0x00024448                m_context_init_len
 .rodata.str1.1
                0x0002444c       0x11 /usr/local/gcc-arm-none-eabi-4_8-2014q1/bin/../lib/gcc/arm-none-eabi/4.8.3/../../../../arm-none-eabi/lib/armv6-m/libc_s.a(lib_a-vfprintf.o)
 .rodata.str1.1
                0x0002445d       0x22 /usr/local/gcc-arm-none-eabi-4_8-2014q1/bin/../lib/gcc/arm-none-eabi/4.8.3/../../../../arm-none-eabi/lib/armv6-m/libc_s.a(lib_a-vfprintf_i.o)
 *fill*         0x0002447f        0x1 
 .rodata.__sf_fake_stdin
                0x00024480       0x20 /usr/local/gcc-arm-none-eabi-4_8-2014q1/bin/../lib/gcc/arm-none-eabi/4.8.3/../../../../arm-none-eabi/lib/armv6-m/libc_s.a(lib_a-findfp.o)
                0x00024480                __sf_fake_stdin
 .rodata.__sf_fake_stdout
                0x000244a0       0x20 /usr/local/gcc-arm-none-eabi-4_8-2014q1/bin/../lib/gcc/arm-none-eabi/4.8.3/../../../../arm-none-eabi/lib/armv6-m/libc_s.a(lib_a-findfp.o)
                0x000244a0                __sf_fake_stdout
 .rodata.__sf_fake_stderr
                0x000244c0       0x20 /usr/local/gcc-arm-none-eabi-4_8-2014q1/bin/../lib/gcc/arm-none-eabi/4.8.3/../../../../arm-none-eabi/lib/armv6-m/libc_s.a(lib_a-findfp.o)
                0x000244c0                __sf_fake_stderr
 *(.eh_frame*)
                0x000244e0                . = ALIGN (0x4)

.glue_7         0x000244e0        0x0
 .glue_7        0x00000000        0x0 linker stubs

.glue_7t        0x000244e0        0x0
 .glue_7t       0x00000000        0x0 linker stubs

.vfp11_veneer   0x000244e0        0x0
 .vfp11_veneer  0x00000000        0x0 linker stubs

.v4_bx          0x000244e0        0x0
 .v4_bx         0x00000000        0x0 linker stubs

.iplt           0x000244e0        0x0
 .iplt          0x00000000        0x0 /usr/local/gcc-arm-none-eabi-4_8-2014q1/bin/../lib/gcc/arm-none-eabi/4.8.3/armv6-m/crtbegin.o

.ARM.extab      0x000244e0        0x0
 *(.ARM.extab* .gnu.linkonce.armextab.*)
                0x000244e0                . = ALIGN (0x4)
                0x000244e0                __exidx_start = .

.ARM.exidx      0x000244e0        0x8
 *(.ARM.exidx* .gnu.linkonce.armexidx.*)
 .ARM.exidx     0x000244e0        0x8 /usr/local/gcc-arm-none-eabi-4_8-2014q1/bin/../lib/gcc/arm-none-eabi/4.8.3/../../../../arm-none-eabi/lib/armv6-m/crt0.o
 .ARM.exidx     0x000244e8        0x0 _build/gcc_startup_nrf51.o
                                  0x8 (size before relaxing)
                0x000244e8                . = ALIGN (0x4)
                0x000244e8                __exidx_end = .
                0x000244e8                __etext = .

.rel.dyn        0x000244e8        0x0
 .rel.iplt      0x00000000        0x0 /usr/local/gcc-arm-none-eabi-4_8-2014q1/bin/../lib/gcc/arm-none-eabi/4.8.3/armv6-m/crtbegin.o

.data           0x20002800       0x68 load address 0x000244e8
                0x20002800                __data_start__ = .
 *(vtable)
 *(.data*)
 .data.impure_data
                0x20002800       0x60 /usr/local/gcc-arm-none-eabi-4_8-2014q1/bin/../lib/gcc/arm-none-eabi/4.8.3/../../../../arm-none-eabi/lib/armv6-m/libc_s.a(lib_a-impure.o)
 .data._impure_ptr
                0x20002860        0x4 /usr/local/gcc-arm-none-eabi-4_8-2014q1/bin/../lib/gcc/arm-none-eabi/4.8.3/../../../../arm-none-eabi/lib/armv6-m/libc_s.a(lib_a-impure.o)
                0x20002860                _impure_ptr
 .data.m_instance_counter
                0x20002864        0x1 _build/app_uart_fifo.o
                0x20002868                . = ALIGN (0x4)
 *fill*         0x20002865        0x3 
                0x20002868                PROVIDE (__preinit_array_start, .)
 *(.preinit_array)
                0x20002868                PROVIDE (__preinit_array_end, .)
                0x20002868                . = ALIGN (0x4)
                0x20002868                PROVIDE (__init_array_start, .)
 *(SORT(.init_array.*))
 *(.init_array)
                0x20002868                PROVIDE (__init_array_end, .)
                0x20002868                . = ALIGN (0x4)
                0x20002868                PROVIDE (__fini_array_start, .)
 *(SORT(.fini_array.*))
 *(.fini_array)
                0x20002868                PROVIDE (__fini_array_end, .)
 *(.jcr)
                0x20002868                . = ALIGN (0x4)
                0x20002868                __data_end__ = .

.igot.plt       0x20002868        0x0 load address 0x00024550
 .igot.plt      0x00000000        0x0 /usr/local/gcc-arm-none-eabi-4_8-2014q1/bin/../lib/gcc/arm-none-eabi/4.8.3/armv6-m/crtbegin.o

.bss            0x20002868      0x8d0 load address 0x00024550
                0x20002868                . = ALIGN (0x4)
                0x20002868                __bss_start__ = .
 *(.bss*)
 .bss.m_instances
                0x20002868        0x4 _build/app_pwm.o
 .bss.m_ticks_latest
                0x2000286c        0x4 _build/app_timer.o
 .bss.m_evt_schedule_func
                0x20002870        0x4 _build/app_timer.o
 .bss.mp_nodes  0x20002874        0x4 _build/app_timer.o
 .bss.m_user_array_size
                0x20002878        0x1 _build/app_timer.o
 *fill*         0x20002879        0x3 
 .bss.mp_users  0x2000287c        0x4 _build/app_timer.o
 .bss.m_ticks_elapsed_q_read_ind
                0x20002880        0x1 _build/app_timer.o
 .bss.m_ticks_elapsed_q_write_ind
                0x20002881        0x1 _build/app_timer.o
 .bss.m_node_array_size
                0x20002882        0x1 _build/app_timer.o
 *fill*         0x20002883        0x1 
 .bss.m_timer_id_head
                0x20002884        0x4 _build/app_timer.o
 .bss.m_rtc1_reset
                0x20002888        0x1 _build/app_timer.o
 *fill*         0x20002889        0x3 
 .bss.m_ticks_elapsed
                0x2000288c        0x8 _build/app_timer.o
 .bss.m_rtc1_running
                0x20002894        0x1 _build/app_timer.o
 *fill*         0x20002895        0x3 
 .bss.m_event_handler
                0x20002898        0x4 _build/app_uart_fifo.o
 .bss.m_tx_fifo
                0x2000289c       0x10 _build/app_uart_fifo.o
 .bss.m_current_state
                0x200028ac        0x1 _build/app_uart_fifo.o
 *fill*         0x200028ad        0x3 
 .bss.m_rx_fifo
                0x200028b0       0x10 _build/app_uart_fifo.o
 .bss.m_cb      0x200028c0       0x54 _build/nrf_drv_gpiote.o
 .bss.m_timer_event_handlers
                0x20002914        0x4 _build/nrf_drv_timer.o
 .bss.mp_contexts
                0x20002918        0x4 _build/nrf_drv_timer.o
 .bss.m_cb      0x2000291c        0x4 _build/nrf_drv_timer.o
 .bss.m_drv_state
                0x20002920        0x1 _build/nrf_drv_ppi.o
 .bss.m_groups_allocated
                0x20002921        0x1 _build/nrf_drv_ppi.o
 *fill*         0x20002922        0x2 
 .bss.m_channels_allocated
                0x20002924        0x4 _build/nrf_drv_ppi.o
 .bss.m_cmd_queue
                0x20002928       0xcc _build/pstorage.o
 .bss.m_app_table
                0x200029f4       0x10 _build/pstorage.o
 .bss.m_next_app_instance
                0x20002a04        0x2 _build/pstorage.o
 *fill*         0x20002a06        0x2 
 .bss.m_next_page_addr
                0x20002a08        0x4 _build/pstorage.o
 .bss.m_module_initialized
                0x20002a0c        0x1 _build/pstorage.o
 .bss.m_swap_state
                0x20002a0d        0x1 _build/pstorage.o
 .bss.m_round_val
                0x20002a0e        0x2 _build/pstorage.o
 .bss.m_indication_type
                0x20002a10        0x4 _build/bsp.o
 .bss.m_app_ticks_per_100ms
                0x20002a14        0x4 _build/bsp.o
 .bss.m_alert_timer_id
                0x20002a18        0x4 _build/bsp.o
 .bss.m_stable_state
                0x20002a1c        0x1 _build/bsp.o
 *fill*         0x20002a1d        0x3 
 .bss.m_leds_timer_id
                0x20002a20        0x4 _build/bsp.o
 .bss.m_error_handler
                0x20002a24        0x4 _build/bsp_btn_ble.o
 .bss.m_num_connections
                0x20002a28        0x4 _build/bsp_btn_ble.o
 .bss.tx_buf.8550
                0x20002a2c      0x100 _build/main.o
 .bss.BLE_EVT_BUFFER.8472
                0x20002b2c       0x48 _build/main.o
 .bss.rx_buf.8549
                0x20002b74        0x4 _build/main.o
 .bss.m_whitelist_temporarily_disabled
                0x20002b78        0x1 _build/main.o
 .bss.m_dm_app_id
                0x20002b79        0x1 _build/main.o
 *fill*         0x20002b7a        0x2 
 .bss.m_ble_bas_c
                0x20002b7c        0xc _build/main.o
 .bss.m_peer_count
                0x20002b88        0x1 _build/main.o
 *fill*         0x20002b89        0x3 
 .bss.m_dm_device_handle
                0x20002b8c        0x4 _build/main.o
 .bss.ready_flag
                0x20002b90        0x1 _build/main.o
 *fill*         0x20002b91        0x3 
 .bss.m_scan_param
                0x20002b94       0x10 _build/main.o
 .bss.m_memory_access_in_progress
                0x20002ba4        0x1 _build/main.o
 *fill*         0x20002ba5        0x3 
 .bss.APP_TIMER_BUF.8568
                0x20002ba8      0x1d8 _build/main.o
 .bss.m_conn_handle
                0x20002d80        0x2 _build/main.o
 *fill*         0x20002d82        0x2 
 .bss.m_ble_db_discovery
                0x20002d84       0x64 _build/main.o
 .bss.m_ble_hrs_c
                0x20002de8        0xc _build/main.o
 .bss.m_tx_insert_index
                0x20002df4        0x4 _build/ble_bas_c.o
 .bss.m_tx_index
                0x20002df8        0x4 _build/ble_bas_c.o
 .bss.m_tx_buffer
                0x20002dfc       0xa0 _build/ble_bas_c.o
 .bss.mp_ble_bas_c
                0x20002e9c        0x4 _build/ble_bas_c.o
 .bss.m_num_of_discoveries_made
                0x20002ea0        0x4 _build/ble_db_discovery.o
 .bss.m_pending_user_evts
                0x20002ea4       0x70 _build/ble_db_discovery.o
 .bss.m_pending_usr_evt_index
                0x20002f14        0x4 _build/ble_db_discovery.o
 .bss.m_registered_handlers
                0x20002f18       0x10 _build/ble_db_discovery.o
 .bss.m_initialized
                0x20002f28        0x1 _build/ble_db_discovery.o
 *fill*         0x20002f29        0x3 
 .bss.m_num_of_handlers_reg
                0x20002f2c        0x4 _build/ble_db_discovery.o
 .bss.m_tx_insert_index
                0x20002f30        0x4 _build/ble_hrs_c.o
 .bss.m_tx_index
                0x20002f34        0x4 _build/ble_hrs_c.o
 .bss.m_tx_buffer
                0x20002f38       0xa0 _build/ble_hrs_c.o
 .bss.m_app_context_table
                0x20002fd8       0x1c _build/device_manager_central.o
 .bss.m_module_initialized
                0x20002ff4        0x1 _build/device_manager_central.o
 *fill*         0x20002ff5        0x3 
 .bss.m_connection_table
                0x20002ff8        0xc _build/device_manager_central.o
 .bss.m_peer_table
                0x20003004       0xa8 _build/device_manager_central.o
 .bss.m_storage_handle
                0x200030ac        0x8 _build/device_manager_central.o
 .bss.m_bond_table
                0x200030b4       0x1c _build/device_manager_central.o
 .bss.m_gatts_table
                0x200030d0        0xc _build/device_manager_central.o
 .bss.m_peer_addr_update
                0x200030dc        0x4 _build/device_manager_central.o
 .bss.m_application_table
                0x200030e0        0xc _build/device_manager_central.o
 .bss.m_softdevice_enabled
                0x200030ec        0x1 _build/softdevice_handler.o
 *fill*         0x200030ed        0x1 
 .bss.m_ble_evt_buffer_size
                0x200030ee        0x2 _build/softdevice_handler.o
 .bss.mp_ble_evt_buffer
                0x200030f0        0x4 _build/softdevice_handler.o
 .bss.m_sys_evt_handler
                0x200030f4        0x4 _build/softdevice_handler.o
 .bss.m_ble_evt_handler
                0x200030f8        0x4 _build/softdevice_handler.o
 .bss.m_evt_schedule_func
                0x200030fc        0x4 _build/softdevice_handler.o
 .bss.__malloc_sbrk_start
                0x20003100        0x4 /usr/local/gcc-arm-none-eabi-4_8-2014q1/bin/../lib/gcc/arm-none-eabi/4.8.3/../../../../arm-none-eabi/lib/armv6-m/libc_s.a(lib_a-nano-mallocr.o)
                0x20003100                __malloc_sbrk_start
 .bss.__malloc_free_list
                0x20003104        0x4 /usr/local/gcc-arm-none-eabi-4_8-2014q1/bin/../lib/gcc/arm-none-eabi/4.8.3/../../../../arm-none-eabi/lib/armv6-m/libc_s.a(lib_a-nano-mallocr.o)
                0x20003104                __malloc_free_list
 .bss.heap_end.4243
                0x20003108        0x4 /usr/local/gcc-arm-none-eabi-4_8-2014q1/bin/../lib/gcc/arm-none-eabi/4.8.3/../../../../arm-none-eabi/lib/armv6-m/libnosys.a(sbrk.o)
 *(COMMON)
 COMMON         0x2000310c        0x1 _build/app_pwm.o
                0x2000310c                m_pwm_ready_counter
 *fill*         0x2000310d        0x3 
 COMMON         0x20003110       0x24 _build/main.o
                0x20003110                m_pwm_PWM1_cb
 COMMON         0x20003134        0x4 /usr/local/gcc-arm-none-eabi-4_8-2014q1/bin/../lib/gcc/arm-none-eabi/4.8.3/../../../../arm-none-eabi/lib/armv6-m/libc_s.a(lib_a-reent.o)
                0x20003134                errno
                0x20003138                . = ALIGN (0x4)
                0x20003138                __bss_end__ = .

.heap           0x20003138        0x0
                0x20003138                __end__ = .
                0x20003138                end = __end__
 *(.heap*)
 .heap          0x20003138        0x0 _build/gcc_startup_nrf51.o
                0x20003138                __HeapLimit = .

.stack_dummy    0x20003138      0x800
 *(.stack*)
 .stack         0x20003138      0x800 _build/gcc_startup_nrf51.o
                0x20004000                __StackTop = (ORIGIN (RAM) + 0x1800)
                0x20003800                __StackLimit = (__StackTop - SIZEOF (.stack_dummy))
                0x20004000                PROVIDE (__stack, __StackTop)
                0x00000001                ASSERT ((__StackLimit >= __HeapLimit), region RAM overflowed with stack)
OUTPUT(_build/nrf51422_xxac_s120.out elf32-littlearm)

.ARM.attributes
                0x00000000       0x28
 .ARM.attributes
                0x00000000       0x1e /usr/local/gcc-arm-none-eabi-4_8-2014q1/bin/../lib/gcc/arm-none-eabi/4.8.3/armv6-m/crti.o
 .ARM.attributes
                0x0000001e       0x1b /usr/local/gcc-arm-none-eabi-4_8-2014q1/bin/../lib/gcc/arm-none-eabi/4.8.3/../../../../arm-none-eabi/lib/armv6-m/crt0.o
 .ARM.attributes
                0x00000039       0x2c /usr/local/gcc-arm-none-eabi-4_8-2014q1/bin/../lib/gcc/arm-none-eabi/4.8.3/../../../../arm-none-eabi/lib/armv6-m/libc_s.a(lib_a-exit.o)
 .ARM.attributes
                0x00000065       0x2c /usr/local/gcc-arm-none-eabi-4_8-2014q1/bin/../lib/gcc/arm-none-eabi/4.8.3/../../../../arm-none-eabi/lib/armv6-m/libc_s.a(lib_a-impure.o)
 .ARM.attributes
                0x00000091       0x2c /usr/local/gcc-arm-none-eabi-4_8-2014q1/bin/../lib/gcc/arm-none-eabi/4.8.3/../../../../arm-none-eabi/lib/armv6-m/libc_s.a(lib_a-init.o)
 .ARM.attributes
                0x000000bd       0x2c /usr/local/gcc-arm-none-eabi-4_8-2014q1/bin/../lib/gcc/arm-none-eabi/4.8.3/../../../../arm-none-eabi/lib/armv6-m/libc_s.a(lib_a-memset.o)
 .ARM.attributes
                0x000000e9       0x2c /usr/local/gcc-arm-none-eabi-4_8-2014q1/bin/../lib/gcc/arm-none-eabi/4.8.3/../../../../arm-none-eabi/lib/armv6-m/libnosys.a(_exit.o)
 .ARM.attributes
                0x00000115       0x31 _build/app_error.o
 .ARM.attributes
                0x00000146       0x31 _build/app_pwm.o
 .ARM.attributes
                0x00000177       0x31 _build/app_fifo.o
 .ARM.attributes
                0x000001a8       0x31 _build/app_timer.o
 .ARM.attributes
                0x000001d9       0x31 _build/retarget.o
 .ARM.attributes
                0x0000020a       0x31 _build/app_uart_fifo.o
 .ARM.attributes
                0x0000023b       0x31 _build/nrf_drv_common.o
 .ARM.attributes
                0x0000026c       0x31 _build/nrf_drv_gpiote.o
 .ARM.attributes
                0x0000029d       0x31 _build/nrf_drv_timer.o
 .ARM.attributes
                0x000002ce       0x31 _build/nrf_drv_ppi.o
 .ARM.attributes
                0x000002ff       0x31 _build/pstorage.o
 .ARM.attributes
                0x00000330       0x31 _build/bsp.o
 .ARM.attributes
                0x00000361       0x31 _build/bsp_btn_ble.o
 .ARM.attributes
                0x00000392       0x31 _build/main.o
 .ARM.attributes
                0x000003c3       0x31 _build/ble_bas_c.o
 .ARM.attributes
                0x000003f4       0x31 _build/ble_db_discovery.o
 .ARM.attributes
                0x00000425       0x31 _build/ble_hrs_c.o
 .ARM.attributes
                0x00000456       0x31 _build/device_manager_central.o
 .ARM.attributes
                0x00000487       0x31 _build/system_nrf51.o
 .ARM.attributes
                0x000004b8       0x31 _build/softdevice_handler.o
 .ARM.attributes
                0x000004e9       0x1b _build/gcc_startup_nrf51.o
 .ARM.attributes
                0x00000504       0x1e /usr/local/gcc-arm-none-eabi-4_8-2014q1/bin/../lib/gcc/arm-none-eabi/4.8.3/armv6-m/libgcc.a(_udivsi3.o)
 .ARM.attributes
                0x00000522       0x1e /usr/local/gcc-arm-none-eabi-4_8-2014q1/bin/../lib/gcc/arm-none-eabi/4.8.3/armv6-m/libgcc.a(_dvmd_tls.o)
 .ARM.attributes
                0x00000540       0x2c /usr/local/gcc-arm-none-eabi-4_8-2014q1/bin/../lib/gcc/arm-none-eabi/4.8.3/../../../../arm-none-eabi/lib/armv6-m/libc_s.a(lib_a-memcmp.o)
 .ARM.attributes
                0x0000056c       0x2c /usr/local/gcc-arm-none-eabi-4_8-2014q1/bin/../lib/gcc/arm-none-eabi/4.8.3/../../../../arm-none-eabi/lib/armv6-m/libc_s.a(lib_a-memcpy-stub.o)
 .ARM.attributes
                0x00000598       0x2c /usr/local/gcc-arm-none-eabi-4_8-2014q1/bin/../lib/gcc/arm-none-eabi/4.8.3/../../../../arm-none-eabi/lib/armv6-m/libc_s.a(lib_a-printf.o)
 .ARM.attributes
                0x000005c4       0x2c /usr/local/gcc-arm-none-eabi-4_8-2014q1/bin/../lib/gcc/arm-none-eabi/4.8.3/../../../../arm-none-eabi/lib/armv6-m/libc_s.a(lib_a-strlen.o)
 .ARM.attributes
                0x000005f0       0x2c /usr/local/gcc-arm-none-eabi-4_8-2014q1/bin/../lib/gcc/arm-none-eabi/4.8.3/../../../../arm-none-eabi/lib/armv6-m/libc_s.a(lib_a-vfprintf.o)
 .ARM.attributes
                0x0000061c       0x2c /usr/local/gcc-arm-none-eabi-4_8-2014q1/bin/../lib/gcc/arm-none-eabi/4.8.3/../../../../arm-none-eabi/lib/armv6-m/libc_s.a(lib_a-vfprintf_i.o)
 .ARM.attributes
                0x00000648       0x2c /usr/local/gcc-arm-none-eabi-4_8-2014q1/bin/../lib/gcc/arm-none-eabi/4.8.3/../../../../arm-none-eabi/lib/armv6-m/libc_s.a(lib_a-wbuf.o)
 .ARM.attributes
                0x00000674       0x2c /usr/local/gcc-arm-none-eabi-4_8-2014q1/bin/../lib/gcc/arm-none-eabi/4.8.3/../../../../arm-none-eabi/lib/armv6-m/libc_s.a(lib_a-wsetup.o)
 .ARM.attributes
                0x000006a0       0x2c /usr/local/gcc-arm-none-eabi-4_8-2014q1/bin/../lib/gcc/arm-none-eabi/4.8.3/../../../../arm-none-eabi/lib/armv6-m/libc_s.a(lib_a-fflush.o)
 .ARM.attributes
                0x000006cc       0x2c /usr/local/gcc-arm-none-eabi-4_8-2014q1/bin/../lib/gcc/arm-none-eabi/4.8.3/../../../../arm-none-eabi/lib/armv6-m/libc_s.a(lib_a-findfp.o)
 .ARM.attributes
                0x000006f8       0x2c /usr/local/gcc-arm-none-eabi-4_8-2014q1/bin/../lib/gcc/arm-none-eabi/4.8.3/../../../../arm-none-eabi/lib/armv6-m/libc_s.a(lib_a-makebuf.o)
 .ARM.attributes
                0x00000724       0x2c /usr/local/gcc-arm-none-eabi-4_8-2014q1/bin/../lib/gcc/arm-none-eabi/4.8.3/../../../../arm-none-eabi/lib/armv6-m/libc_s.a(lib_a-memchr-stub.o)
 .ARM.attributes
                0x00000750       0x2c /usr/local/gcc-arm-none-eabi-4_8-2014q1/bin/../lib/gcc/arm-none-eabi/4.8.3/../../../../arm-none-eabi/lib/armv6-m/libc_s.a(lib_a-nano-freer.o)
 .ARM.attributes
                0x0000077c       0x2c /usr/local/gcc-arm-none-eabi-4_8-2014q1/bin/../lib/gcc/arm-none-eabi/4.8.3/../../../../arm-none-eabi/lib/armv6-m/libc_s.a(lib_a-nano-mallocr.o)
 .ARM.attributes
                0x000007a8       0x2c /usr/local/gcc-arm-none-eabi-4_8-2014q1/bin/../lib/gcc/arm-none-eabi/4.8.3/../../../../arm-none-eabi/lib/armv6-m/libc_s.a(lib_a-sbrkr.o)
 .ARM.attributes
                0x000007d4       0x2c /usr/local/gcc-arm-none-eabi-4_8-2014q1/bin/../lib/gcc/arm-none-eabi/4.8.3/../../../../arm-none-eabi/lib/armv6-m/libc_s.a(lib_a-stdio.o)
 .ARM.attributes
                0x00000800       0x2c /usr/local/gcc-arm-none-eabi-4_8-2014q1/bin/../lib/gcc/arm-none-eabi/4.8.3/../../../../arm-none-eabi/lib/armv6-m/libc_s.a(lib_a-writer.o)
 .ARM.attributes
                0x0000082c       0x2c /usr/local/gcc-arm-none-eabi-4_8-2014q1/bin/../lib/gcc/arm-none-eabi/4.8.3/../../../../arm-none-eabi/lib/armv6-m/libc_s.a(lib_a-closer.o)
 .ARM.attributes
                0x00000858       0x2c /usr/local/gcc-arm-none-eabi-4_8-2014q1/bin/../lib/gcc/arm-none-eabi/4.8.3/../../../../arm-none-eabi/lib/armv6-m/libc_s.a(lib_a-fstatr.o)
 .ARM.attributes
                0x00000884       0x2c /usr/local/gcc-arm-none-eabi-4_8-2014q1/bin/../lib/gcc/arm-none-eabi/4.8.3/../../../../arm-none-eabi/lib/armv6-m/libc_s.a(lib_a-isattyr.o)
 .ARM.attributes
                0x000008b0       0x2c /usr/local/gcc-arm-none-eabi-4_8-2014q1/bin/../lib/gcc/arm-none-eabi/4.8.3/../../../../arm-none-eabi/lib/armv6-m/libc_s.a(lib_a-lseekr.o)
 .ARM.attributes
                0x000008dc       0x2c /usr/local/gcc-arm-none-eabi-4_8-2014q1/bin/../lib/gcc/arm-none-eabi/4.8.3/../../../../arm-none-eabi/lib/armv6-m/libc_s.a(lib_a-readr.o)
 .ARM.attributes
                0x00000908       0x2c /usr/local/gcc-arm-none-eabi-4_8-2014q1/bin/../lib/gcc/arm-none-eabi/4.8.3/../../../../arm-none-eabi/lib/armv6-m/libc_s.a(lib_a-reent.o)
 .ARM.attributes
                0x00000934       0x1e /usr/local/gcc-arm-none-eabi-4_8-2014q1/bin/../lib/gcc/arm-none-eabi/4.8.3/armv6-m/crtn.o
 .ARM.attributes
                0x00000952       0x2c /usr/local/gcc-arm-none-eabi-4_8-2014q1/bin/../lib/gcc/arm-none-eabi/4.8.3/../../../../arm-none-eabi/lib/armv6-m/libnosys.a(close.o)
 .ARM.attributes
                0x0000097e       0x2c /usr/local/gcc-arm-none-eabi-4_8-2014q1/bin/../lib/gcc/arm-none-eabi/4.8.3/../../../../arm-none-eabi/lib/armv6-m/libnosys.a(fstat.o)
 .ARM.attributes
                0x000009aa       0x2c /usr/local/gcc-arm-none-eabi-4_8-2014q1/bin/../lib/gcc/arm-none-eabi/4.8.3/../../../../arm-none-eabi/lib/armv6-m/libnosys.a(isatty.o)
 .ARM.attributes
                0x000009d6       0x2c /usr/local/gcc-arm-none-eabi-4_8-2014q1/bin/../lib/gcc/arm-none-eabi/4.8.3/../../../../arm-none-eabi/lib/armv6-m/libnosys.a(lseek.o)
 .ARM.attributes
                0x00000a02       0x2c /usr/local/gcc-arm-none-eabi-4_8-2014q1/bin/../lib/gcc/arm-none-eabi/4.8.3/../../../../arm-none-eabi/lib/armv6-m/libnosys.a(sbrk.o)

.comment        0x00000000       0x70
 .comment       0x00000000       0x70 _build/app_error.o
                                 0x71 (size before relaxing)
 .comment       0x00000000       0x71 _build/app_pwm.o
 .comment       0x00000000       0x71 _build/app_fifo.o
 .comment       0x00000000       0x71 _build/app_timer.o
 .comment       0x00000000       0x71 _build/retarget.o
 .comment       0x00000000       0x71 _build/app_uart_fifo.o
 .comment       0x00000000       0x71 _build/nrf_drv_common.o
 .comment       0x00000000       0x71 _build/nrf_drv_gpiote.o
 .comment       0x00000000       0x71 _build/nrf_drv_timer.o
 .comment       0x00000000       0x71 _build/nrf_drv_ppi.o
 .comment       0x00000000       0x71 _build/pstorage.o
 .comment       0x00000000       0x71 _build/bsp.o
 .comment       0x00000000       0x71 _build/bsp_btn_ble.o
 .comment       0x00000000       0x71 _build/main.o
 .comment       0x00000000       0x71 _build/ble_bas_c.o
 .comment       0x00000000       0x71 _build/ble_db_discovery.o
 .comment       0x00000000       0x71 _build/ble_hrs_c.o
 .comment       0x00000000       0x71 _build/device_manager_central.o
 .comment       0x00000000       0x71 _build/system_nrf51.o
 .comment       0x00000000       0x71 _build/softdevice_handler.o

.debug_frame    0x00000000      0x7e0
 .debug_frame   0x00000000       0x28 /usr/local/gcc-arm-none-eabi-4_8-2014q1/bin/../lib/gcc/arm-none-eabi/4.8.3/../../../../arm-none-eabi/lib/armv6-m/libc_s.a(lib_a-exit.o)
 .debug_frame   0x00000028       0x2c /usr/local/gcc-arm-none-eabi-4_8-2014q1/bin/../lib/gcc/arm-none-eabi/4.8.3/../../../../arm-none-eabi/lib/armv6-m/libc_s.a(lib_a-init.o)
 .debug_frame   0x00000054       0x20 /usr/local/gcc-arm-none-eabi-4_8-2014q1/bin/../lib/gcc/arm-none-eabi/4.8.3/../../../../arm-none-eabi/lib/armv6-m/libc_s.a(lib_a-memset.o)
 .debug_frame   0x00000074       0x20 /usr/local/gcc-arm-none-eabi-4_8-2014q1/bin/../lib/gcc/arm-none-eabi/4.8.3/../../../../arm-none-eabi/lib/armv6-m/libnosys.a(_exit.o)
 .debug_frame   0x00000094       0x20 /usr/local/gcc-arm-none-eabi-4_8-2014q1/bin/../lib/gcc/arm-none-eabi/4.8.3/armv6-m/libgcc.a(_udivsi3.o)
 .debug_frame   0x000000b4       0x2c /usr/local/gcc-arm-none-eabi-4_8-2014q1/bin/../lib/gcc/arm-none-eabi/4.8.3/../../../../arm-none-eabi/lib/armv6-m/libc_s.a(lib_a-memcmp.o)
 .debug_frame   0x000000e0       0x28 /usr/local/gcc-arm-none-eabi-4_8-2014q1/bin/../lib/gcc/arm-none-eabi/4.8.3/../../../../arm-none-eabi/lib/armv6-m/libc_s.a(lib_a-memcpy-stub.o)
 .debug_frame   0x00000108       0x50 /usr/local/gcc-arm-none-eabi-4_8-2014q1/bin/../lib/gcc/arm-none-eabi/4.8.3/../../../../arm-none-eabi/lib/armv6-m/libc_s.a(lib_a-printf.o)
 .debug_frame   0x00000158       0x20 /usr/local/gcc-arm-none-eabi-4_8-2014q1/bin/../lib/gcc/arm-none-eabi/4.8.3/../../../../arm-none-eabi/lib/armv6-m/libc_s.a(lib_a-strlen.o)
 .debug_frame   0x00000178       0xa0 /usr/local/gcc-arm-none-eabi-4_8-2014q1/bin/../lib/gcc/arm-none-eabi/4.8.3/../../../../arm-none-eabi/lib/armv6-m/libc_s.a(lib_a-vfprintf.o)
 .debug_frame   0x00000218       0x54 /usr/local/gcc-arm-none-eabi-4_8-2014q1/bin/../lib/gcc/arm-none-eabi/4.8.3/../../../../arm-none-eabi/lib/armv6-m/libc_s.a(lib_a-vfprintf_i.o)
 .debug_frame   0x0000026c       0x44 /usr/local/gcc-arm-none-eabi-4_8-2014q1/bin/../lib/gcc/arm-none-eabi/4.8.3/../../../../arm-none-eabi/lib/armv6-m/libc_s.a(lib_a-wbuf.o)
 .debug_frame   0x000002b0       0x2c /usr/local/gcc-arm-none-eabi-4_8-2014q1/bin/../lib/gcc/arm-none-eabi/4.8.3/../../../../arm-none-eabi/lib/armv6-m/libc_s.a(lib_a-wsetup.o)
 .debug_frame   0x000002dc       0x68 /usr/local/gcc-arm-none-eabi-4_8-2014q1/bin/../lib/gcc/arm-none-eabi/4.8.3/../../../../arm-none-eabi/lib/armv6-m/libc_s.a(lib_a-fflush.o)
 .debug_frame   0x00000344      0x148 /usr/local/gcc-arm-none-eabi-4_8-2014q1/bin/../lib/gcc/arm-none-eabi/4.8.3/../../../../arm-none-eabi/lib/armv6-m/libc_s.a(lib_a-findfp.o)
 .debug_frame   0x0000048c       0x30 /usr/local/gcc-arm-none-eabi-4_8-2014q1/bin/../lib/gcc/arm-none-eabi/4.8.3/../../../../arm-none-eabi/lib/armv6-m/libc_s.a(lib_a-makebuf.o)
 .debug_frame   0x000004bc       0x20 /usr/local/gcc-arm-none-eabi-4_8-2014q1/bin/../lib/gcc/arm-none-eabi/4.8.3/../../../../arm-none-eabi/lib/armv6-m/libc_s.a(lib_a-memchr-stub.o)
 .debug_frame   0x000004dc       0x2c /usr/local/gcc-arm-none-eabi-4_8-2014q1/bin/../lib/gcc/arm-none-eabi/4.8.3/../../../../arm-none-eabi/lib/armv6-m/libc_s.a(lib_a-nano-freer.o)
 .debug_frame   0x00000508       0x2c /usr/local/gcc-arm-none-eabi-4_8-2014q1/bin/../lib/gcc/arm-none-eabi/4.8.3/../../../../arm-none-eabi/lib/armv6-m/libc_s.a(lib_a-nano-mallocr.o)
 .debug_frame   0x00000534       0x2c /usr/local/gcc-arm-none-eabi-4_8-2014q1/bin/../lib/gcc/arm-none-eabi/4.8.3/../../../../arm-none-eabi/lib/armv6-m/libc_s.a(lib_a-sbrkr.o)
 .debug_frame   0x00000560       0x90 /usr/local/gcc-arm-none-eabi-4_8-2014q1/bin/../lib/gcc/arm-none-eabi/4.8.3/../../../../arm-none-eabi/lib/armv6-m/libc_s.a(lib_a-stdio.o)
 .debug_frame   0x000005f0       0x2c /usr/local/gcc-arm-none-eabi-4_8-2014q1/bin/../lib/gcc/arm-none-eabi/4.8.3/../../../../arm-none-eabi/lib/armv6-m/libc_s.a(lib_a-writer.o)
 .debug_frame   0x0000061c       0x2c /usr/local/gcc-arm-none-eabi-4_8-2014q1/bin/../lib/gcc/arm-none-eabi/4.8.3/../../../../arm-none-eabi/lib/armv6-m/libc_s.a(lib_a-closer.o)
 .debug_frame   0x00000648       0x2c /usr/local/gcc-arm-none-eabi-4_8-2014q1/bin/../lib/gcc/arm-none-eabi/4.8.3/../../../../arm-none-eabi/lib/armv6-m/libc_s.a(lib_a-fstatr.o)
 .debug_frame   0x00000674       0x2c /usr/local/gcc-arm-none-eabi-4_8-2014q1/bin/../lib/gcc/arm-none-eabi/4.8.3/../../../../arm-none-eabi/lib/armv6-m/libc_s.a(lib_a-isattyr.o)
 .debug_frame   0x000006a0       0x2c /usr/local/gcc-arm-none-eabi-4_8-2014q1/bin/../lib/gcc/arm-none-eabi/4.8.3/../../../../arm-none-eabi/lib/armv6-m/libc_s.a(lib_a-lseekr.o)
 .debug_frame   0x000006cc       0x2c /usr/local/gcc-arm-none-eabi-4_8-2014q1/bin/../lib/gcc/arm-none-eabi/4.8.3/../../../../arm-none-eabi/lib/armv6-m/libc_s.a(lib_a-readr.o)
 .debug_frame   0x000006f8       0x48 /usr/local/gcc-arm-none-eabi-4_8-2014q1/bin/../lib/gcc/arm-none-eabi/4.8.3/../../../../arm-none-eabi/lib/armv6-m/libc_s.a(lib_a-reent.o)
 .debug_frame   0x00000740       0x20 /usr/local/gcc-arm-none-eabi-4_8-2014q1/bin/../lib/gcc/arm-none-eabi/4.8.3/../../../../arm-none-eabi/lib/armv6-m/libnosys.a(close.o)
 .debug_frame   0x00000760       0x20 /usr/local/gcc-arm-none-eabi-4_8-2014q1/bin/../lib/gcc/arm-none-eabi/4.8.3/../../../../arm-none-eabi/lib/armv6-m/libnosys.a(fstat.o)
 .debug_frame   0x00000780       0x20 /usr/local/gcc-arm-none-eabi-4_8-2014q1/bin/../lib/gcc/arm-none-eabi/4.8.3/../../../../arm-none-eabi/lib/armv6-m/libnosys.a(isatty.o)
 .debug_frame   0x000007a0       0x20 /usr/local/gcc-arm-none-eabi-4_8-2014q1/bin/../lib/gcc/arm-none-eabi/4.8.3/../../../../arm-none-eabi/lib/armv6-m/libnosys.a(lseek.o)
 .debug_frame   0x000007c0       0x20 /usr/local/gcc-arm-none-eabi-4_8-2014q1/bin/../lib/gcc/arm-none-eabi/4.8.3/../../../../arm-none-eabi/lib/armv6-m/libnosys.a(sbrk.o)

.stab           0x00000000       0x6c
 .stab          0x00000000       0x24 /usr/local/gcc-arm-none-eabi-4_8-2014q1/bin/../lib/gcc/arm-none-eabi/4.8.3/../../../../arm-none-eabi/lib/armv6-m/libnosys.a(close.o)
 .stab          0x00000024       0x18 /usr/local/gcc-arm-none-eabi-4_8-2014q1/bin/../lib/gcc/arm-none-eabi/4.8.3/../../../../arm-none-eabi/lib/armv6-m/libnosys.a(fstat.o)
                                 0x24 (size before relaxing)
 .stab          0x0000003c       0x18 /usr/local/gcc-arm-none-eabi-4_8-2014q1/bin/../lib/gcc/arm-none-eabi/4.8.3/../../../../arm-none-eabi/lib/armv6-m/libnosys.a(isatty.o)
                                 0x24 (size before relaxing)
 .stab          0x00000054       0x18 /usr/local/gcc-arm-none-eabi-4_8-2014q1/bin/../lib/gcc/arm-none-eabi/4.8.3/../../../../arm-none-eabi/lib/armv6-m/libnosys.a(lseek.o)
                                 0x24 (size before relaxing)

.stabstr        0x00000000       0xe3
 .stabstr       0x00000000       0xe3 /usr/local/gcc-arm-none-eabi-4_8-2014q1/bin/../lib/gcc/arm-none-eabi/4.8.3/../../../../arm-none-eabi/lib/armv6-m/libnosys.a(close.o)
