Archive member included because of file (symbol)

/usr/local/gcc-arm-none-eabi-4_8-2014q1/bin/../lib/gcc/arm-none-eabi/4.8.3/../../../../arm-none-eabi/lib/armv6-m/libc_s.a(lib_a-exit.o)
                              /usr/local/gcc-arm-none-eabi-4_8-2014q1/bin/../lib/gcc/arm-none-eabi/4.8.3/../../../../arm-none-eabi/lib/armv6-m/crt0.o (exit)
/usr/local/gcc-arm-none-eabi-4_8-2014q1/bin/../lib/gcc/arm-none-eabi/4.8.3/../../../../arm-none-eabi/lib/armv6-m/libc_s.a(lib_a-impure.o)
                              /usr/local/gcc-arm-none-eabi-4_8-2014q1/bin/../lib/gcc/arm-none-eabi/4.8.3/../../../../arm-none-eabi/lib/armv6-m/libc_s.a(lib_a-exit.o) (_global_impure_ptr)
/usr/local/gcc-arm-none-eabi-4_8-2014q1/bin/../lib/gcc/arm-none-eabi/4.8.3/../../../../arm-none-eabi/lib/armv6-m/libc_s.a(lib_a-init.o)
                              /usr/local/gcc-arm-none-eabi-4_8-2014q1/bin/../lib/gcc/arm-none-eabi/4.8.3/../../../../arm-none-eabi/lib/armv6-m/crt0.o (__libc_init_array)
/usr/local/gcc-arm-none-eabi-4_8-2014q1/bin/../lib/gcc/arm-none-eabi/4.8.3/../../../../arm-none-eabi/lib/armv6-m/libc_s.a(lib_a-memset.o)
                              /usr/local/gcc-arm-none-eabi-4_8-2014q1/bin/../lib/gcc/arm-none-eabi/4.8.3/../../../../arm-none-eabi/lib/armv6-m/crt0.o (memset)
/usr/local/gcc-arm-none-eabi-4_8-2014q1/bin/../lib/gcc/arm-none-eabi/4.8.3/../../../../arm-none-eabi/lib/armv6-m/libnosys.a(_exit.o)
                              /usr/local/gcc-arm-none-eabi-4_8-2014q1/bin/../lib/gcc/arm-none-eabi/4.8.3/../../../../arm-none-eabi/lib/armv6-m/libc_s.a(lib_a-exit.o) (_exit)
/usr/local/gcc-arm-none-eabi-4_8-2014q1/bin/../lib/gcc/arm-none-eabi/4.8.3/armv6-m/libgcc.a(_udivsi3.o)
                              _build/pstorage.o (__aeabi_uidiv)
/usr/local/gcc-arm-none-eabi-4_8-2014q1/bin/../lib/gcc/arm-none-eabi/4.8.3/armv6-m/libgcc.a(_dvmd_tls.o)
                              /usr/local/gcc-arm-none-eabi-4_8-2014q1/bin/../lib/gcc/arm-none-eabi/4.8.3/armv6-m/libgcc.a(_udivsi3.o) (__aeabi_idiv0)
/usr/local/gcc-arm-none-eabi-4_8-2014q1/bin/../lib/gcc/arm-none-eabi/4.8.3/../../../../arm-none-eabi/lib/armv6-m/libc_s.a(lib_a-memcmp.o)
                              _build/main.o (memcmp)
/usr/local/gcc-arm-none-eabi-4_8-2014q1/bin/../lib/gcc/arm-none-eabi/4.8.3/../../../../arm-none-eabi/lib/armv6-m/libc_s.a(lib_a-memcpy-stub.o)
                              _build/pstorage.o (memcpy)
/usr/local/gcc-arm-none-eabi-4_8-2014q1/bin/../lib/gcc/arm-none-eabi/4.8.3/../../../../arm-none-eabi/lib/armv6-m/libc_s.a(lib_a-strlen.o)
                              _build/ble_srv_common.o (strlen)

Allocating common symbols
Common symbol       size              file

__stdin             0x68              _build/retarget.o
__stdout            0x68              _build/retarget.o

Discarded input sections

 .text          0x00000000        0x0 /usr/local/gcc-arm-none-eabi-4_8-2014q1/bin/../lib/gcc/arm-none-eabi/4.8.3/armv6-m/crti.o
 .data          0x00000000        0x0 /usr/local/gcc-arm-none-eabi-4_8-2014q1/bin/../lib/gcc/arm-none-eabi/4.8.3/armv6-m/crti.o
 .bss           0x00000000        0x0 /usr/local/gcc-arm-none-eabi-4_8-2014q1/bin/../lib/gcc/arm-none-eabi/4.8.3/armv6-m/crti.o
 .text          0x00000000       0x60 /usr/local/gcc-arm-none-eabi-4_8-2014q1/bin/../lib/gcc/arm-none-eabi/4.8.3/armv6-m/crtbegin.o
 .data          0x00000000        0x4 /usr/local/gcc-arm-none-eabi-4_8-2014q1/bin/../lib/gcc/arm-none-eabi/4.8.3/armv6-m/crtbegin.o
 .bss           0x00000000       0x1c /usr/local/gcc-arm-none-eabi-4_8-2014q1/bin/../lib/gcc/arm-none-eabi/4.8.3/armv6-m/crtbegin.o
 .init_array    0x00000000        0x4 /usr/local/gcc-arm-none-eabi-4_8-2014q1/bin/../lib/gcc/arm-none-eabi/4.8.3/armv6-m/crtbegin.o
 .fini_array    0x00000000        0x4 /usr/local/gcc-arm-none-eabi-4_8-2014q1/bin/../lib/gcc/arm-none-eabi/4.8.3/armv6-m/crtbegin.o
 .eh_frame      0x00000000        0x0 /usr/local/gcc-arm-none-eabi-4_8-2014q1/bin/../lib/gcc/arm-none-eabi/4.8.3/armv6-m/crtbegin.o
 .jcr           0x00000000        0x0 /usr/local/gcc-arm-none-eabi-4_8-2014q1/bin/../lib/gcc/arm-none-eabi/4.8.3/armv6-m/crtbegin.o
 .ARM.attributes
                0x00000000       0x2c /usr/local/gcc-arm-none-eabi-4_8-2014q1/bin/../lib/gcc/arm-none-eabi/4.8.3/armv6-m/crtbegin.o
 .data          0x00000000        0x0 /usr/local/gcc-arm-none-eabi-4_8-2014q1/bin/../lib/gcc/arm-none-eabi/4.8.3/../../../../arm-none-eabi/lib/armv6-m/crt0.o
 .bss           0x00000000        0x0 /usr/local/gcc-arm-none-eabi-4_8-2014q1/bin/../lib/gcc/arm-none-eabi/4.8.3/../../../../arm-none-eabi/lib/armv6-m/crt0.o
 .ARM.extab     0x00000000        0x0 /usr/local/gcc-arm-none-eabi-4_8-2014q1/bin/../lib/gcc/arm-none-eabi/4.8.3/../../../../arm-none-eabi/lib/armv6-m/crt0.o
 .text          0x00000000        0x0 /usr/local/gcc-arm-none-eabi-4_8-2014q1/bin/../lib/gcc/arm-none-eabi/4.8.3/../../../../arm-none-eabi/lib/armv6-m/libc_s.a(lib_a-exit.o)
 .data          0x00000000        0x0 /usr/local/gcc-arm-none-eabi-4_8-2014q1/bin/../lib/gcc/arm-none-eabi/4.8.3/../../../../arm-none-eabi/lib/armv6-m/libc_s.a(lib_a-exit.o)
 .bss           0x00000000        0x0 /usr/local/gcc-arm-none-eabi-4_8-2014q1/bin/../lib/gcc/arm-none-eabi/4.8.3/../../../../arm-none-eabi/lib/armv6-m/libc_s.a(lib_a-exit.o)
 .text          0x00000000        0x0 /usr/local/gcc-arm-none-eabi-4_8-2014q1/bin/../lib/gcc/arm-none-eabi/4.8.3/../../../../arm-none-eabi/lib/armv6-m/libc_s.a(lib_a-impure.o)
 .data          0x00000000        0x0 /usr/local/gcc-arm-none-eabi-4_8-2014q1/bin/../lib/gcc/arm-none-eabi/4.8.3/../../../../arm-none-eabi/lib/armv6-m/libc_s.a(lib_a-impure.o)
 .bss           0x00000000        0x0 /usr/local/gcc-arm-none-eabi-4_8-2014q1/bin/../lib/gcc/arm-none-eabi/4.8.3/../../../../arm-none-eabi/lib/armv6-m/libc_s.a(lib_a-impure.o)
 .data._impure_ptr
                0x00000000        0x4 /usr/local/gcc-arm-none-eabi-4_8-2014q1/bin/../lib/gcc/arm-none-eabi/4.8.3/../../../../arm-none-eabi/lib/armv6-m/libc_s.a(lib_a-impure.o)
 .text          0x00000000        0x0 /usr/local/gcc-arm-none-eabi-4_8-2014q1/bin/../lib/gcc/arm-none-eabi/4.8.3/../../../../arm-none-eabi/lib/armv6-m/libc_s.a(lib_a-init.o)
 .data          0x00000000        0x0 /usr/local/gcc-arm-none-eabi-4_8-2014q1/bin/../lib/gcc/arm-none-eabi/4.8.3/../../../../arm-none-eabi/lib/armv6-m/libc_s.a(lib_a-init.o)
 .bss           0x00000000        0x0 /usr/local/gcc-arm-none-eabi-4_8-2014q1/bin/../lib/gcc/arm-none-eabi/4.8.3/../../../../arm-none-eabi/lib/armv6-m/libc_s.a(lib_a-init.o)
 .text          0x00000000        0x0 /usr/local/gcc-arm-none-eabi-4_8-2014q1/bin/../lib/gcc/arm-none-eabi/4.8.3/../../../../arm-none-eabi/lib/armv6-m/libc_s.a(lib_a-memset.o)
 .data          0x00000000        0x0 /usr/local/gcc-arm-none-eabi-4_8-2014q1/bin/../lib/gcc/arm-none-eabi/4.8.3/../../../../arm-none-eabi/lib/armv6-m/libc_s.a(lib_a-memset.o)
 .bss           0x00000000        0x0 /usr/local/gcc-arm-none-eabi-4_8-2014q1/bin/../lib/gcc/arm-none-eabi/4.8.3/../../../../arm-none-eabi/lib/armv6-m/libc_s.a(lib_a-memset.o)
 .text          0x00000000        0x0 /usr/local/gcc-arm-none-eabi-4_8-2014q1/bin/../lib/gcc/arm-none-eabi/4.8.3/../../../../arm-none-eabi/lib/armv6-m/libnosys.a(_exit.o)
 .data          0x00000000        0x0 /usr/local/gcc-arm-none-eabi-4_8-2014q1/bin/../lib/gcc/arm-none-eabi/4.8.3/../../../../arm-none-eabi/lib/armv6-m/libnosys.a(_exit.o)
 .bss           0x00000000        0x0 /usr/local/gcc-arm-none-eabi-4_8-2014q1/bin/../lib/gcc/arm-none-eabi/4.8.3/../../../../arm-none-eabi/lib/armv6-m/libnosys.a(_exit.o)
 .text          0x00000000        0x0 _build/app_error.o
 .data          0x00000000        0x0 _build/app_error.o
 .bss           0x00000000        0x0 _build/app_error.o
 .text          0x00000000        0x0 _build/app_fifo.o
 .data          0x00000000        0x0 _build/app_fifo.o
 .bss           0x00000000        0x0 _build/app_fifo.o
 .text.app_fifo_init
                0x00000000       0x28 _build/app_fifo.o
 .text.app_fifo_flush
                0x00000000        0x8 _build/app_fifo.o
 .text          0x00000000        0x0 _build/app_trace.o
 .data          0x00000000        0x0 _build/app_trace.o
 .bss           0x00000000        0x0 _build/app_trace.o
 .comment       0x00000000       0x71 _build/app_trace.o
 .ARM.attributes
                0x00000000       0x31 _build/app_trace.o
 .text          0x00000000        0x0 _build/nrf_assert.o
 .data          0x00000000        0x0 _build/nrf_assert.o
 .bss           0x00000000        0x0 _build/nrf_assert.o
 .comment       0x00000000       0x71 _build/nrf_assert.o
 .ARM.attributes
                0x00000000       0x31 _build/nrf_assert.o
 .text          0x00000000        0x0 _build/retarget.o
 .data          0x00000000        0x0 _build/retarget.o
 .bss           0x00000000        0x0 _build/retarget.o
 .text._write   0x00000000       0x1c _build/retarget.o
 .text._read    0x00000000       0x14 _build/retarget.o
 .comment       0x00000000       0x71 _build/retarget.o
 .ARM.attributes
                0x00000000       0x31 _build/retarget.o
 COMMON         0x00000000       0xd0 _build/retarget.o
 .text          0x00000000        0x0 _build/app_uart_fifo.o
 .data          0x00000000        0x0 _build/app_uart_fifo.o
 .bss           0x00000000        0x0 _build/app_uart_fifo.o
 .text.action_tx_send
                0x00000000       0x6c _build/app_uart_fifo.o
 .text.on_uart_event.part.2
                0x00000000       0x20 _build/app_uart_fifo.o
 .text.on_cts_low
                0x00000000       0x94 _build/app_uart_fifo.o
 .text.gpiote_uart_event_handler
                0x00000000       0xc0 _build/app_uart_fifo.o
 .text.action_tx_stop
                0x00000000       0x2c _build/app_uart_fifo.o
 .text.app_uart_init
                0x00000000      0x23c _build/app_uart_fifo.o
 .text.app_uart_get
                0x00000000       0x10 _build/app_uart_fifo.o
 .text.app_uart_put
                0x00000000       0x80 _build/app_uart_fifo.o
 .text.app_uart_flush
                0x00000000       0x1c _build/app_uart_fifo.o
 .text.app_uart_get_connection_state
                0x00000000       0x14 _build/app_uart_fifo.o
 .text.app_uart_close
                0x00000000       0x30 _build/app_uart_fifo.o
 .data.m_instance_counter
                0x00000000        0x1 _build/app_uart_fifo.o
 .text          0x00000000        0x0 _build/nrf_drv_common.o
 .data          0x00000000        0x0 _build/nrf_drv_common.o
 .bss           0x00000000        0x0 _build/nrf_drv_common.o
 .text.nrf_drv_common_irq_enable
                0x00000000       0x7c _build/nrf_drv_common.o
 .comment       0x00000000       0x71 _build/nrf_drv_common.o
 .ARM.attributes
                0x00000000       0x31 _build/nrf_drv_common.o
 .text          0x00000000        0x0 _build/nrf_drv_gpiote.o
 .data          0x00000000        0x0 _build/nrf_drv_gpiote.o
 .bss           0x00000000        0x0 _build/nrf_drv_gpiote.o
 .text.nrf_drv_gpiote_init
                0x00000000       0x50 _build/nrf_drv_gpiote.o
 .text.nrf_drv_gpiote_is_init
                0x00000000       0x10 _build/nrf_drv_gpiote.o
 .text.nrf_drv_gpiote_uninit
                0x00000000      0x104 _build/nrf_drv_gpiote.o
 .text.nrf_drv_gpiote_out_init
                0x00000000       0xcc _build/nrf_drv_gpiote.o
 .text.nrf_drv_gpiote_out_uninit
                0x00000000       0x30 _build/nrf_drv_gpiote.o
 .text.nrf_drv_gpiote_out_set
                0x00000000       0x14 _build/nrf_drv_gpiote.o
 .text.nrf_drv_gpiote_out_clear
                0x00000000       0x14 _build/nrf_drv_gpiote.o
 .text.nrf_drv_gpiote_out_toggle
                0x00000000       0x2c _build/nrf_drv_gpiote.o
 .text.nrf_drv_gpiote_out_task_enable
                0x00000000       0x3c _build/nrf_drv_gpiote.o
 .text.nrf_drv_gpiote_out_task_disable
                0x00000000       0x24 _build/nrf_drv_gpiote.o
 .text.nrf_drv_gpiote_out_task_addr_get
                0x00000000       0x18 _build/nrf_drv_gpiote.o
 .text.nrf_drv_gpiote_out_task_force
                0x00000000       0x38 _build/nrf_drv_gpiote.o
 .text.nrf_drv_gpiote_out_task_trigger
                0x00000000       0x1c _build/nrf_drv_gpiote.o
 .text.nrf_drv_gpiote_in_init
                0x00000000      0x150 _build/nrf_drv_gpiote.o
 .text.nrf_drv_gpiote_in_event_enable
                0x00000000       0x94 _build/nrf_drv_gpiote.o
 .text.nrf_drv_gpiote_in_event_disable
                0x00000000       0x50 _build/nrf_drv_gpiote.o
 .text.nrf_drv_gpiote_in_uninit
                0x00000000       0x98 _build/nrf_drv_gpiote.o
 .text.nrf_drv_gpiote_in_is_set
                0x00000000       0x14 _build/nrf_drv_gpiote.o
 .text.nrf_drv_gpiote_in_event_addr_get
                0x00000000       0x1c _build/nrf_drv_gpiote.o
 .text          0x00000000        0x0 _build/pstorage.o
 .data          0x00000000        0x0 _build/pstorage.o
 .bss           0x00000000        0x0 _build/pstorage.o
 .text          0x00000000        0x0 _build/client_handling.o
 .data          0x00000000        0x0 _build/client_handling.o
 .bss           0x00000000        0x0 _build/client_handling.o
 .text.client_handling_count
                0x00000000        0xc _build/client_handling.o
 .text          0x00000000        0x0 _build/main.o
 .data          0x00000000        0x0 _build/main.o
 .bss           0x00000000        0x0 _build/main.o
 .text          0x00000000        0x0 _build/ble_advdata.o
 .data          0x00000000        0x0 _build/ble_advdata.o
 .bss           0x00000000        0x0 _build/ble_advdata.o
 .text.sd_ble_gap_adv_data_set
                0x00000000        0x4 _build/ble_advdata.o
 .text.sd_ble_gap_appearance_get
                0x00000000        0x4 _build/ble_advdata.o
 .text.sd_ble_gap_device_name_get
                0x00000000        0x4 _build/ble_advdata.o
 .text.sd_ble_uuid_encode
                0x00000000        0x4 _build/ble_advdata.o
 .text.uuid_list_sized_encode
                0x00000000       0xcc _build/ble_advdata.o
 .text.ble_advdata_set
                0x00000000      0x6ec _build/ble_advdata.o
 .comment       0x00000000       0x71 _build/ble_advdata.o
 .ARM.attributes
                0x00000000       0x31 _build/ble_advdata.o
 .text          0x00000000        0x0 _build/ble_db_discovery.o
 .data          0x00000000        0x0 _build/ble_db_discovery.o
 .bss           0x00000000        0x0 _build/ble_db_discovery.o
 .text.ble_db_discovery_close
                0x00000000       0x28 _build/ble_db_discovery.o
 .text          0x00000000        0x0 _build/ble_srv_common.o
 .data          0x00000000        0x0 _build/ble_srv_common.o
 .bss           0x00000000        0x0 _build/ble_srv_common.o
 .text.ble_srv_report_ref_encode
                0x00000000        0xc _build/ble_srv_common.o
 .text.ble_srv_ascii_to_utf8
                0x00000000       0x14 _build/ble_srv_common.o
 .comment       0x00000000       0x71 _build/ble_srv_common.o
 .ARM.attributes
                0x00000000       0x31 _build/ble_srv_common.o
 .text          0x00000000        0x0 _build/device_manager_central.o
 .data          0x00000000        0x0 _build/device_manager_central.o
 .bss           0x00000000        0x0 _build/device_manager_central.o
 .text.dm_security_status_req
                0x00000000       0x7c _build/device_manager_central.o
 .text.dm_whitelist_create
                0x00000000      0x160 _build/device_manager_central.o
 .text.dm_device_add
                0x00000000        0x8 _build/device_manager_central.o
 .text.dm_device_delete
                0x00000000       0xc4 _build/device_manager_central.o
 .text.dm_device_delete_all
                0x00000000       0xb0 _build/device_manager_central.o
 .text.dm_service_context_set
                0x00000000       0xc8 _build/device_manager_central.o
 .text.dm_service_context_get
                0x00000000       0xd0 _build/device_manager_central.o
 .text.dm_service_context_delete
                0x00000000       0x5c _build/device_manager_central.o
 .text.dm_application_context_set
                0x00000000        0x8 _build/device_manager_central.o
 .text.dm_application_context_get
                0x00000000        0x8 _build/device_manager_central.o
 .text.dm_application_context_delete
                0x00000000        0x8 _build/device_manager_central.o
 .text.dm_application_instance_set
                0x00000000       0x3c _build/device_manager_central.o
 .text.dm_handle_initialize
                0x00000000       0x1c _build/device_manager_central.o
 .text.dm_peer_addr_set
                0x00000000       0xb4 _build/device_manager_central.o
 .text.dm_peer_addr_get
                0x00000000       0x84 _build/device_manager_central.o
 .text.dm_distributed_keys_get
                0x00000000       0xc4 _build/device_manager_central.o
 .bss.m_local_id_info
                0x00000000       0x18 _build/device_manager_central.o
 .rodata.m_context_init_len
                0x00000000        0x4 _build/device_manager_central.o
 .text          0x00000000        0x0 _build/system_nrf51.o
 .data          0x00000000        0x0 _build/system_nrf51.o
 .bss           0x00000000        0x0 _build/system_nrf51.o
 .text.SystemCoreClockUpdate
                0x00000000       0x10 _build/system_nrf51.o
 .data.SystemCoreClock
                0x00000000        0x4 _build/system_nrf51.o
 .text          0x00000000        0x0 _build/softdevice_handler.o
 .data          0x00000000        0x0 _build/softdevice_handler.o
 .bss           0x00000000        0x0 _build/softdevice_handler.o
 .text.sd_softdevice_disable
                0x00000000        0x4 _build/softdevice_handler.o
 .text.softdevice_handler_sd_disable
                0x00000000       0x18 _build/softdevice_handler.o
 .data          0x00000000        0x0 _build/gcc_startup_nrf51.o
 .bss           0x00000000        0x0 _build/gcc_startup_nrf51.o
 .ARM.extab     0x00000000        0x0 _build/gcc_startup_nrf51.o
 .data          0x00000000        0x0 /usr/local/gcc-arm-none-eabi-4_8-2014q1/bin/../lib/gcc/arm-none-eabi/4.8.3/armv6-m/libgcc.a(_udivsi3.o)
 .bss           0x00000000        0x0 /usr/local/gcc-arm-none-eabi-4_8-2014q1/bin/../lib/gcc/arm-none-eabi/4.8.3/armv6-m/libgcc.a(_udivsi3.o)
 .data          0x00000000        0x0 /usr/local/gcc-arm-none-eabi-4_8-2014q1/bin/../lib/gcc/arm-none-eabi/4.8.3/armv6-m/libgcc.a(_dvmd_tls.o)
 .bss           0x00000000        0x0 /usr/local/gcc-arm-none-eabi-4_8-2014q1/bin/../lib/gcc/arm-none-eabi/4.8.3/armv6-m/libgcc.a(_dvmd_tls.o)
 .text          0x00000000        0x0 /usr/local/gcc-arm-none-eabi-4_8-2014q1/bin/../lib/gcc/arm-none-eabi/4.8.3/../../../../arm-none-eabi/lib/armv6-m/libc_s.a(lib_a-memcmp.o)
 .data          0x00000000        0x0 /usr/local/gcc-arm-none-eabi-4_8-2014q1/bin/../lib/gcc/arm-none-eabi/4.8.3/../../../../arm-none-eabi/lib/armv6-m/libc_s.a(lib_a-memcmp.o)
 .bss           0x00000000        0x0 /usr/local/gcc-arm-none-eabi-4_8-2014q1/bin/../lib/gcc/arm-none-eabi/4.8.3/../../../../arm-none-eabi/lib/armv6-m/libc_s.a(lib_a-memcmp.o)
 .text          0x00000000        0x0 /usr/local/gcc-arm-none-eabi-4_8-2014q1/bin/../lib/gcc/arm-none-eabi/4.8.3/../../../../arm-none-eabi/lib/armv6-m/libc_s.a(lib_a-memcpy-stub.o)
 .data          0x00000000        0x0 /usr/local/gcc-arm-none-eabi-4_8-2014q1/bin/../lib/gcc/arm-none-eabi/4.8.3/../../../../arm-none-eabi/lib/armv6-m/libc_s.a(lib_a-memcpy-stub.o)
 .bss           0x00000000        0x0 /usr/local/gcc-arm-none-eabi-4_8-2014q1/bin/../lib/gcc/arm-none-eabi/4.8.3/../../../../arm-none-eabi/lib/armv6-m/libc_s.a(lib_a-memcpy-stub.o)
 .text          0x00000000        0x0 /usr/local/gcc-arm-none-eabi-4_8-2014q1/bin/../lib/gcc/arm-none-eabi/4.8.3/../../../../arm-none-eabi/lib/armv6-m/libc_s.a(lib_a-strlen.o)
 .data          0x00000000        0x0 /usr/local/gcc-arm-none-eabi-4_8-2014q1/bin/../lib/gcc/arm-none-eabi/4.8.3/../../../../arm-none-eabi/lib/armv6-m/libc_s.a(lib_a-strlen.o)
 .bss           0x00000000        0x0 /usr/local/gcc-arm-none-eabi-4_8-2014q1/bin/../lib/gcc/arm-none-eabi/4.8.3/../../../../arm-none-eabi/lib/armv6-m/libc_s.a(lib_a-strlen.o)
 .text.strlen   0x00000000        0xe /usr/local/gcc-arm-none-eabi-4_8-2014q1/bin/../lib/gcc/arm-none-eabi/4.8.3/../../../../arm-none-eabi/lib/armv6-m/libc_s.a(lib_a-strlen.o)
 .ARM.attributes
                0x00000000       0x2c /usr/local/gcc-arm-none-eabi-4_8-2014q1/bin/../lib/gcc/arm-none-eabi/4.8.3/../../../../arm-none-eabi/lib/armv6-m/libc_s.a(lib_a-strlen.o)
 .debug_frame   0x00000000       0x20 /usr/local/gcc-arm-none-eabi-4_8-2014q1/bin/../lib/gcc/arm-none-eabi/4.8.3/../../../../arm-none-eabi/lib/armv6-m/libc_s.a(lib_a-strlen.o)
 .text          0x00000000        0x0 /usr/local/gcc-arm-none-eabi-4_8-2014q1/bin/../lib/gcc/arm-none-eabi/4.8.3/armv6-m/crtend.o
 .data          0x00000000        0x0 /usr/local/gcc-arm-none-eabi-4_8-2014q1/bin/../lib/gcc/arm-none-eabi/4.8.3/armv6-m/crtend.o
 .bss           0x00000000        0x0 /usr/local/gcc-arm-none-eabi-4_8-2014q1/bin/../lib/gcc/arm-none-eabi/4.8.3/armv6-m/crtend.o
 .eh_frame      0x00000000        0x4 /usr/local/gcc-arm-none-eabi-4_8-2014q1/bin/../lib/gcc/arm-none-eabi/4.8.3/armv6-m/crtend.o
 .jcr           0x00000000        0x4 /usr/local/gcc-arm-none-eabi-4_8-2014q1/bin/../lib/gcc/arm-none-eabi/4.8.3/armv6-m/crtend.o
 .ARM.attributes
                0x00000000       0x2c /usr/local/gcc-arm-none-eabi-4_8-2014q1/bin/../lib/gcc/arm-none-eabi/4.8.3/armv6-m/crtend.o
 .text          0x00000000        0x0 /usr/local/gcc-arm-none-eabi-4_8-2014q1/bin/../lib/gcc/arm-none-eabi/4.8.3/armv6-m/crtn.o
 .data          0x00000000        0x0 /usr/local/gcc-arm-none-eabi-4_8-2014q1/bin/../lib/gcc/arm-none-eabi/4.8.3/armv6-m/crtn.o
 .bss           0x00000000        0x0 /usr/local/gcc-arm-none-eabi-4_8-2014q1/bin/../lib/gcc/arm-none-eabi/4.8.3/armv6-m/crtn.o

Memory Configuration

Name             Origin             Length             Attributes
FLASH            0x0001d000         0x00023000         xr
RAM              0x20002800         0x00001800         xrw
*default*        0x00000000         0xffffffff

Linker script and memory map

LOAD /usr/local/gcc-arm-none-eabi-4_8-2014q1/bin/../lib/gcc/arm-none-eabi/4.8.3/armv6-m/crti.o
LOAD /usr/local/gcc-arm-none-eabi-4_8-2014q1/bin/../lib/gcc/arm-none-eabi/4.8.3/armv6-m/crtbegin.o
LOAD /usr/local/gcc-arm-none-eabi-4_8-2014q1/bin/../lib/gcc/arm-none-eabi/4.8.3/../../../../arm-none-eabi/lib/armv6-m/crt0.o
LOAD /usr/local/gcc-arm-none-eabi-4_8-2014q1/bin/../lib/gcc/arm-none-eabi/4.8.3/../../../../arm-none-eabi/lib/armv6-m/libc_s.a
LOAD /usr/local/gcc-arm-none-eabi-4_8-2014q1/bin/../lib/gcc/arm-none-eabi/4.8.3/../../../../arm-none-eabi/lib/armv6-m/libnosys.a
LOAD _build/app_error.o
LOAD _build/app_fifo.o
LOAD _build/app_trace.o
LOAD _build/nrf_assert.o
LOAD _build/retarget.o
LOAD _build/app_uart_fifo.o
LOAD _build/nrf_drv_common.o
LOAD _build/nrf_drv_gpiote.o
LOAD _build/pstorage.o
LOAD _build/client_handling.o
LOAD _build/main.o
LOAD _build/ble_advdata.o
LOAD _build/ble_db_discovery.o
LOAD _build/ble_srv_common.o
LOAD _build/device_manager_central.o
LOAD _build/system_nrf51.o
LOAD _build/softdevice_handler.o
LOAD _build/gcc_startup_nrf51.o
START GROUP
LOAD /usr/local/gcc-arm-none-eabi-4_8-2014q1/bin/../lib/gcc/arm-none-eabi/4.8.3/armv6-m/libgcc.a
LOAD /usr/local/gcc-arm-none-eabi-4_8-2014q1/bin/../lib/gcc/arm-none-eabi/4.8.3/../../../../arm-none-eabi/lib/armv6-m/libc_s.a
END GROUP
START GROUP
LOAD /usr/local/gcc-arm-none-eabi-4_8-2014q1/bin/../lib/gcc/arm-none-eabi/4.8.3/armv6-m/libgcc.a
LOAD /usr/local/gcc-arm-none-eabi-4_8-2014q1/bin/../lib/gcc/arm-none-eabi/4.8.3/../../../../arm-none-eabi/lib/armv6-m/libc_s.a
END GROUP
LOAD /usr/local/gcc-arm-none-eabi-4_8-2014q1/bin/../lib/gcc/arm-none-eabi/4.8.3/armv6-m/crtend.o
LOAD /usr/local/gcc-arm-none-eabi-4_8-2014q1/bin/../lib/gcc/arm-none-eabi/4.8.3/armv6-m/crtn.o
START GROUP
LOAD /usr/local/gcc-arm-none-eabi-4_8-2014q1/bin/../lib/gcc/arm-none-eabi/4.8.3/armv6-m/libgcc.a
LOAD /usr/local/gcc-arm-none-eabi-4_8-2014q1/bin/../lib/gcc/arm-none-eabi/4.8.3/../../../../arm-none-eabi/lib/armv6-m/libc.a
LOAD /usr/local/gcc-arm-none-eabi-4_8-2014q1/bin/../lib/gcc/arm-none-eabi/4.8.3/../../../../arm-none-eabi/lib/armv6-m/libnosys.a
END GROUP

.text           0x0001d000     0x3498
 *(.Vectors)
 .Vectors       0x0001d000       0xc0 _build/gcc_startup_nrf51.o
                0x0001d000                __Vectors
 *(.text*)
 .text          0x0001d0c0       0x78 /usr/local/gcc-arm-none-eabi-4_8-2014q1/bin/../lib/gcc/arm-none-eabi/4.8.3/../../../../arm-none-eabi/lib/armv6-m/crt0.o
                0x0001d0c0                _mainCRTStartup
                0x0001d0c0                _start
 .text.exit     0x0001d138       0x2c /usr/local/gcc-arm-none-eabi-4_8-2014q1/bin/../lib/gcc/arm-none-eabi/4.8.3/../../../../arm-none-eabi/lib/armv6-m/libc_s.a(lib_a-exit.o)
                0x0001d138                exit
 .text.__libc_init_array
                0x0001d164       0x4c /usr/local/gcc-arm-none-eabi-4_8-2014q1/bin/../lib/gcc/arm-none-eabi/4.8.3/../../../../arm-none-eabi/lib/armv6-m/libc_s.a(lib_a-init.o)
                0x0001d164                __libc_init_array
 .text.memset   0x0001d1b0       0x10 /usr/local/gcc-arm-none-eabi-4_8-2014q1/bin/../lib/gcc/arm-none-eabi/4.8.3/../../../../arm-none-eabi/lib/armv6-m/libc_s.a(lib_a-memset.o)
                0x0001d1b0                memset
 .text._exit    0x0001d1c0        0x4 /usr/local/gcc-arm-none-eabi-4_8-2014q1/bin/../lib/gcc/arm-none-eabi/4.8.3/../../../../arm-none-eabi/lib/armv6-m/libnosys.a(_exit.o)
                0x0001d1c0                _exit
 .text.app_error_handler
                0x0001d1c4       0x18 _build/app_error.o
                0x0001d1c4                app_error_handler
 .text.app_fifo_put
                0x0001d1dc       0x28 _build/app_fifo.o
                0x0001d1dc                app_fifo_put
 .text.app_fifo_get
                0x0001d204       0x24 _build/app_fifo.o
                0x0001d204                app_fifo_get
 .text.on_tx_ready
                0x0001d228       0x98 _build/app_uart_fifo.o
 .text.UART0_IRQHandler
                0x0001d2c0       0xa0 _build/app_uart_fifo.o
                0x0001d2c0                UART0_IRQHandler
 .text.GPIOTE_IRQHandler
                0x0001d360      0x1ec _build/nrf_drv_gpiote.o
                0x0001d360                GPIOTE_IRQHandler
 .text.sd_flash_write
                0x0001d54c        0x4 _build/pstorage.o
 .text.sd_flash_page_erase
                0x0001d550        0x4 _build/pstorage.o
 .text.swap_state_process
                0x0001d554      0x1d4 _build/pstorage.o
 .text.cmd_process
                0x0001d728       0xf4 _build/pstorage.o
 .text.cmd_queue_enqueue
                0x0001d81c       0x60 _build/pstorage.o
 .text.pstorage_sys_event_handler
                0x0001d87c      0x1ac _build/pstorage.o
                0x0001d87c                pstorage_sys_event_handler
 .text.pstorage_init
                0x0001da28       0xf4 _build/pstorage.o
                0x0001da28                pstorage_init
 .text.pstorage_register
                0x0001db1c      0x138 _build/pstorage.o
                0x0001db1c                pstorage_register
 .text.pstorage_block_identifier_get
                0x0001dc54       0x50 _build/pstorage.o
                0x0001dc54                pstorage_block_identifier_get
 .text.pstorage_store
                0x0001dca4       0x88 _build/pstorage.o
                0x0001dca4                pstorage_store
 .text.pstorage_update
                0x0001dd2c       0x88 _build/pstorage.o
                0x0001dd2c                pstorage_update
 .text.pstorage_load
                0x0001ddb4       0xac _build/pstorage.o
                0x0001ddb4                pstorage_load
 .text.pstorage_clear
                0x0001de60       0x68 _build/pstorage.o
                0x0001de60                pstorage_clear
 .text.pstorage_access_status_get
                0x0001dec8       0x28 _build/pstorage.o
                0x0001dec8                pstorage_access_status_get
 .text.sd_ble_gattc_write
                0x0001def0        0x4 _build/client_handling.o
 .text.sd_ble_uuid_vs_add
                0x0001def4        0x4 _build/client_handling.o
 .text.db_discovery_evt_handler
                0x0001def8      0x108 _build/client_handling.o
 .text.client_handling_dm_event_handler
                0x0001e000       0x64 _build/client_handling.o
                0x0001e000                client_handling_dm_event_handler
 .text.client_handling_ble_evt_handler
                0x0001e064      0x1a4 _build/client_handling.o
                0x0001e064                client_handling_ble_evt_handler
 .text.client_handling_init
                0x0001e208       0xb0 _build/client_handling.o
                0x0001e208                client_handling_init
 .text.client_handling_create
                0x0001e2b8       0x60 _build/client_handling.o
                0x0001e2b8                client_handling_create
 .text.client_handling_destroy
                0x0001e318       0x6c _build/client_handling.o
                0x0001e318                client_handling_destroy
 .text.sd_app_evt_wait
                0x0001e384        0x4 _build/main.o
 .text.sd_ble_gap_scan_start
                0x0001e388        0x4 _build/main.o
 .text.sd_ble_gap_scan_stop
                0x0001e38c        0x4 _build/main.o
 .text.sd_ble_gap_connect
                0x0001e390        0x4 _build/main.o
 .text.sd_ble_enable
                0x0001e394        0x4 _build/main.o
 .text.ble_evt_dispatch
                0x0001e398       0x9c _build/main.o
 .text.sys_evt_dispatch
                0x0001e434       0x5c _build/main.o
 .text.device_manager_event_handler
                0x0001e490      0x11c _build/main.o
 .text.assert_nrf_callback
                0x0001e5ac       0x14 _build/main.o
                0x0001e5ac                assert_nrf_callback
 .text.startup.main
                0x0001e5c0      0x194 _build/main.o
                0x0001e5c0                main
 .text.sd_ble_gattc_primary_services_discover
                0x0001e754        0x4 _build/ble_db_discovery.o
 .text.sd_ble_gattc_characteristics_discover
                0x0001e758        0x4 _build/ble_db_discovery.o
 .text.sd_ble_gattc_descriptors_discover
                0x0001e75c        0x4 _build/ble_db_discovery.o
 .text.discovery_complete_evt_trigger
                0x0001e760       0xfc _build/ble_db_discovery.o
 .text.descriptors_discover
                0x0001e85c       0xb0 _build/ble_db_discovery.o
 .text.on_srv_disc_completion
                0x0001e90c      0x120 _build/ble_db_discovery.o
 .text.ble_db_discovery_init
                0x0001ea2c       0x28 _build/ble_db_discovery.o
                0x0001ea2c                ble_db_discovery_init
 .text.ble_db_discovery_evt_register
                0x0001ea54       0x54 _build/ble_db_discovery.o
                0x0001ea54                ble_db_discovery_evt_register
 .text.ble_db_discovery_start
                0x0001eaa8       0x70 _build/ble_db_discovery.o
                0x0001eaa8                ble_db_discovery_start
 .text.ble_db_discovery_on_ble_evt
                0x0001eb18      0x59c _build/ble_db_discovery.o
                0x0001eb18                ble_db_discovery_on_ble_evt
 .text.sd_ble_gap_authenticate
                0x0001f0b4        0x4 _build/device_manager_central.o
 .text.sd_ble_gap_sec_params_reply
                0x0001f0b8        0x4 _build/device_manager_central.o
 .text.sd_ble_gap_encrypt
                0x0001f0bc        0x4 _build/device_manager_central.o
 .text.sd_ble_gatts_sys_attr_set
                0x0001f0c0        0x4 _build/device_manager_central.o
 .text.sd_ble_gatts_sys_attr_get
                0x0001f0c4        0x4 _build/device_manager_central.o
 .text.storage_operation_dummy_handler
                0x0001f0c8        0x4 _build/device_manager_central.o
 .text.no_service_context_store
                0x0001f0cc        0x4 _build/device_manager_central.o
 .text.gattc_context_store
                0x0001f0d0        0x4 _build/device_manager_central.o
 .text.no_service_context_load
                0x0001f0d4        0x4 _build/device_manager_central.o
 .text.gattc_context_load
                0x0001f0d8        0x4 _build/device_manager_central.o
 .text.no_service_context_apply
                0x0001f0dc        0x4 _build/device_manager_central.o
 .text.gatts_context_apply
                0x0001f0e0       0x58 _build/device_manager_central.o
 .text.gattc_context_apply
                0x0001f138        0x4 _build/device_manager_central.o
 .text.gatts_context_store
                0x0001f13c       0xbc _build/device_manager_central.o
 .text.gatts_context_load
                0x0001f1f8       0x38 _build/device_manager_central.o
 .text.dm_pstorage_cb_handler
                0x0001f230      0x160 _build/device_manager_central.o
 .text.gattsc_context_load
                0x0001f390       0x38 _build/device_manager_central.o
 .text.gattsc_context_apply
                0x0001f3c8       0x58 _build/device_manager_central.o
 .text.gattsc_context_store
                0x0001f420       0xbc _build/device_manager_central.o
 .text.initiate_security_request
                0x0001f4dc       0x68 _build/device_manager_central.o
                0x0001f4dc                initiate_security_request
 .text.dm_init  0x0001f544      0x134 _build/device_manager_central.o
                0x0001f544                dm_init
 .text.dm_register
                0x0001f678       0x5c _build/device_manager_central.o
                0x0001f678                dm_register
 .text.dm_security_setup_req
                0x0001f6d4      0x16c _build/device_manager_central.o
                0x0001f6d4                dm_security_setup_req
 .text.dm_ble_evt_handler
                0x0001f840      0x798 _build/device_manager_central.o
                0x0001f840                dm_ble_evt_handler
 .text.SystemInit
                0x0001ffd8       0x8c _build/system_nrf51.o
                0x0001ffd8                SystemInit
 .text.sd_nvic_EnableIRQ
                0x00020064        0x4 _build/softdevice_handler.o
 .text.sd_evt_get
                0x00020068        0x4 _build/softdevice_handler.o
 .text.sd_softdevice_enable
                0x0002006c        0x4 _build/softdevice_handler.o
 .text.sd_ble_evt_get
                0x00020070        0x4 _build/softdevice_handler.o
 .text.softdevice_assertion_handler
                0x00020074        0xc _build/softdevice_handler.o
                0x00020074                softdevice_assertion_handler
 .text.intern_softdevice_events_execute
                0x00020080       0xd0 _build/softdevice_handler.o
                0x00020080                intern_softdevice_events_execute
 .text.softdevice_handler_init
                0x00020150       0x4c _build/softdevice_handler.o
                0x00020150                softdevice_handler_init
 .text.softdevice_ble_evt_handler_set
                0x0002019c       0x14 _build/softdevice_handler.o
                0x0002019c                softdevice_ble_evt_handler_set
 .text.softdevice_sys_evt_handler_set
                0x000201b0       0x14 _build/softdevice_handler.o
                0x000201b0                softdevice_sys_evt_handler_set
 .text.SWI2_IRQHandler
                0x000201c4       0x28 _build/softdevice_handler.o
                0x000201c4                SWI2_IRQHandler
 .text          0x000201ec       0x54 _build/gcc_startup_nrf51.o
                0x000201ec                Reset_Handler
                0x00020234                NMI_Handler
                0x00020236                HardFault_Handler
                0x00020238                SVC_Handler
                0x0002023a                PendSV_Handler
                0x0002023c                SysTick_Handler
                0x0002023e                TIMER2_IRQHandler
                0x0002023e                SPI0_TWI0_IRQHandler
                0x0002023e                RTC0_IRQHandler
                0x0002023e                POWER_CLOCK_IRQHandler
                0x0002023e                RADIO_IRQHandler
                0x0002023e                LPCOMP_IRQHandler
                0x0002023e                SWI4_IRQHandler
                0x0002023e                TEMP_IRQHandler
                0x0002023e                QDEC_IRQHandler
                0x0002023e                SWI5_IRQHandler
                0x0002023e                TIMER0_IRQHandler
                0x0002023e                SWI0_IRQHandler
                0x0002023e                TIMER1_IRQHandler
                0x0002023e                ECB_IRQHandler
                0x0002023e                Default_Handler
                0x0002023e                ADC_IRQHandler
                0x0002023e                SWI3_IRQHandler
                0x0002023e                CCM_AAR_IRQHandler
                0x0002023e                WDT_IRQHandler
                0x0002023e                RNG_IRQHandler
                0x0002023e                SPI1_TWI1_IRQHandler
                0x0002023e                RTC1_IRQHandler
                0x0002023e                SWI1_IRQHandler
 .text          0x00020240       0x9c /usr/local/gcc-arm-none-eabi-4_8-2014q1/bin/../lib/gcc/arm-none-eabi/4.8.3/armv6-m/libgcc.a(_udivsi3.o)
                0x00020240                __udivsi3
                0x00020240                __aeabi_uidiv
                0x000202c8                __aeabi_uidivmod
 .text          0x000202dc        0x4 /usr/local/gcc-arm-none-eabi-4_8-2014q1/bin/../lib/gcc/arm-none-eabi/4.8.3/armv6-m/libgcc.a(_dvmd_tls.o)
                0x000202dc                __aeabi_ldiv0
                0x000202dc                __aeabi_idiv0
 .text.memcmp   0x000202e0       0x1e /usr/local/gcc-arm-none-eabi-4_8-2014q1/bin/../lib/gcc/arm-none-eabi/4.8.3/../../../../arm-none-eabi/lib/armv6-m/libc_s.a(lib_a-memcmp.o)
                0x000202e0                memcmp
 .text.memcpy   0x000202fe       0x12 /usr/local/gcc-arm-none-eabi-4_8-2014q1/bin/../lib/gcc/arm-none-eabi/4.8.3/../../../../arm-none-eabi/lib/armv6-m/libc_s.a(lib_a-memcpy-stub.o)
                0x000202fe                memcpy
 *(.init)
 .init          0x00020310        0x4 /usr/local/gcc-arm-none-eabi-4_8-2014q1/bin/../lib/gcc/arm-none-eabi/4.8.3/armv6-m/crti.o
                0x00020310                _init
 .init          0x00020314        0x8 /usr/local/gcc-arm-none-eabi-4_8-2014q1/bin/../lib/gcc/arm-none-eabi/4.8.3/armv6-m/crtn.o
 *(.fini)
 .fini          0x0002031c        0x4 /usr/local/gcc-arm-none-eabi-4_8-2014q1/bin/../lib/gcc/arm-none-eabi/4.8.3/armv6-m/crti.o
                0x0002031c                _fini
 .fini          0x00020320        0x8 /usr/local/gcc-arm-none-eabi-4_8-2014q1/bin/../lib/gcc/arm-none-eabi/4.8.3/armv6-m/crtn.o
 *crtbegin.o(.ctors)
 *crtbegin?.o(.ctors)
 *(EXCLUDE_FILE(*crtend.o *crtend?.o) .ctors)
 *(SORT(.ctors.*))
 *(.ctors)
 *crtbegin.o(.dtors)
 *crtbegin?.o(.dtors)
 *(EXCLUDE_FILE(*crtend.o *crtend?.o) .dtors)
 *(SORT(.dtors.*))
 *(.dtors)
 *(.rodata*)
 .rodata.str1.1
                0x00020328        0x2 /usr/local/gcc-arm-none-eabi-4_8-2014q1/bin/../lib/gcc/arm-none-eabi/4.8.3/../../../../arm-none-eabi/lib/armv6-m/libc_s.a(lib_a-impure.o)
 *fill*         0x0002032a        0x2 
 .rodata._global_impure_ptr
                0x0002032c        0x4 /usr/local/gcc-arm-none-eabi-4_8-2014q1/bin/../lib/gcc/arm-none-eabi/4.8.3/../../../../arm-none-eabi/lib/armv6-m/libc_s.a(lib_a-impure.o)
                0x0002032c                _global_impure_ptr
 .rodata.swap_state_process
                0x00020330       0x1c _build/pstorage.o
 .rodata        0x0002034c       0x1c _build/client_handling.o
 .rodata.device_manager_event_handler
                0x00020368       0x4c _build/main.o
 .rodata.m_connection_param
                0x000203b4        0x8 _build/main.o
 .rodata.str1.4
                0x000203bc        0xc _build/main.o
 .rodata.m_scan_param
                0x000203c8       0x10 _build/main.o
 .rodata.ble_db_discovery_on_ble_evt
                0x000203d8       0x90 _build/ble_db_discovery.o
 .rodata.m_service_context_apply
                0x00020468       0x10 _build/device_manager_central.o
                0x00020468                m_service_context_apply
 .rodata.m_service_context_store
                0x00020478       0x10 _build/device_manager_central.o
                0x00020478                m_service_context_store
 .rodata.m_service_context_load
                0x00020488       0x10 _build/device_manager_central.o
                0x00020488                m_service_context_load
 *(.eh_frame*)
                0x00020498                . = ALIGN (0x4)

.glue_7         0x00020498        0x0
 .glue_7        0x00000000        0x0 linker stubs

.glue_7t        0x00020498        0x0
 .glue_7t       0x00000000        0x0 linker stubs

.vfp11_veneer   0x00020498        0x0
 .vfp11_veneer  0x00000000        0x0 linker stubs

.v4_bx          0x00020498        0x0
 .v4_bx         0x00000000        0x0 linker stubs

.iplt           0x00020498        0x0
 .iplt          0x00000000        0x0 /usr/local/gcc-arm-none-eabi-4_8-2014q1/bin/../lib/gcc/arm-none-eabi/4.8.3/armv6-m/crtbegin.o

.ARM.extab      0x00020498        0x0
 *(.ARM.extab* .gnu.linkonce.armextab.*)
                0x00020498                . = ALIGN (0x4)
                0x00020498                __exidx_start = .

.ARM.exidx      0x00020498        0x8
 *(.ARM.exidx* .gnu.linkonce.armexidx.*)
 .ARM.exidx     0x00020498        0x8 /usr/local/gcc-arm-none-eabi-4_8-2014q1/bin/../lib/gcc/arm-none-eabi/4.8.3/../../../../arm-none-eabi/lib/armv6-m/crt0.o
 .ARM.exidx     0x000204a0        0x0 _build/gcc_startup_nrf51.o
                                  0x8 (size before relaxing)
                0x000204a0                . = ALIGN (0x4)
                0x000204a0                __exidx_end = .
                0x000204a0                __etext = .

.rel.dyn        0x000204a0        0x0
 .rel.iplt      0x00000000        0x0 /usr/local/gcc-arm-none-eabi-4_8-2014q1/bin/../lib/gcc/arm-none-eabi/4.8.3/armv6-m/crtbegin.o

.data           0x20002800       0x60 load address 0x000204a0
                0x20002800                __data_start__ = .
 *(vtable)
 *(.data*)
 .data.impure_data
                0x20002800       0x60 /usr/local/gcc-arm-none-eabi-4_8-2014q1/bin/../lib/gcc/arm-none-eabi/4.8.3/../../../../arm-none-eabi/lib/armv6-m/libc_s.a(lib_a-impure.o)
                0x20002860                . = ALIGN (0x4)
                0x20002860                PROVIDE (__preinit_array_start, .)
 *(.preinit_array)
                0x20002860                PROVIDE (__preinit_array_end, .)
                0x20002860                . = ALIGN (0x4)
                0x20002860                PROVIDE (__init_array_start, .)
 *(SORT(.init_array.*))
 *(.init_array)
                0x20002860                PROVIDE (__init_array_end, .)
                0x20002860                . = ALIGN (0x4)
                0x20002860                PROVIDE (__fini_array_start, .)
 *(SORT(.fini_array.*))
 *(.fini_array)
                0x20002860                PROVIDE (__fini_array_end, .)
 *(.jcr)
                0x20002860                . = ALIGN (0x4)
                0x20002860                __data_end__ = .

.igot.plt       0x20002860        0x0 load address 0x00020500
 .igot.plt      0x00000000        0x0 /usr/local/gcc-arm-none-eabi-4_8-2014q1/bin/../lib/gcc/arm-none-eabi/4.8.3/armv6-m/crtbegin.o

.bss            0x20002860      0x784 load address 0x00020500
                0x20002860                . = ALIGN (0x4)
                0x20002860                __bss_start__ = .
 *(.bss*)
 .bss.m_event_handler
                0x20002860        0x4 _build/app_uart_fifo.o
 .bss.m_tx_fifo
                0x20002864       0x10 _build/app_uart_fifo.o
 .bss.m_current_state
                0x20002874        0x1 _build/app_uart_fifo.o
 *fill*         0x20002875        0x3 
 .bss.m_rx_fifo
                0x20002878       0x10 _build/app_uart_fifo.o
 .bss.m_cb      0x20002888       0x3c _build/nrf_drv_gpiote.o
 .bss.m_cmd_queue
                0x200028c4       0x54 _build/pstorage.o
 .bss.m_app_table
                0x20002918       0x10 _build/pstorage.o
 .bss.m_next_app_instance
                0x20002928        0x2 _build/pstorage.o
 *fill*         0x2000292a        0x2 
 .bss.m_next_page_addr
                0x2000292c        0x4 _build/pstorage.o
 .bss.m_module_initialized
                0x20002930        0x1 _build/pstorage.o
 .bss.m_swap_state
                0x20002931        0x1 _build/pstorage.o
 .bss.m_round_val
                0x20002932        0x2 _build/pstorage.o
 .bss.m_base_uuid_type
                0x20002934        0x1 _build/client_handling.o
 .bss.m_client_count
                0x20002935        0x1 _build/client_handling.o
 *fill*         0x20002936        0x2 
 .bss.m_client  0x20002938      0x340 _build/client_handling.o
 .bss.BLE_EVT_BUFFER.7835
                0x20002c78       0x48 _build/main.o
 .bss.m_dm_app_id
                0x20002cc0        0x1 _build/main.o
 .bss.m_peer_count
                0x20002cc1        0x1 _build/main.o
 .bss.m_memory_access_in_progress
                0x20002cc2        0x1 _build/main.o
 *fill*         0x20002cc3        0x1 
 .bss.m_num_of_discoveries_made
                0x20002cc4        0x4 _build/ble_db_discovery.o
 .bss.m_pending_user_evts
                0x20002cc8       0x70 _build/ble_db_discovery.o
 .bss.m_pending_usr_evt_index
                0x20002d38        0x4 _build/ble_db_discovery.o
 .bss.m_registered_handlers
                0x20002d3c       0x10 _build/ble_db_discovery.o
 .bss.m_initialized
                0x20002d4c        0x1 _build/ble_db_discovery.o
 *fill*         0x20002d4d        0x3 
 .bss.m_num_of_handlers_reg
                0x20002d50        0x4 _build/ble_db_discovery.o
 .bss.m_module_initialized
                0x20002d54        0x1 _build/device_manager_central.o
 *fill*         0x20002d55        0x3 
 .bss.m_connection_table
                0x20002d58       0x60 _build/device_manager_central.o
 .bss.m_peer_table
                0x20002db8       0xc0 _build/device_manager_central.o
 .bss.m_storage_handle
                0x20002e78        0x8 _build/device_manager_central.o
 .bss.m_bond_table
                0x20002e80       0xe0 _build/device_manager_central.o
 .bss.m_gatts_table
                0x20002f60       0x60 _build/device_manager_central.o
 .bss.m_peer_addr_update
                0x20002fc0        0x4 _build/device_manager_central.o
 .bss.m_application_table
                0x20002fc4        0xc _build/device_manager_central.o
 .bss.m_softdevice_enabled
                0x20002fd0        0x1 _build/softdevice_handler.o
 *fill*         0x20002fd1        0x1 
 .bss.m_ble_evt_buffer_size
                0x20002fd2        0x2 _build/softdevice_handler.o
 .bss.mp_ble_evt_buffer
                0x20002fd4        0x4 _build/softdevice_handler.o
 .bss.m_sys_evt_handler
                0x20002fd8        0x4 _build/softdevice_handler.o
 .bss.m_ble_evt_handler
                0x20002fdc        0x4 _build/softdevice_handler.o
 .bss.m_evt_schedule_func
                0x20002fe0        0x4 _build/softdevice_handler.o
 *(COMMON)
                0x20002fe4                . = ALIGN (0x4)
                0x20002fe4                __bss_end__ = .

.heap           0x20002fe8        0x0
                0x20002fe8                __end__ = .
                0x20002fe8                end = __end__
 *(.heap*)
 .heap          0x20002fe8        0x0 _build/gcc_startup_nrf51.o
                0x20002fe8                __HeapLimit = .

.stack_dummy    0x20002fe8      0x800
 *(.stack*)
 .stack         0x20002fe8      0x800 _build/gcc_startup_nrf51.o
                0x20004000                __StackTop = (ORIGIN (RAM) + 0x1800)
                0x20003800                __StackLimit = (__StackTop - SIZEOF (.stack_dummy))
                0x20004000                PROVIDE (__stack, __StackTop)
                0x00000001                ASSERT ((__StackLimit >= __HeapLimit), region RAM overflowed with stack)
OUTPUT(_build/nrf51422_xxac_s120.out elf32-littlearm)

.ARM.attributes
                0x00000000       0x28
 .ARM.attributes
                0x00000000       0x1e /usr/local/gcc-arm-none-eabi-4_8-2014q1/bin/../lib/gcc/arm-none-eabi/4.8.3/armv6-m/crti.o
 .ARM.attributes
                0x0000001e       0x1b /usr/local/gcc-arm-none-eabi-4_8-2014q1/bin/../lib/gcc/arm-none-eabi/4.8.3/../../../../arm-none-eabi/lib/armv6-m/crt0.o
 .ARM.attributes
                0x00000039       0x2c /usr/local/gcc-arm-none-eabi-4_8-2014q1/bin/../lib/gcc/arm-none-eabi/4.8.3/../../../../arm-none-eabi/lib/armv6-m/libc_s.a(lib_a-exit.o)
 .ARM.attributes
                0x00000065       0x2c /usr/local/gcc-arm-none-eabi-4_8-2014q1/bin/../lib/gcc/arm-none-eabi/4.8.3/../../../../arm-none-eabi/lib/armv6-m/libc_s.a(lib_a-impure.o)
 .ARM.attributes
                0x00000091       0x2c /usr/local/gcc-arm-none-eabi-4_8-2014q1/bin/../lib/gcc/arm-none-eabi/4.8.3/../../../../arm-none-eabi/lib/armv6-m/libc_s.a(lib_a-init.o)
 .ARM.attributes
                0x000000bd       0x2c /usr/local/gcc-arm-none-eabi-4_8-2014q1/bin/../lib/gcc/arm-none-eabi/4.8.3/../../../../arm-none-eabi/lib/armv6-m/libc_s.a(lib_a-memset.o)
 .ARM.attributes
                0x000000e9       0x2c /usr/local/gcc-arm-none-eabi-4_8-2014q1/bin/../lib/gcc/arm-none-eabi/4.8.3/../../../../arm-none-eabi/lib/armv6-m/libnosys.a(_exit.o)
 .ARM.attributes
                0x00000115       0x31 _build/app_error.o
 .ARM.attributes
                0x00000146       0x31 _build/app_fifo.o
 .ARM.attributes
                0x00000177       0x31 _build/app_uart_fifo.o
 .ARM.attributes
                0x000001a8       0x31 _build/nrf_drv_gpiote.o
 .ARM.attributes
                0x000001d9       0x31 _build/pstorage.o
 .ARM.attributes
                0x0000020a       0x31 _build/client_handling.o
 .ARM.attributes
                0x0000023b       0x31 _build/main.o
 .ARM.attributes
                0x0000026c       0x31 _build/ble_db_discovery.o
 .ARM.attributes
                0x0000029d       0x31 _build/device_manager_central.o
 .ARM.attributes
                0x000002ce       0x31 _build/system_nrf51.o
 .ARM.attributes
                0x000002ff       0x31 _build/softdevice_handler.o
 .ARM.attributes
                0x00000330       0x1b _build/gcc_startup_nrf51.o
 .ARM.attributes
                0x0000034b       0x1e /usr/local/gcc-arm-none-eabi-4_8-2014q1/bin/../lib/gcc/arm-none-eabi/4.8.3/armv6-m/libgcc.a(_udivsi3.o)
 .ARM.attributes
                0x00000369       0x1e /usr/local/gcc-arm-none-eabi-4_8-2014q1/bin/../lib/gcc/arm-none-eabi/4.8.3/armv6-m/libgcc.a(_dvmd_tls.o)
 .ARM.attributes
                0x00000387       0x2c /usr/local/gcc-arm-none-eabi-4_8-2014q1/bin/../lib/gcc/arm-none-eabi/4.8.3/../../../../arm-none-eabi/lib/armv6-m/libc_s.a(lib_a-memcmp.o)
 .ARM.attributes
                0x000003b3       0x2c /usr/local/gcc-arm-none-eabi-4_8-2014q1/bin/../lib/gcc/arm-none-eabi/4.8.3/../../../../arm-none-eabi/lib/armv6-m/libc_s.a(lib_a-memcpy-stub.o)
 .ARM.attributes
                0x000003df       0x1e /usr/local/gcc-arm-none-eabi-4_8-2014q1/bin/../lib/gcc/arm-none-eabi/4.8.3/armv6-m/crtn.o

.comment        0x00000000       0x70
 .comment       0x00000000       0x70 _build/app_error.o
                                 0x71 (size before relaxing)
 .comment       0x00000000       0x71 _build/app_fifo.o
 .comment       0x00000000       0x71 _build/app_uart_fifo.o
 .comment       0x00000000       0x71 _build/nrf_drv_gpiote.o
 .comment       0x00000000       0x71 _build/pstorage.o
 .comment       0x00000000       0x71 _build/client_handling.o
 .comment       0x00000000       0x71 _build/main.o
 .comment       0x00000000       0x71 _build/ble_db_discovery.o
 .comment       0x00000000       0x71 _build/device_manager_central.o
 .comment       0x00000000       0x71 _build/system_nrf51.o
 .comment       0x00000000       0x71 _build/softdevice_handler.o

.debug_frame    0x00000000      0x108
 .debug_frame   0x00000000       0x28 /usr/local/gcc-arm-none-eabi-4_8-2014q1/bin/../lib/gcc/arm-none-eabi/4.8.3/../../../../arm-none-eabi/lib/armv6-m/libc_s.a(lib_a-exit.o)
 .debug_frame   0x00000028       0x2c /usr/local/gcc-arm-none-eabi-4_8-2014q1/bin/../lib/gcc/arm-none-eabi/4.8.3/../../../../arm-none-eabi/lib/armv6-m/libc_s.a(lib_a-init.o)
 .debug_frame   0x00000054       0x20 /usr/local/gcc-arm-none-eabi-4_8-2014q1/bin/../lib/gcc/arm-none-eabi/4.8.3/../../../../arm-none-eabi/lib/armv6-m/libc_s.a(lib_a-memset.o)
 .debug_frame   0x00000074       0x20 /usr/local/gcc-arm-none-eabi-4_8-2014q1/bin/../lib/gcc/arm-none-eabi/4.8.3/../../../../arm-none-eabi/lib/armv6-m/libnosys.a(_exit.o)
 .debug_frame   0x00000094       0x20 /usr/local/gcc-arm-none-eabi-4_8-2014q1/bin/../lib/gcc/arm-none-eabi/4.8.3/armv6-m/libgcc.a(_udivsi3.o)
 .debug_frame   0x000000b4       0x2c /usr/local/gcc-arm-none-eabi-4_8-2014q1/bin/../lib/gcc/arm-none-eabi/4.8.3/../../../../arm-none-eabi/lib/armv6-m/libc_s.a(lib_a-memcmp.o)
 .debug_frame   0x000000e0       0x28 /usr/local/gcc-arm-none-eabi-4_8-2014q1/bin/../lib/gcc/arm-none-eabi/4.8.3/../../../../arm-none-eabi/lib/armv6-m/libc_s.a(lib_a-memcpy-stub.o)
